;
; SkoolKit ref file for Chase H.Q. by Ocean.
;

[Page:Changelog]
SectionType=ListItems

[Changelog:20231013]
Virtually everything is now labelled
Most locations are mapped out
Most graphics are decoded
Map data format is mostly understood

[Changelog:20230518]
Lots of graphics decoded
Map data is understood better
Many functions have semi decent explanations

[Changelog:20230426]
First release

