;
; SkoolKit ref file for Chase H.Q. by Ocean.
;

[Config]
HtmlWriterClass=:ChaseHQ.ChaseHQHtmlWriter
GameDir=ChaseHQ

[Paths]
CodeFiles={address:04X}.html

[Game]
Game=Chase H.Q.
Release=The incomplete Chase H.Q. disassembly 20230518
Copyright=&copy; 1989 Ocean Software Ltd.

[PageHeaders]
GameIndex=The incomplete<>disassembly

