warning: section 'sc58a' violates the 2:1 rate rule (curvature == height == lanes == 2 x hazards == 2 x leftobjs == 2 x rightobjs).
  lengths: curvature=192, height=107, lanes=192, hazards=96, leftobjs=96, rightobjs=96
  expected: curvature=192, height=192, lanes=192, hazards=96, leftobjs=96, rightobjs=96
  --allow-desync: padding short streams.
; Decompiled from Stage3Data.c by map_compile.py.
; One row is one slice of road. See C/docs/map-text-format.md.
; stage: 3
; prefix: stage3_map
; obj O = OVERHEAD_BRIDGE
; obj S = SHORT_POLE
; obj T = TOWER_BLOCK
; obj P = SPEED_LIMIT_SIGN
; obj E = TELEGRAPH_POLE
; addr sc3f4 curvature = 0x5FF4
; addr sc3f4 height = 0x6009
; addr sc3f4 lanes = 0x604B
; addr sc3f4 hazards = 0x6055
; addr sc3f4 leftobjs = 0x606F
; addr sc3f4 rightobjs = 0x60A9
; addr sc4d8 curvature = 0x60D8
; addr sc4d8 height = 0x60EF
; addr sc4d8 lanes = 0x6104
; addr sc4d8 hazards = 0x6110
; addr sc4d8 leftobjs = 0x6118
; addr sc4d8 rightobjs = 0x614B
; addr sc58a curvature = 0x618A
; addr sc58a height = 0x61A0
; addr sc58a lanes = 0x61B6
; addr sc58a hazards = 0x61C4
; addr sc58a leftobjs = 0x61C9
; addr sc58a rightobjs = 0x6220
; addr sc677 curvature = 0x6277
; addr sc677 height = 0x629D
; addr sc677 lanes = 0x62DC
; addr sc677 hazards = 0x62FC
; addr sc677 leftobjs = 0x631F
; addr sc677 rightobjs = 0x63AD

; DESYNC: section 'sc58a' was padded
| Cnt | Left objs                                                                                      | Road      | Right objs                                                                                          | Curve | Height | Haz   | Loop              |
| --- | ---------------------------------------------------------------------------------------------- | --------- | --------------------------------------------------------------------------------------------------- | ----- | ------ | ----- | ----------------- |
| 60  | E . E . E . E . E . E . E . E . E . E . E . E . E . E . E .                                    |   : . . : | T .3 T .3 T .3 T .5 T . T . T . T . T . T .                                                         | :     | :      |       | sc288             |
| 2   | .                                                                                              | 3R>4      | .                                                                                                   | :     | :      |       |                   |
| 3   | .2                                                                                             | : . . . : | . T                                                                                                 | :     | :      |       |                   |
| 136 | .5 T . T . T . T . T . T . T . T . T . T .3 T .3 T .3 T .3 T . T .3 E . E .3 E .7 T . T . T .4 | : . . . : | .3 T .5 E . E . E . E . E .3 E .3 E .3 E . E . E . E . E . E . E .5 E .3 E .3 E .3 E . E . E . E .2 | >     | :      |       |                   |
| 39  | .3 T . T . T . T . T . T . T . T .                                                             | : . . . : | .3 T . T . T . T . T . T . T . T .                                                                  | :     | :      |       |                   |
| 51  | T . T .3 E .3 E . E .3 E . E .7                                                                | : . . . : | T . T . T . T . T .5 T .3 T . T .3 T .                                                              | <<    | :      |       |                   |
| 25  | T .3 T . T .3 T .                                                                              | : . . . : | .2 T .9                                                                                             | :     | :      |       |                   |
| 55  | .2 T .5 T .3 P .5 P .9                                                                         | : . . . : | T .3 T .7 P .5 P .3 E . E . E .                                                                     | >>    | :      |       |                   |
| 15  | P .5 P                                                                                         | : . . . : | E . E . E . E                                                                                       | :     | :      |       |                   |
| 6   | .3                                                                                             | : . . . : | . E .                                                                                               | :     | :      | cars- |                   |
| 8   | E . E .                                                                                        | : . . . : | E . E .                                                                                             | :     | :      | arr<  |                   |
|     |                                                                                                |           |                                                                                                     |       |        |       | split sc3f4 sc4d8 |
| 20  | .10                                                                                            | : . . . : | .2 P .5 P .                                                                                         | :     | :      |       | sc3f4             |
| 2   | S                                                                                              | ~ . . . ~ | S                                                                                                   | :     | ^^     | bar<> |                   |
| 3   | .2                                                                                             | ~ . . . ~ | .2                                                                                                  | :     | ^^     | haz3  |                   |
| 1   |                                                                                                | ~ . . . ~ |                                                                                                     | :     | :      |       |                   |
| 5   | .3                                                                                             | ~ . . . ~ | .3                                                                                                  | :     | vv     |       |                   |
| 1   |                                                                                                | ~ . . . ~ |                                                                                                     | :     | :      |       |                   |
| 5   | .2 E                                                                                           | ~ . . . ~ | .3                                                                                                  | :     | ^^     |       |                   |
| 1   |                                                                                                | ~ . . . ~ |                                                                                                     | :     | :      |       |                   |
| 5   | . E .                                                                                          | ~ . . . ~ | .3                                                                                                  | :     | vv     |       |                   |
| 1   |                                                                                                | ~ . . . ~ |                                                                                                     | :     | :      |       |                   |
| 5   | E . E                                                                                          | ~ . . . ~ | E . E                                                                                               | :     | ^^     |       |                   |
| 1   |                                                                                                | ~ . . . ~ |                                                                                                     | :     | :      |       |                   |
| 1   | .                                                                                              | ~ . . . ~ | .                                                                                                   | :     | vv     |       |                   |
| 4   | E .                                                                                            | ~ . . . ~ | E .                                                                                                 | >     | vv     |       |                   |
| 1   |                                                                                                | ~ . . . ~ |                                                                                                     | >     | :      |       |                   |
| 5   | E .2                                                                                           | ~ . . . ~ | E .2                                                                                                | >     | ^^     |       |                   |
| 1   |                                                                                                | ~ . . . ~ |                                                                                                     | >     | :      |       |                   |
| 5   | .3                                                                                             | ~ . . . ~ | .3                                                                                                  | >     | vv     |       |                   |
| 1   |                                                                                                | ~ . . . ~ |                                                                                                     | >     | :      |       |                   |
| 5   | E . E                                                                                          | ~ . . . ~ | .3                                                                                                  | >     | ^^     |       |                   |
| 1   |                                                                                                | ~ . . . ~ |                                                                                                     | >     | :      |       |                   |
| 5   | .3                                                                                             | ~ . . . ~ | . E .                                                                                               | >     | vv     |       |                   |
| 1   |                                                                                                | ~ . . . ~ |                                                                                                     | >     | :      |       |                   |
| 5   | .2 E                                                                                           | ~ . . . ~ | E .2                                                                                                | >     | ^^     |       |                   |
| 1   |                                                                                                | ~ . . . ~ |                                                                                                     | >     | :      |       |                   |
| 5   | .3                                                                                             | ~ . . . ~ | .3                                                                                                  | >     | vv     |       |                   |
| 1   |                                                                                                | ~ . . . ~ |                                                                                                     | >     | :      |       |                   |
| 5   | E . E                                                                                          | ~ . . . ~ | .2 E                                                                                                | >     | ^^     |       |                   |
| 1   |                                                                                                | ~ . . . ~ |                                                                                                     | >     | :      |       |                   |
| 2   | .                                                                                              | ~ . . . ~ | .                                                                                                   | >     | vv     |       |                   |
| 3   | E .                                                                                            | ~ . . . ~ | .2                                                                                                  | >>    | vv     |       |                   |
| 1   |                                                                                                | ~ . . . ~ |                                                                                                     | >>    | :      |       |                   |
| 5   | E .2                                                                                           | ~ . . . ~ | .3                                                                                                  | >>    | ^^     | bar<> |                   |
| 1   |                                                                                                | ~ . . . ~ |                                                                                                     | >>    | :      |       |                   |
| 2   | .                                                                                              | ~ . . . ~ | .                                                                                                   | >>    | vv     |       |                   |
| 3   | E .                                                                                            | ~ . . . ~ | .2                                                                                                  | >>    | vv     | haz3  |                   |
| 1   |                                                                                                | ~ . . . ~ |                                                                                                     | >>    | :      |       |                   |
| 5   | E .2                                                                                           | ~ . . . ~ | .3                                                                                                  | >>    | ^^     |       |                   |
| 1   |                                                                                                | ~ . . . ~ |                                                                                                     | >>    | :      |       |                   |
| 5   | . E .                                                                                          | ~ . . . ~ | .3                                                                                                  | >>    | vv     |       |                   |
| 1   |                                                                                                | ~ . . . ~ |                                                                                                     | >>    | :      |       |                   |
| 2   | E                                                                                              | ~ . . . ~ | E                                                                                                   | >>    | ^^     |       |                   |
| 3   | .2                                                                                             | ~ . . . ~ | . E                                                                                                 | >>>   | ^^     |       |                   |
| 1   |                                                                                                | ~ . . . ~ |                                                                                                     | >>>   | :      |       |                   |
| 5   | .3                                                                                             | ~ . . . ~ | . E .                                                                                               | >>>   | vv     |       |                   |
| 1   |                                                                                                | ~ . . . ~ |                                                                                                     | >>>   | :      |       |                   |
| 1   | .                                                                                              | ~ . . . ~ | E                                                                                                   | >>>   | ^^     |       |                   |
| 4   | . E                                                                                            | ~ . . . ~ | . E                                                                                                 | >>    | ^^     |       |                   |
| 1   |                                                                                                | ~ . . . ~ |                                                                                                     | >>    | :      |       |                   |
| 5   | . E .                                                                                          | ~ . . . ~ | . E .                                                                                               | >>    | vv     |       |                   |
| 1   |                                                                                                | ~ . . . ~ |                                                                                                     | >     | :      |       |                   |
| 5   | E . E                                                                                          | ~ . . . ~ | E . E                                                                                               | >     | ^^     |       |                   |
| 1   |                                                                                                | ~ . . . ~ |                                                                                                     | >     | :      |       |                   |
| 5   | .3                                                                                             | ~ . . . ~ | . E .                                                                                               | >     | vv     |       |                   |
| 1   |                                                                                                | ~ . . . ~ |                                                                                                     | >     | :      |       |                   |
| 5   | .3                                                                                             | ~ . . . ~ | E .2                                                                                                | >     | ^^     |       |                   |
| 1   |                                                                                                | ~ . . . ~ |                                                                                                     | >     | :      |       |                   |
| 5   | .3                                                                                             | ~ . . . ~ | .3                                                                                                  | >     | vv     |       |                   |
| 1   |                                                                                                | ~ . . . ~ |                                                                                                     | >     | :      |       |                   |
| 5   | .3                                                                                             | ~ . . . ~ | .3                                                                                                  | >     | ^^     |       |                   |
| 1   |                                                                                                | ~ . . . ~ |                                                                                                     | >     | :      |       |                   |
| 5   | . E .                                                                                          | ~ . . . ~ | .3                                                                                                  | >     | vv     |       |                   |
| 1   |                                                                                                | ~ . . . ~ |                                                                                                     | >     | :      |       |                   |
| 5   | E . E                                                                                          | ~ . . . ~ | .2 E                                                                                                | >     | ^^     |       |                   |
| 1   |                                                                                                | ~ . . . ~ |                                                                                                     | :     | :      |       |                   |
| 2   | .                                                                                              | ~ . . . ~ | .                                                                                                   | :     | vv     |       |                   |
| 2   | .                                                                                              | ~ . . . ~ | .                                                                                                   | :     | vv     | bar<> |                   |
| 1   | .                                                                                              | : . . . : | .                                                                                                   | :     | vv     |       |                   |
| 1   |                                                                                                | : . . . : |                                                                                                     | :     | :      |       |                   |
| 2   | .                                                                                              | : . . . : | .                                                                                                   | :     | :      | haz-  |                   |
| 8   | . E . E                                                                                        | : . . . : | .4                                                                                                  | :     | :      | cars+ |                   |
|     |                                                                                                |           |                                                                                                     |       |        |       | goto sc58a        |
| 8   | .4                                                                                             | : . . . : | .4                                                                                                  | :     | ^^^    |       | sc4d8             |
| 7   | .2 P .                                                                                         | : . . . : | .2 P .                                                                                              | <     | ^^^    |       |                   |
| 5   | .2                                                                                             | : . . . : | .2                                                                                                  | <<    | ^^^    |       |                   |
| 22  | .4 T . T . T . T                                                                               | : . . . : | .4 T . T . T . T                                                                                    | <<    | ^^^    | cars+ |                   |
| 1   | .                                                                                              | : . . . : | .                                                                                                   | <<    | ^^     |       |                   |
| 1   |                                                                                                | : . . . : |                                                                                                     | <<    | vv     |       |                   |
| 8   | T . T .                                                                                        | : . . . : | T . T .                                                                                             | <<    | vvv    |       |                   |
| 4   | . S                                                                                            | : . . . : | T .                                                                                                 | :     | vvv    |       |                   |
| 25  | S3 .5 T .3 T                                                                                   | 4>3R      | T .3 T .3 T .3 T                                                                                    | :     | vvv    |       |                   |
| 4   | .2                                                                                             | 4>3R      | .2                                                                                                  | >>    | vvv    |       |                   |
| 26  | . T .3 T . T . T . T .                                                                         | 4>3R      | . T .3 T .3 T .3                                                                                    | >>    | :      |       |                   |
| 9   | .2 T .                                                                                         | 4>3R      | T .3                                                                                                | >     | :      |       |                   |
| 11  | T . T . T .                                                                                    | 4>3R      | T .3 T .                                                                                            | :     | :      |       |                   |
| 9   | T . T .                                                                                        | 4>3R      | .2 T .                                                                                              | <     | :      |       |                   |
| 26  | T .12                                                                                          | 4>3R      | .2 T .3 T .3 T .2                                                                                   | <<    | :      |       |                   |
| 5   | .3                                                                                             | 4>3R      | . T .                                                                                               | <     | :      |       |                   |
| 19  | .9                                                                                             | 4>3R      | .2 T .3 T . T                                                                                       | :     | :      |       |                   |
| 2   | .                                                                                              | 3R>4      | .                                                                                                   | :     | :      |       |                   |
| 2   | .                                                                                              | : . . . : | T                                                                                                   | :     | :      |       |                   |
| 16  | .8                                                                                             | : . . . : | . T . T .4                                                                                          | >     | :      |       |                   |
|     |                                                                                                |           |                                                                                                     |       |        |       | goto sc58a        |
| 1   | .                                                                                              | : . . . : | .                                                                                                   | :     | ^^     |       | sc58a             |
| 1   |                                                                                                | : . . . : |                                                                                                     | :     | ^^^    |       |                   |
| 6   | .3                                                                                             | : . . . : | .3                                                                                                  | :     | ^^^^   |       |                   |
| 1   | .                                                                                              | 4>3L      | .                                                                                                   | :     | ^^^    |       |                   |
| 1   |                                                                                                | 4>3L      |                                                                                                     | :     | vvv    |       |                   |
| 8   | .4                                                                                             | : . . :   | .4                                                                                                  | :     | vvv    |       |                   |
| 9   | .3 O .                                                                                         | : . . :   | .3 O .                                                                                              | :     | :      |       |                   |
| 8   | O . O .                                                                                        | : . . :   | O . O .                                                                                             | :     | ^^^    |       |                   |
| 2   | O                                                                                              | : . . :   | O                                                                                                   | :     | ^^     |       |                   |
| 1   |                                                                                                | : . . :   |                                                                                                     | :     | ^      |       |                   |
| 1   | .                                                                                              | : . . :   | .                                                                                                   | :     | v      |       |                   |
| 1   |                                                                                                | : . . :   |                                                                                                     | :     | vv     |       |                   |
| 6   | O . O                                                                                          | : . . :   | O . O                                                                                               | :     | vvv    |       |                   |
| 3   | . O                                                                                            | : . . :   | . O                                                                                                 | :     | vv     |       |                   |
| 3   | .                                                                                              | : . . :   | .                                                                                                   | :     | v      |       |                   |
| 9   | O . O . O                                                                                      | : . . :   | O . O . O                                                                                           | :     | :      |       |                   |
| 31  | . O . O . O . O . O . O . O .                                                                  | : . . :   | . O . O . O . O . O . O . O .                                                                       | <     | :      |       |                   |
| 20  | O . O . O . O . O .                                                                            | : . . :   | O . O . O . O . O .                                                                                 | <<    | :      |       |                   |
| 4   | O .                                                                                            | : . . :   | O .                                                                                                 | <     | :      |       |                   |
| 29  | O . O . O . O . O . O . O . O                                                                  | : . . :   | O . O . O . O . O . O . O . O                                                                       | >     | :      |       |                   |
| 34  | . O . O . O . O . O . O . O . O .                                                              | : . . :   | . O . O . O . O . O . O . O . O .                                                                   | >>    | :      |       |                   |
| 7   | O . O                                                                                          | : . . :   | O . O                                                                                               | >     | :      |       |                   |
| 2   | .                                                                                              | : . . :   | .                                                                                                   | :     | :      |       |                   |
| 2   | .                                                                                              | 3L>4      | .                                                                                                   | :     | :      |       |                   |
| 2   | .                                                                                              | : . . . : | .                                                                                                   | :     | :      |       |                   |
|     |                                                                                                |           |                                                                                                     |       |        |       | goto sc677        |
| 14  | .4 P .2                                                                                        | : . . . : | .4 P .2                                                                                             | :     | :      |       | sc677             |
| 1   | .                                                                                              | : . . . : | .                                                                                                   | :     | ^      |       |                   |
| 5   | .2                                                                                             | : . . . : | .2                                                                                                  | :     | ^^     |       |                   |
| 16  | T . T . T . T .                                                                                | : . . . : | .8                                                                                                  | >>    | ^^     |       |                   |
| 4   | T .                                                                                            | : . . . : | .2                                                                                                  | >>    | ^^     | bar<  |                   |
| 15  | T . T . T . T .                                                                                | : . . . : | .8                                                                                                  | >>    | ^^     | haz-  |                   |
| 10  | T . T . T                                                                                      | : . . . : | .2 E . E                                                                                            | >>    | vvv    |       |                   |
| 7   | . T .                                                                                          | : . . . : | . E .                                                                                               | >     | vvv    |       |                   |
| 2   | .                                                                                              | : . . . : | E                                                                                                   | >     | vv     |       |                   |
| 4   | . T                                                                                            | : . . . : | . E                                                                                                 | :     | vv     |       |                   |
| 4   | .2                                                                                             | : . . . : | . E                                                                                                 | :     | v      |       |                   |
| 1   | .                                                                                              | 4>3R      | .                                                                                                   | :     | v      |       |                   |
| 7   | T . T                                                                                          | 4>3R      | E . E                                                                                               | :     | :      |       |                   |
| 2   | .                                                                                              | 3R>4      | .                                                                                                   | :     | :      |       |                   |
| 7   | .2 E .                                                                                         | : . . . : | E . E .                                                                                             | :     | :      |       |                   |
| 2   | E                                                                                              | : . . . : | E                                                                                                   | :     | vvv    |       |                   |
| 5   | . E                                                                                            | : . . . : | . E                                                                                                 | :     | vvvv   |       |                   |
| 6   | . E .                                                                                          | : . . . : | . E .                                                                                               | :     | vvv    |       |                   |
| 1   | E                                                                                              | : . . . : | .                                                                                                   | :     | vv     |       |                   |
| 1   |                                                                                                | : . . . : |                                                                                                     | <     | vv     |       |                   |
| 2   | .                                                                                              | : . . . : | .                                                                                                   | <     | v      |       |                   |
| 2   | E                                                                                              | : . . . : | .                                                                                                   | <     | ^      |       |                   |
| 2   | .                                                                                              | : . . . : | .                                                                                                   | <     | ^^     |       |                   |
| 4   | .2                                                                                             | : . . . : | .2                                                                                                  | <     | ^^^    |       |                   |
| 10  | E .3 E                                                                                         | : . . . : | .2 E . E                                                                                            | <     | ^^^^   |       |                   |
| 1   | .                                                                                              | : . . . : | .                                                                                                   | <     | vvvv   |       |                   |
| 1   |                                                                                                | : . . . : |                                                                                                     | <     | vvv    |       |                   |
| 1   | .                                                                                              | : . . . : | E                                                                                                   | <     | vv     |       |                   |
| 1   |                                                                                                | : . . . : |                                                                                                     | >     | vv     |       |                   |
| 1   | .                                                                                              | : . . . : | .                                                                                                   | >     | v      |       |                   |
| 3   | .                                                                                              | : . . . : | E                                                                                                   | >     | :      |       |                   |
| 4   | . E                                                                                            | 4>3R      | . E                                                                                                 | >     | :      |       |                   |
| 2   | .                                                                                              | 3R>4      | .                                                                                                   | >     | :      |       |                   |
| 4   | E .                                                                                            | : . . . : | E .                                                                                                 | >     | :      |       |                   |
| 6   | E . E                                                                                          | : . . . : | E .2                                                                                                | :     | :      |       |                   |
| 2   | .                                                                                              | 4>3L      | .                                                                                                   | :     | :      |       |                   |
| 2   | E                                                                                              | : . . :   | E                                                                                                   | :     | :      |       |                   |
| 2   | .                                                                                              | 3L>4      | .                                                                                                   | :     | :      |       |                   |
| 23  | .2 T . T . T . T . T .                                                                         | : . . . : | .2 E .9                                                                                             | :     | :      |       |                   |
| 11  | T .4                                                                                           | : . . . : | .5                                                                                                  | <     | :      |       |                   |
| 4   | .2                                                                                             | : . . . : | .2                                                                                                  | <     | :      | bar>  |                   |
| 10  | .3 P .                                                                                         | : . . . : | . T . T .                                                                                           | <     | :      | haz-  |                   |
| 4   | .2                                                                                             | : . . . : | T .                                                                                                 | <<    | :      |       |                   |
| 1   | .                                                                                              | : . . . : | T                                                                                                   | <<    | vvvv   |       |                   |
| 23  | .11                                                                                            | : . . . : | . T . T . T . T . T .                                                                               | <<    | :      |       |                   |
| 4   | .2                                                                                             | : . . . : | T .                                                                                                 | <<    | :      | bar>  |                   |
| 60  | .4 P .11 E . E . E . E . E . E . E .                                                           | : . . . : | T . T . T . T . T . T .5 T . T .3 T . T . T . T .                                                   | <<    | :      | haz-  |                   |
| 56  | E .7 T . T . T . T . T . T . T . T . T . T .                                                   | : . . . : | T .7 T . T . T . T . T . T . T . T .5                                                               | <     | :      |       |                   |
| 28  | T . T . T . T . T . T .3                                                                       | : . . . : | T .9 T . T .                                                                                        | :     | :      |       |                   |
| 3   | .2                                                                                             | : . . . : | T .                                                                                                 | :     | ^^     |       |                   |
| 2   | P                                                                                              | : . . . : | .                                                                                                   | :     | ^^^    |       |                   |
| 4   | .2                                                                                             | : . . . : | .2                                                                                                  | :     | ^^^^   |       |                   |
| 1   |                                                                                                | : . . . : |                                                                                                     | :     | ^^^    |       |                   |
| 1   | .                                                                                              | : . . . : | .                                                                                                   | :     | vvv    |       |                   |
| 3   | .                                                                                              | : . . . : | .                                                                                                   | :     | vvvv   |       |                   |
| 1   | .                                                                                              | : . . . : | .                                                                                                   | :     | vvv    |       |                   |
| 1   |                                                                                                | : . . . : |                                                                                                     | :     | vv     |       |                   |
| 1   | P                                                                                              | : . . . : | P                                                                                                   | :     | ^^     |       |                   |
| 1   |                                                                                                | : . . . : |                                                                                                     | :     | ^^^    |       |                   |
| 3   | .2                                                                                             | : . . . : | .2                                                                                                  | :     | ^^^^   |       |                   |
| 1   |                                                                                                | : . . . : |                                                                                                     | :     | vvv    |       |                   |
| 4   | .2                                                                                             | : . . . : | .2                                                                                                  | :     | vv     |       |                   |
| 2   | .                                                                                              | : . . :   | .                                                                                                   | :     | vv     | bar>  |                   |
| 8   | .4                                                                                             | : . . :   | .4                                                                                                  | :     | vv     | haz-  |                   |
| 4   | E .                                                                                            | : . . :   | .2                                                                                                  | :     | v      |       |                   |
| 4   | E .                                                                                            | : . . :   | .2                                                                                                  | :     | :      |       |                   |
| 6   | E . E                                                                                          | : . . :   | P .2                                                                                                | :     | :      | haz1  |                   |
| 2   | .                                                                                              | : . . :   | .                                                                                                   | :     | :      | haz-  |                   |
| 2   | .                                                                                              | 3L>4      | .                                                                                                   | :     | :      |       |                   |
| 2   | .                                                                                              | : . . . : | .                                                                                                   | :     | :      |       |                   |
|     |                                                                                                |           |                                                                                                     |       |        |       | goto sc677        |
