; Decompiled from Stage4Data.c by map_compile.py.
; One row is one slice of road. See C/docs/map-text-format.md.
; stage: 4
; prefix: stage4_map
; obj T = TUNNEL_LIGHT
; obj N = NEAR_COLUMN
; obj F = FAR_COLUMN
; obj P = PILE_OF_ROCKS
; obj S = STREET_LAMP
; obj U = TURN_SIGN_POINTING_LEFT
; obj R = TURN_SIGN_POINTING_RIGHT
; addr se442 curvature = 0x6042
; addr se442 height = 0x605A
; addr se442 lanes = 0x606C
; addr se442 hazards = 0x6080
; addr se442 leftobjs = 0x608B
; addr se442 rightobjs = 0x60B4
; addr se4c4 curvature = 0x60C4
; addr se4c4 height = 0x60DA
; addr se4c4 lanes = 0x60EC
; addr se4c4 hazards = 0x6100
; addr se4c4 leftobjs = 0x610B
; addr se4c4 rightobjs = 0x614D
; addr se577 curvature = 0x6177
; addr se577 height = 0x619A
; addr se577 lanes = 0x61D3
; addr se577 hazards = 0x61FB
; addr se577 leftobjs = 0x6224
; addr se577 rightobjs = 0x62B7

| Cnt | Left objs                               | Road      | Right objs                              | Curve | Height | Haz   | Loop              |
| --- | --------------------------------------- | --------- | --------------------------------------- | ----- | ------ | ----- | ----------------- |
| 40  | S . S . S . S . S . S . S . S . S . S . | : . . . : | S . S . S . S F S . S . S . S F S F S . | :     | :      |       | se29c             |
| 2   | S                                       | : . . . : | S                                       | :     | ^^     |       |                   |
| 5   | F S F                                   | : . . . : | . S .                                   | :     | ^^^    |       |                   |
| 1   |                                         | : . . . : |                                         | :     | ^^^^   |       |                   |
| 2   | S                                       | : . . . : | S                                       | :     | vvv    |       |                   |
| 4   | . S                                     | : . . . : | . S                                     | :     | vv     |       |                   |
| 7   | . S .2                                  | : . . . : | . S . S                                 | >>    | vv     |       |                   |
| 1   |                                         | : . . . : |                                         | >>    | v      |       |                   |
| 3   | F .                                     | : . . . : | . S                                     | >>    | v      | haz3  |                   |
| 1   |                                         | : . . . : |                                         | >>>   | v      |       |                   |
| 4   | . S                                     | : . . . : | .2                                      | >>>   | :      |       |                   |
| 1   | .                                       | : . . . : | .                                       | >>>   | :      | haz-  |                   |
| 10  | S . S .2                                | : . . . : | S .3 S                                  | >>    | :      |       |                   |
| 12  | . S .3 S                                | : . . . : | .5 S                                    | :     | :      |       |                   |
| 1   |                                         | : . . . : |                                         | :     | vv     |       |                   |
| 1   | .                                       | : . . . : | .                                       | :     | vvv    |       |                   |
| 3   | .                                       | : . . . : | .                                       | :     | vvvv   |       |                   |
| 1   | .                                       | : . . . : | .                                       | :     | vvv    |       |                   |
| 1   |                                         | : . . . : |                                         | :     | vv     |       |                   |
| 1   | .                                       | : . . . : | S                                       | :     | v      |       |                   |
| 5   | .2                                      | : . . . : | .2                                      | :     | :      |       |                   |
| 1   | .                                       | : . . . : | .                                       | :     | ^      |       |                   |
| 1   |                                         | : . . . : |                                         | :     | ^^     |       |                   |
| 1   | .                                       | : . . . : | S                                       | :     | ^^^    |       |                   |
| 2   | .                                       | : . . . : | .                                       | :     | ^^^^   |       |                   |
| 2   | .                                       | : . . . : | .                                       | :     | ^^^    |       |                   |
| 2   | .                                       | : . . . : | .                                       | :     | ^^     |       |                   |
| 1   |                                         | : . . . : |                                         | :     | ^      |       |                   |
| 5   | U . U                                   | : . . . : | .3                                      | :     | :      |       |                   |
| 7   | . U .                                   | : . . . : | .3                                      | <     | :      |       |                   |
| 4   | U .                                     | : . . . : | .2                                      | <     | :      | haz2  |                   |
| 39  | U .3 S . S . S . S . S . S . S . S .    | : . . . : | U . U . U . U . U . U . U . U . U .3    | <     | :      | haz-  |                   |
| 19  | S . S .3 R . R                          | : . . . : | .9                                      | >     | :      |       |                   |
| 4   | . R                                     | : . . . : | .2                                      | >     | :      | haz1  |                   |
| 17  | . R . R . R . R .                       | : . . . : | .9                                      | >     | :      | haz-  |                   |
| 1   |                                         | : . . . : |                                         | >     | ^      |       |                   |
| 1   | R                                       | : . . . : | .                                       | >     | ^^     |       |                   |
| 1   |                                         | : . . . : |                                         | >     | ^^^    |       |                   |
| 7   | .4                                      | : . . . : | .4                                      | >     | ^^^^   |       |                   |
| 1   |                                         | : . . . : |                                         | :     | ^^^^   |       |                   |
| 2   | .                                       | : . . . : | .                                       | :     | ^^^    |       |                   |
| 1   | P                                       | : . . . : | .                                       | :     | ^^     |       |                   |
| 1   |                                         | : . . . : |                                         | :     | ^      |       |                   |
| 1   | .                                       | : . . . : | .                                       | :     | :      |       |                   |
| 1   |                                         | : . . . : |                                         | :     | v      |       |                   |
| 2   | P                                       | : . . . : | .                                       | :     | vv     |       |                   |
| 1   | .                                       | : . . . : | .                                       | :     | vvv    |       |                   |
| 5   | P .                                     | : . . . : | .2                                      | :     | vvvv   |       |                   |
| 3   | P .                                     | : . . . : | .2                                      | :     | vvvv   | heli4 |                   |
| 1   |                                         | : . . . : |                                         | :     | vvv    |       |                   |
| 2   | P                                       | : . . . : | .                                       | :     | vv     |       |                   |
| 5   | . P .                                   | : . . . : | .3                                      | :     | v      |       |                   |
| 13  | P .5                                    | : . . . : | .6                                      | :     | :      |       |                   |
| 12  | U . U . U .                             | : . . . : | .2 P . P .                              | <<    | :      |       |                   |
| 4   | U .                                     | : . . . : | P .                                     | <<<   | :      |       |                   |
| 3   | U .                                     | : . . . : | .2                                      | <<<   | :      | haz2  |                   |
| 1   |                                         | : . . . : |                                         | <<    | :      |       |                   |
| 21  | .11                                     | : . . . : | U . U . U . U . U . U                   | <<    | :      | haz-  |                   |
| 34  | . S . S . S . S . S .3 S . S .          | : . . . : | .3 P . P . P .3 P . P . P .             | :     | :      |       |                   |
| 46  | .2 S . S .3 S . S .3 P . P . P . P . P  | : . . . : | P . P . P .17 P                         | >     | :      |       |                   |
| 5   | . P                                     | : . . . : | . P                                     | :     | :      |       |                   |
| 12  | .6                                      | : . . . : | . P . P .2                              | :     | :      | cars- |                   |
| 2   | .                                       | : . . . : | .                                       | :     | :      | arr>  |                   |
|     |                                         |           |                                         |       |        |       | split se442 se4c4 |
| 2   | .                                       | : . . . : | .                                       | :     | :      |       | se442             |
| 2   | .                                       | 4>3L      | .                                       | :     | :      |       |                   |
| 8   | S . S .                                 | : . . :   | S . S .                                 | :     | :      |       |                   |
| 8   | . T3                                    | # . . #   | . T3                                    | :     | :      |       |                   |
| 4   | T2                                      | # . . #   | T2                                      | :     | :      | heli1 |                   |
| 11  | T6                                      | # . . #   | T6                                      | :     | :      | cars+ |                   |
| 12  | T6                                      | # . . #   | T6                                      | <<    | :      |       |                   |
| 1   |                                         | # . . #   |                                         | >     | :      |       |                   |
| 10  | T5                                      | # . . #   | T5                                      | >>    | :      |       |                   |
| 6   | T3                                      | # . . #   | T3                                      | >     | :      |       |                   |
| 8   | T4                                      | # . . #   | T4                                      | :     | :      |       |                   |
| 16  | T8                                      | # . . #   | T8                                      | <     | :      |       |                   |
| 25  | T13                                     | # . . #   | T13                                     | >     | :      |       |                   |
| 3   | T                                       | # . . #   | T                                       | >>    | :      |       |                   |
| 12  | .6                                      | : . . :   | .6                                      | >>    | :      |       |                   |
| 6   | .3                                      | : . . :   | .3                                      | >     | :      |       |                   |
| 2   | .                                       | 3L>4      | .                                       | >     | :      |       |                   |
| 18  | .6 P . P                                | : . . . : | .9                                      | >     | :      |       |                   |
| 14  | . P . P . P .                           | : . . . : | .7                                      | :     | :      |       |                   |
| 10  | P . P . P                               | : . . . : | .5                                      | >>    | :      |       |                   |
| 8   | . P . P                                 | : . . . : | .4                                      | >>>   | :      |       |                   |
| 7   | . P .2                                  | : . . . : | .4                                      | >>    | :      |       |                   |
| 11  | . P . P .                               | : . . . : | .5                                      | :     | :      |       |                   |
|     |                                         |           |                                         |       |        |       | goto se577        |
| 12  | P . P . P .                             | : . . . : | .6                                      | :     | :      |       | se4c4             |
| 8   | P . P .                                 | : . . . : | .4                                      | <     | :      |       |                   |
| 16  | P . P . P . P .                         | : . . . : | .2 U . U . U .                          | <<    | :      | cars+ |                   |
| 18  | P . P .3 P .2                           | : . . . : | U . U . U .4                            | <     | :      |       |                   |
| 30  | . P .3 P . P .7                         | : . . . : | .9 S .3 S .                             | :     | :      |       |                   |
| 4   | R .                                     | : . . . : | .2                                      | >>    | :      |       |                   |
| 2   | R                                       | 4>3L      | U                                       | >>    | :      |       |                   |
| 2   | .                                       | : . . :   | .                                       | >>    | :      |       |                   |
| 4   | R .                                     | : . . :   | .2                                      | >>    | :      | heli1 |                   |
| 13  | R . R . S .2                            | : . . :   | .7                                      | >>>   | :      |       |                   |
| 1   |                                         | : . . :   |                                         | >>    | :      |       |                   |
| 11  | . T5                                    | # . . #   | .6                                      | >>    | :      |       |                   |
| 33  | T16                                     | # . . #   | .16                                     | >     | :      |       |                   |
| 10  | T5                                      | # . . #   | .5                                      | :     | :      |       |                   |
| 10  | .2 S . S                                | : . . :   | .2 S . S                                | :     | :      |       |                   |
| 2   | .                                       | 3L>4      | .                                       | :     | :      |       |                   |
| 26  | S . S . S . S . S . S . S               | : . . . : | S . S . S . S . S . S . S               | :     | :      |       |                   |
|     |                                         |           |                                         |       |        |       | goto se577        |
| 14  | S . S . S . S                           | : . . . : | .7                                      | :     | :      |       | se577             |
| 2   | .                                       | : . . . : | .                                       | :     | ^^     |       |                   |
| 2   | S                                       | : . . . : | .                                       | :     | ^^^    |       |                   |
| 4   | . S                                     | : . . . : | .2                                      | :     | ^^^^   |       |                   |
| 1   | .                                       | : . . . : | .                                       | :     | ^^^    |       |                   |
| 1   |                                         | : . . . : |                                         | :     | ^^     |       |                   |
| 1   | S                                       | : . . . : | .                                       | :     | vv     |       |                   |
| 2   | .                                       | : . . . : | .                                       | :     | vvv    |       |                   |
| 10  | .4 F                                    | : . . . : | .4 F                                    | :     | vvvv   |       |                   |
| 2   | .                                       | : . . . : | .                                       | :     | vvv    |       |                   |
| 1   |                                         | : . . . : |                                         | :     | vv     |       |                   |
| 1   | F                                       | : . . . : | F                                       | :     | ^^     |       |                   |
| 2   | .                                       | : . . . : | .                                       | :     | ^^^    |       |                   |
| 7   | F .2                                    | : . . . : | F .2                                    | :     | ^^^^   |       |                   |
| 1   | .                                       | : . . . : | .                                       | :     | ^^^    |       |                   |
| 2   | .                                       | : . . . : | .                                       | :     | vvvv   |       |                   |
| 1   |                                         | : . . . : |                                         | :     | vvv    |       |                   |
| 1   | .                                       | : . . . : | F                                       | :     | vv     |       |                   |
| 4   | N .                                     | : . . . : | N F                                     | :     | v      |       |                   |
| 5   | N .                                     | : . . . : | N .                                     | :     | :      |       |                   |
| 3   | N .                                     | : . . . : | N .                                     | :     | :      | haz1  |                   |
| 1   |                                         | : . . . : |                                         | <     | :      |       |                   |
| 13  | N . N . N . N                           | : . . . : | N .3 U . U                              | <     | :      | haz-  |                   |
| 20  | .3 N F N F .3                           | : . . . : | . U . U .3 N . N                        | <<    | :      |       |                   |
| 10  | . R . R .                               | : . . . : | . N . N .                               | >>>   | :      |       |                   |
| 9   | R .3                                    | : . . . : | N . N .                                 | <<    | :      |       |                   |
| 4   | .2                                      | : . . . : | N .                                     | <<    | :      | haz2  |                   |
| 7   | .4                                      | : . . . : | N . N .                                 | <<    | :      | haz-  |                   |
| 30  | .6 N . N . N . N . N                    | : . . . : | N . N . N . N . N . N . N . N           | <     | :      |       |                   |
| 17  | . N . N . N . N                         | : . . . : | . N . N . N .2                          | :     | :      |       |                   |
| 1   | .                                       | : . . . : | .                                       | :     | vv     |       |                   |
| 2   | N                                       | : . . . : | .                                       | :     | vvv    |       |                   |
| 3   | .                                       | : . . . : | .                                       | :     | vvvv   |       |                   |
| 1   | .                                       | : . . . : | .                                       | :     | vvv    |       |                   |
| 1   |                                         | : . . . : |                                         | :     | vv     |       |                   |
| 1   | .                                       | : . . . : | .                                       | :     | ^^     |       |                   |
| 1   |                                         | : . . . : |                                         | :     | ^^^    |       |                   |
| 7   | .4                                      | : . . . : | P . P .                                 | :     | ^^^^   |       |                   |
| 1   |                                         | : . . . : |                                         | :     | vvvv   |       |                   |
| 1   | .                                       | : . . . : | P                                       | :     | vvv    |       |                   |
| 2   | F                                       | : . . . : | .                                       | :     | vv     |       |                   |
| 2   | N                                       | : . . . : | .                                       | :     | v      |       |                   |
| 29  | F N . N .3 N . N . N . N                | : . . . : | . P . P .10                             | :     | :      |       |                   |
| 16  | . N . N . N . N                         | : . . . : | F N . N . N . N                         | >>    | :      |       |                   |
| 4   | . N                                     | : . . . : | . N                                     | >>    | :      | haz1  |                   |
| 11  | . N . N . N                             | : . . . : | . N . N . N                             | >>    | :      | haz-  |                   |
| 7   | . N .                                   | : . . . : | . N .                                   | >>>   | :      |       |                   |
| 3   | N .                                     | : . . . : | N .                                     | >>>   | :      | haz1  |                   |
| 1   |                                         | : . . . : |                                         | >>    | :      |       |                   |
| 29  | N . N . N . N . N . N . N . N           | : . . . : | N . N . N . N . N . N . N . N           | >>    | :      | haz-  |                   |
| 5   | .2                                      | : . . . : | .2                                      | :     | :      |       |                   |
| 2   | .                                       | 4>3L      | .                                       | :     | :      |       |                   |
| 6   | .2 F                                    | : . . :   | N F N                                   | :     | :      |       |                   |
| 2   | .                                       | 3L>4      | .                                       | :     | :      |       |                   |
| 2   | F                                       | : . . . : | .                                       | :     | :      |       |                   |
| 4   | . F                                     | : . . . : | .2                                      | :     | :      | bar<> |                   |
| 2   | .                                       | : . . . : | .                                       | :     | :      | haz-  |                   |
| 8   | .2 N .                                  | 4>3R      | .4                                      | :     | :      |       |                   |
| 2   | F                                       | 3R>4      | .                                       | :     | :      |       |                   |
| 8   | .3 P                                    | : . . . : | .4                                      | :     | :      |       |                   |
| 2   | .                                       | 4>3L      | U                                       | :     | :      |       |                   |
| 6   | P . P                                   | : . . :   | U .2                                    | :     | :      |       |                   |
| 2   | .                                       | 3L>4      | .                                       | :     | :      |       |                   |
| 16  | P .6 R                                  | : . . . : | .4 P . P .                              | :     | :      |       |                   |
| 2   | R                                       | 4>3R      | P                                       | :     | :      |       |                   |
| 4   | R2                                      | 3R>2R     | . P                                     | :     | :      |       |                   |
| 4   | .2                                      | 3R>2R     | .2                                      | :     | :      | bar>  |                   |
| 6   | . N .                                   | 3R>2R     | .3                                      | :     | :      | haz-  |                   |
| 2   | .                                       | 2R>3R     | .                                       | :     | :      |       |                   |
| 2   | .                                       | 3R>4      | .                                       | :     | :      |       |                   |
| 14  | .2 N . N . N                            | : . . . : | .2 N . N . N                            | :     | :      |       |                   |
|     |                                         |           |                                         |       |        |       | goto se577        |
