; A randomly authored test level for stage 6. Not from the original game.
; One row is one slice of road. See C/docs/map-text-format.md.
; stage: 6
; prefix: stage6_map
; base: 0xC65C
; obj T = TUNNEL_LIGHT

| Cnt | Left objs | Road      | Right objs | Curve | Height | Haz   | Loop       |
| --- | --------- | --------- | ---------- | ----- | ------ | ----- | ---------- |
| 20  | .10       | : . . . : | .10        | :     | :      | cars+ | start      |
| 10  | .5        | : . . . : | .5         | >     | :      |       |            |
| 16  | .8        | : . . . : | .8         | >>    | ^^     |       |            |
| 12  | .6        | : . . . : | .6         | >     | ^^^    |       |            |
| 2   | .         | 4>3R      | .          | :     | ^      |       |            |
| 14  | .7        |   : . . : | .7         | <     | :      |       |            |
| 8   | .4        |   : . . : | .4         | <<    | vv     | bar>  |            |
| 2   | .         | 3R>2R     | .          | <<    | vv     |       |            |
| 16  | .8        |     : . : | .8         | <     | v      | haz-  |            |
| 2   | .         | 2R>3R     | .          | :     | :      |       |            |
| 12  | .6        |   : . . : | .6         | :     | ^^     | haz1  |            |
| 2   | .         | 3R>4      | .          | >     | ^      | haz-  |            |
| 20  | .10       | : . . . : | .10        | >>    | :      | arr>  |            |
| 10  | .5        | : . . . : | .5         | :     | vvv    | arrX  |            |
| 2   | .         | 4>3L      | .          | :     | vv     |       |            |
| 12  | .6        | : . . :   | .6         | <<    | :      | cars- |            |
| 8   | T4        | # . . #   | T4         | <     | :      |       |            |
| 10  | T5        | # . . #   | T5         | :     | ^^     |       |            |
| 8   | T4        | # . . #   | T4         | >     | :      |       |            |
| 14  | .7        | : . . :   | .7         | :     | v      | cars+ |            |
| 8   | .4        | : . . :   | .4         | >     | :      | haz3  |            |
| 6   | .3        | : . . :   | .3         | :     | :      | haz-  |            |
| 2   | .         | 3L>4      | .          | :     | :      |       |            |
| 18  | .9        | : . . . : | .9         | :     | :      |       |            |
|     |           |           |            |       |        |       | goto start |
