; Decompiled from Stage3Data.c by map_compile.py.
; One row is one slice of road, read bottom to top: the last row is
; the start of the stage. See C/docs/map-text-format.md.
; stage: 3
; prefix: stage3_map
; obj O = OVERHEAD_BRIDGE
; obj S = SHORT_POLE
; obj T = TOWER_BLOCK
; obj P = SPEED_LIMIT_SIGN
; obj E = TELEGRAPH_POLE
; addr sc3f4 curvature = 0x5FF4
; addr sc3f4 height = 0x6009
; addr sc3f4 lanes = 0x604B
; addr sc3f4 hazards = 0x6055
; addr sc3f4 leftobjs = 0x606F
; addr sc3f4 rightobjs = 0x60A9
; addr sc4d8 curvature = 0x60D8
; addr sc4d8 height = 0x60EF
; addr sc4d8 lanes = 0x6104
; addr sc4d8 hazards = 0x6110
; addr sc4d8 leftobjs = 0x6118
; addr sc4d8 rightobjs = 0x614B
; addr sc58a curvature = 0x618A
; addr sc58a height = 0x61A0
; addr sc58a lanes = 0x61B6
; addr sc58a hazards = 0x61C4
; addr sc58a leftobjs = 0x61C9
; addr sc58a rightobjs = 0x6220
; addr sc677 curvature = 0x6277
; addr sc677 height = 0x629D
; addr sc677 lanes = 0x62DC
; addr sc677 hazards = 0x62FC
; addr sc677 leftobjs = 0x631F
; addr sc677 rightobjs = 0x63AD

; DESYNC: section 'sc58a' was padded
| Dst | Left objs                                             | Road      | Right objs                                             | Curve | Height | Haz   | Loop              |
| --- | ----------------------------------------------------- | --------- | ------------------------------------------------------ | ----- | ------ | ----- | ----------------- |
|     |                                                       |           |                                                        |       |        |       | goto sc677        |
| 2   | .                                                     | H : : : H | .                                                      | :     | -      |       |                   |
| 2   | .                                                     | H : :  // | .                                                      | :     | -      |       |                   |
| 2   | .                                                     | H : : H   | .                                                      | :     | -      | haz-  |                   |
| 6   | E . E                                                 | H : : H   | P .2                                                   | :     | -      | haz1  |                   |
| 4   | E .                                                   | H : : H   | .2                                                     | :     | -      |       |                   |
| 4   | E .                                                   | H : : H   | .2                                                     | :     | v      |       |                   |
| 8   | .4                                                    | H : : H   | .4                                                     | :     | vv     | haz-  |                   |
| 2   | .                                                     | H : : H   | .                                                      | :     | vv     | bar>  |                   |
| 4   | .2                                                    | H : : : H | .2                                                     | :     | vv     |       |                   |
| 1   |                                                       | H : : : H |                                                        | :     | vvv    |       |                   |
| 3   | .2                                                    | H : : : H | .2                                                     | :     | ^^^^   |       |                   |
| 1   |                                                       | H : : : H |                                                        | :     | ^^^    |       |                   |
| 1   | P                                                     | H : : : H | P                                                      | :     | ^^     |       |                   |
| 1   |                                                       | H : : : H |                                                        | :     | vv     |       |                   |
| 1   | .                                                     | H : : : H | .                                                      | :     | vvv    |       |                   |
| 3   | .                                                     | H : : : H | .                                                      | :     | vvvv   |       |                   |
| 1   | .                                                     | H : : : H | .                                                      | :     | vvv    |       |                   |
| 1   |                                                       | H : : : H |                                                        | :     | ^^^    |       |                   |
| 4   | .2                                                    | H : : : H | .2                                                     | :     | ^^^^   |       |                   |
| 2   | P                                                     | H : : : H | .                                                      | :     | ^^^    |       |                   |
| 3   | .2                                                    | H : : : H | T .                                                    | :     | ^^     |       |                   |
| 28  | (T .)5 T .3                                           | H : : : H | T .9 T . T .                                           | :     | -      |       |                   |
| 56  | E .7 (T .)10                                          | H : : : H | T .7 (T .)7 T .5                                       | <     | -      |       |                   |
| 60  | .4 P .11 (E .)7                                       | H : : : H | (T .)5 T .5 T . T .3 (T .)4                            | <<    | -      | haz-  |                   |
| 4   | .2                                                    | H : : : H | T .                                                    | <<    | -      | bar>  |                   |
| 23  | .11                                                   | H : : : H | (. T)5 .                                               | <<    | -      |       |                   |
| 1   | .                                                     | H : : : H | T                                                      | <<    | vvvv   |       |                   |
| 4   | .2                                                    | H : : : H | T .                                                    | <<    | -      |       |                   |
| 10  | .3 P .                                                | H : : : H | . T . T .                                              | <     | -      | haz-  |                   |
| 4   | .2                                                    | H : : : H | .2                                                     | <     | -      | bar>  |                   |
| 11  | T .4                                                  | H : : : H | .5                                                     | <     | -      |       |                   |
| 23  | .2 (T .)5                                             | H : : : H | .2 E .9                                                | :     | -      |       |                   |
| 2   | .                                                     | H : :  // | .                                                      | :     | -      |       |                   |
| 2   | E                                                     | H : : H   | E                                                      | :     | -      |       |                   |
| 2   | .                                                     | H : :  \\ | .                                                      | :     | -      |       |                   |
| 6   | E . E                                                 | H : : : H | E .2                                                   | :     | -      |       |                   |
| 4   | E .                                                   | H : : : H | E .                                                    | >     | -      |       |                   |
| 2   | .                                                     | \\  : : H | .                                                      | >     | -      |       |                   |
| 4   | . E                                                   | //  : : H | . E                                                    | >     | -      |       |                   |
| 3   | .                                                     | H : : : H | E                                                      | >     | -      |       |                   |
| 1   | .                                                     | H : : : H | .                                                      | >     | v      |       |                   |
| 1   |                                                       | H : : : H |                                                        | >     | vv     |       |                   |
| 1   | .                                                     | H : : : H | E                                                      | <     | vv     |       |                   |
| 1   |                                                       | H : : : H |                                                        | <     | vvv    |       |                   |
| 1   | .                                                     | H : : : H | .                                                      | <     | vvvv   |       |                   |
| 10  | E .3 E                                                | H : : : H | .2 E . E                                               | <     | ^^^^   |       |                   |
| 4   | .2                                                    | H : : : H | .2                                                     | <     | ^^^    |       |                   |
| 2   | .                                                     | H : : : H | .                                                      | <     | ^^     |       |                   |
| 2   | E                                                     | H : : : H | .                                                      | <     | ^      |       |                   |
| 2   | .                                                     | H : : : H | .                                                      | <     | v      |       |                   |
| 1   |                                                       | H : : : H |                                                        | <     | vv     |       |                   |
| 1   | E                                                     | H : : : H | .                                                      | :     | vv     |       |                   |
| 6   | . E .                                                 | H : : : H | . E .                                                  | :     | vvv    |       |                   |
| 5   | . E                                                   | H : : : H | . E                                                    | :     | vvvv   |       |                   |
| 2   | E                                                     | H : : : H | E                                                      | :     | vvv    |       |                   |
| 7   | .2 E .                                                | H : : : H | E . E .                                                | :     | -      |       |                   |
| 2   | .                                                     | \\  : : H | .                                                      | :     | -      |       |                   |
| 7   | T . T                                                 | //  : : H | E . E                                                  | :     | -      |       |                   |
| 1   | .                                                     | //  : : H | .                                                      | :     | v      |       |                   |
| 4   | .2                                                    | H : : : H | . E                                                    | :     | v      |       |                   |
| 4   | . T                                                   | H : : : H | . E                                                    | :     | vv     |       |                   |
| 2   | .                                                     | H : : : H | E                                                      | >     | vv     |       |                   |
| 7   | . T .                                                 | H : : : H | . E .                                                  | >     | vvv    |       |                   |
| 10  | T . T . T                                             | H : : : H | .2 E . E                                               | >>    | vvv    |       |                   |
| 15  | (T .)4                                                | H : : : H | .8                                                     | >>    | ^^     | haz-  |                   |
| 4   | T .                                                   | H : : : H | .2                                                     | >>    | ^^     | bar<  |                   |
| 16  | (T .)4                                                | H : : : H | .8                                                     | >>    | ^^     |       |                   |
| 5   | .2                                                    | H : : : H | .2                                                     | :     | ^^     |       |                   |
| 1   | .                                                     | H : : : H | .                                                      | :     | ^      |       |                   |
| 14  | .4 P .2                                               | H : : : H | .4 P .2                                                | :     | -      |       | sc677             |
|     |                                                       |           |                                                        |       |        |       | goto sc677        |
| 2   | .                                                     | H : : : H | .                                                      | :     | -      |       |                   |
| 2   | .                                                     | H : :  // | .                                                      | :     | -      |       |                   |
| 2   | .                                                     | H : : H   | .                                                      | :     | -      |       |                   |
| 7   | O . O                                                 | H : : H   | O . O                                                  | >     | -      |       |                   |
| 34  | (. O)8 .                                              | H : : H   | (. O)8 .                                               | >>    | -      |       |                   |
| 29  | (O .)7 O                                              | H : : H   | (O .)7 O                                               | >     | -      |       |                   |
| 4   | O .                                                   | H : : H   | O .                                                    | <     | -      |       |                   |
| 20  | (O .)5                                                | H : : H   | (O .)5                                                 | <<    | -      |       |                   |
| 31  | (. O)7 .                                              | H : : H   | (. O)7 .                                               | <     | -      |       |                   |
| 9   | O . O . O                                             | H : : H   | O . O . O                                              | :     | -      |       |                   |
| 3   | .                                                     | H : : H   | .                                                      | :     | v      |       |                   |
| 3   | . O                                                   | H : : H   | . O                                                    | :     | vv     |       |                   |
| 6   | O . O                                                 | H : : H   | O . O                                                  | :     | vvv    |       |                   |
| 1   |                                                       | H : : H   |                                                        | :     | vv     |       |                   |
| 1   | .                                                     | H : : H   | .                                                      | :     | v      |       |                   |
| 1   |                                                       | H : : H   |                                                        | :     | ^      |       |                   |
| 2   | O                                                     | H : : H   | O                                                      | :     | ^^     |       |                   |
| 8   | O . O .                                               | H : : H   | O . O .                                                | :     | ^^^    |       |                   |
| 9   | .3 O .                                                | H : : H   | .3 O .                                                 | :     | -      |       |                   |
| 8   | .4                                                    | H : : H   | .4                                                     | :     | vvv    |       |                   |
| 1   |                                                       | H : :  \\ |                                                        | :     | vvv    |       |                   |
| 1   | .                                                     | H : :  \\ | .                                                      | :     | ^^^    |       |                   |
| 6   | .3                                                    | H : : : H | .3                                                     | :     | ^^^^   |       |                   |
| 1   |                                                       | H : : : H |                                                        | :     | ^^^    |       |                   |
| 1   | .                                                     | H : : : H | .                                                      | :     | ^^     |       | sc58a             |
|     |                                                       |           |                                                        |       |        |       | goto sc58a        |
| 16  | .8                                                    | H : : : H | . T . T .4                                             | >     | -      |       |                   |
| 2   | .                                                     | H : : : H | T                                                      | :     | -      |       |                   |
| 2   | .                                                     | \\  : : H | .                                                      | :     | -      |       |                   |
| 19  | .9                                                    | //  : : H | .2 T .3 T . T                                          | :     | -      |       |                   |
| 5   | .3                                                    | //  : : H | . T .                                                  | <     | -      |       |                   |
| 26  | T .12                                                 | //  : : H | .2 T .3 T .3 T .2                                      | <<    | -      |       |                   |
| 9   | T . T .                                               | //  : : H | .2 T .                                                 | <     | -      |       |                   |
| 11  | (T .)3                                                | //  : : H | T .3 T .                                               | :     | -      |       |                   |
| 9   | .2 T .                                                | //  : : H | T .3                                                   | >     | -      |       |                   |
| 26  | . T .3 (T .)4                                         | //  : : H | . (T .3)3                                              | >>    | -      |       |                   |
| 4   | .2                                                    | //  : : H | .2                                                     | >>    | vvv    |       |                   |
| 25  | S3 .5 T .3 T                                          | //  : : H | (T .3)3 T                                              | :     | vvv    |       |                   |
| 4   | . S                                                   | H : : : H | T .                                                    | :     | vvv    |       |                   |
| 8   | T . T .                                               | H : : : H | T . T .                                                | <<    | vvv    |       |                   |
| 1   |                                                       | H : : : H |                                                        | <<    | vv     |       |                   |
| 1   | .                                                     | H : : : H | .                                                      | <<    | ^^     |       |                   |
| 22  | .4 (T .)3 T                                           | H : : : H | .4 (T .)3 T                                            | <<    | ^^^    | cars+ |                   |
| 5   | .2                                                    | H : : : H | .2                                                     | <<    | ^^^    |       |                   |
| 7   | .2 P .                                                | H : : : H | .2 P .                                                 | <     | ^^^    |       |                   |
| 8   | .4                                                    | H : : : H | .4                                                     | :     | ^^^    |       | sc4d8             |
|     |                                                       |           |                                                        |       |        |       | goto sc58a        |
| 8   | . E . E                                               | H : : : H | .4                                                     | :     | -      | cars+ |                   |
| 2   | .                                                     | H : : : H | .                                                      | :     | -      | haz-  |                   |
| 1   |                                                       | H : : : H |                                                        | :     | -      |       |                   |
| 1   | .                                                     | H : : : H | .                                                      | :     | vv     |       |                   |
| 2   | .                                                     | ~ : : : ~ | .                                                      | :     | vv     | bar<> |                   |
| 2   | .                                                     | ~ : : : ~ | .                                                      | :     | vv     |       |                   |
| 1   |                                                       | ~ : : : ~ |                                                        | :     | -      |       |                   |
| 5   | E . E                                                 | ~ : : : ~ | .2 E                                                   | >     | ^^     |       |                   |
| 1   |                                                       | ~ : : : ~ |                                                        | >     | -      |       |                   |
| 5   | . E .                                                 | ~ : : : ~ | .3                                                     | >     | vv     |       |                   |
| 1   |                                                       | ~ : : : ~ |                                                        | >     | -      |       |                   |
| 5   | .3                                                    | ~ : : : ~ | .3                                                     | >     | ^^     |       |                   |
| 1   |                                                       | ~ : : : ~ |                                                        | >     | -      |       |                   |
| 5   | .3                                                    | ~ : : : ~ | .3                                                     | >     | vv     |       |                   |
| 1   |                                                       | ~ : : : ~ |                                                        | >     | -      |       |                   |
| 5   | .3                                                    | ~ : : : ~ | E .2                                                   | >     | ^^     |       |                   |
| 1   |                                                       | ~ : : : ~ |                                                        | >     | -      |       |                   |
| 5   | .3                                                    | ~ : : : ~ | . E .                                                  | >     | vv     |       |                   |
| 1   |                                                       | ~ : : : ~ |                                                        | >     | -      |       |                   |
| 5   | E . E                                                 | ~ : : : ~ | E . E                                                  | >     | ^^     |       |                   |
| 1   |                                                       | ~ : : : ~ |                                                        | >     | -      |       |                   |
| 5   | . E .                                                 | ~ : : : ~ | . E .                                                  | >>    | vv     |       |                   |
| 1   |                                                       | ~ : : : ~ |                                                        | >>    | -      |       |                   |
| 4   | . E                                                   | ~ : : : ~ | . E                                                    | >>    | ^^     |       |                   |
| 1   | .                                                     | ~ : : : ~ | E                                                      | >>>   | ^^     |       |                   |
| 1   |                                                       | ~ : : : ~ |                                                        | >>>   | -      |       |                   |
| 5   | .3                                                    | ~ : : : ~ | . E .                                                  | >>>   | vv     |       |                   |
| 1   |                                                       | ~ : : : ~ |                                                        | >>>   | -      |       |                   |
| 3   | .2                                                    | ~ : : : ~ | . E                                                    | >>>   | ^^     |       |                   |
| 2   | E                                                     | ~ : : : ~ | E                                                      | >>    | ^^     |       |                   |
| 1   |                                                       | ~ : : : ~ |                                                        | >>    | -      |       |                   |
| 5   | . E .                                                 | ~ : : : ~ | .3                                                     | >>    | vv     |       |                   |
| 1   |                                                       | ~ : : : ~ |                                                        | >>    | -      |       |                   |
| 5   | E .2                                                  | ~ : : : ~ | .3                                                     | >>    | ^^     |       |                   |
| 1   |                                                       | ~ : : : ~ |                                                        | >>    | -      |       |                   |
| 3   | E .                                                   | ~ : : : ~ | .2                                                     | >>    | vv     | haz3  |                   |
| 2   | .                                                     | ~ : : : ~ | .                                                      | >>    | vv     |       |                   |
| 1   |                                                       | ~ : : : ~ |                                                        | >>    | -      |       |                   |
| 5   | E .2                                                  | ~ : : : ~ | .3                                                     | >>    | ^^     | bar<> |                   |
| 1   |                                                       | ~ : : : ~ |                                                        | >>    | -      |       |                   |
| 3   | E .                                                   | ~ : : : ~ | .2                                                     | >>    | vv     |       |                   |
| 2   | .                                                     | ~ : : : ~ | .                                                      | >     | vv     |       |                   |
| 1   |                                                       | ~ : : : ~ |                                                        | >     | -      |       |                   |
| 5   | E . E                                                 | ~ : : : ~ | .2 E                                                   | >     | ^^     |       |                   |
| 1   |                                                       | ~ : : : ~ |                                                        | >     | -      |       |                   |
| 5   | .3                                                    | ~ : : : ~ | .3                                                     | >     | vv     |       |                   |
| 1   |                                                       | ~ : : : ~ |                                                        | >     | -      |       |                   |
| 5   | .2 E                                                  | ~ : : : ~ | E .2                                                   | >     | ^^     |       |                   |
| 1   |                                                       | ~ : : : ~ |                                                        | >     | -      |       |                   |
| 5   | .3                                                    | ~ : : : ~ | . E .                                                  | >     | vv     |       |                   |
| 1   |                                                       | ~ : : : ~ |                                                        | >     | -      |       |                   |
| 5   | E . E                                                 | ~ : : : ~ | .3                                                     | >     | ^^     |       |                   |
| 1   |                                                       | ~ : : : ~ |                                                        | >     | -      |       |                   |
| 5   | .3                                                    | ~ : : : ~ | .3                                                     | >     | vv     |       |                   |
| 1   |                                                       | ~ : : : ~ |                                                        | >     | -      |       |                   |
| 5   | E .2                                                  | ~ : : : ~ | E .2                                                   | >     | ^^     |       |                   |
| 1   |                                                       | ~ : : : ~ |                                                        | >     | -      |       |                   |
| 4   | E .                                                   | ~ : : : ~ | E .                                                    | >     | vv     |       |                   |
| 1   | .                                                     | ~ : : : ~ | .                                                      | :     | vv     |       |                   |
| 1   |                                                       | ~ : : : ~ |                                                        | :     | -      |       |                   |
| 5   | E . E                                                 | ~ : : : ~ | E . E                                                  | :     | ^^     |       |                   |
| 1   |                                                       | ~ : : : ~ |                                                        | :     | -      |       |                   |
| 5   | . E .                                                 | ~ : : : ~ | .3                                                     | :     | vv     |       |                   |
| 1   |                                                       | ~ : : : ~ |                                                        | :     | -      |       |                   |
| 5   | .2 E                                                  | ~ : : : ~ | .3                                                     | :     | ^^     |       |                   |
| 1   |                                                       | ~ : : : ~ |                                                        | :     | -      |       |                   |
| 5   | .3                                                    | ~ : : : ~ | .3                                                     | :     | vv     |       |                   |
| 1   |                                                       | ~ : : : ~ |                                                        | :     | -      |       |                   |
| 3   | .2                                                    | ~ : : : ~ | .2                                                     | :     | ^^     | haz3  |                   |
| 2   | S                                                     | ~ : : : ~ | S                                                      | :     | ^^     | bar<> |                   |
| 20  | .10                                                   | H : : : H | .2 P .5 P .                                            | :     | -      |       | sc3f4             |
|     |                                                       |           |                                                        |       |        |       | split sc3f4 sc4d8 |
| 8   | E . E .                                               | H : : : H | E . E .                                                | :     | -      | arr<  |                   |
| 6   | .3                                                    | H : : : H | . E .                                                  | :     | -      | cars- |                   |
| 15  | P .5 P                                                | H : : : H | (E .)3 E                                               | :     | -      |       |                   |
| 55  | .2 T .5 T .3 P .5 P .9                                | H : : : H | T .3 T .7 P .5 P .3 (E .)3                             | >>    | -      |       |                   |
| 25  | (T .3 T .)2                                           | H : : : H | .2 T .9                                                | :     | -      |       |                   |
| 51  | T . T .3 (E .3 E .)2 E .7                             | H : : : H | (T .)4 T .5 (T .3 T .)2                                | <<    | -      |       |                   |
| 39  | .3 (T .)8                                             | H : : : H | .3 (T .)8                                              | :     | -      |       |                   |
| 136 | .5 (T .)9 (T .3)4 T . T .3 E . E .3 E .7 T . T . T .4 | H : : : H | .3 T .5 (E .)4 (E .3)3 (E .)6 E .5 (E .3)3 (E .)3 E .2 | >     | -      |       |                   |
| 3   | .2                                                    | H : : : H | . T                                                    | :     | -      |       |                   |
| 2   | .                                                     | \\  : : H | .                                                      | :     | -      |       |                   |
| 60  | (E .)15                                               |   H : : H | (T .3)3 T .5 (T .)6                                    | :     | -      |       | sc288             |
