; Decompiled from Stage5Data.c by map_compile.py.
; One row is one slice of road, read bottom to top: the last row is
; the start of the stage. See C/docs/map-text-format.md.
; stage: 5
; prefix: stage5_map
; obj T = TUNNEL_LIGHT
; obj O = OVERHEAD_BRIDGE
; obj C = CACTUS
; obj D = DOUBLE_STREET_LAMP
; obj H = HUGE_ROCK
; obj E = TELEGRAPH_POLE
; addr sc455 curvature = 0x6055
; addr sc455 height = 0x6068
; addr sc455 lanes = 0x607A
; addr sc455 hazards = 0x6092
; addr sc455 leftobjs = 0x609A
; addr sc455 rightobjs = 0x60DD
; addr sc513 curvature = 0x6113
; addr sc513 height = 0x6126
; addr sc513 lanes = 0x613E
; addr sc513 hazards = 0x6152
; addr sc513 leftobjs = 0x6160
; addr sc513 rightobjs = 0x61A3
; addr sc5e3 curvature = 0x61E3
; addr sc5e3 height = 0x61F8
; addr sc5e3 lanes = 0x6214
; addr sc5e3 hazards = 0x6228
; addr sc5e3 leftobjs = 0x622D
; addr sc5e3 rightobjs = 0x6251
; addr sc65c curvature = 0x625C
; addr sc65c height = 0x6284
; addr sc65c lanes = 0x62BB
; addr sc65c hazards = 0x62D1
; addr sc65c leftobjs = 0x62EE
; addr sc65c rightobjs = 0x63A5

; DESYNC: section 'sc65c' was padded
| Dst | Left objs                 | Road      | Right objs             | Curve | Height | Haz   | Loop              |
| --- | ------------------------- | --------- | ---------------------- | ----- | ------ | ----- | ----------------- |
|     |                           |           |                        |       |        |       | goto sc65c        |
| 22  | . C (. D)4 .              | H : : : H | .3 C . C .3 C .        | :     | -      |       |                   |
| 2   | C                         | H : :  // | .                      | :     | -      |       |                   |
| 8   | C . C .                   | H : : H   | H . H .                | :     | -      |       |                   |
| 2   | .                         | H : :  \\ | .                      | :     | -      |       |                   |
| 4   | .2                        | H : : : H | . H                    | :     | -      |       |                   |
| 2   | .                         | \\  : : H | H                      | :     | -      |       |                   |
| 21  | (H .)5                    | //  : : H | (H .)5                 | :     | -      |       |                   |
| 15  | (H .)4                    | //  : : H | .4 H . H .             | >>    | -      |       |                   |
| 4   | H .                       | H : : : H | C .                    | >>    | -      | haz-  |                   |
| 4   | H .                       | H : : : H | .2                     | >>    | -      | bar<  |                   |
| 39  | (. H)9 .                  | H : : : H | .15 C . C .            | >>    | -      |       |                   |
| 6   | H . H                     | H : : : H | .3                     | >>>   | -      |       |                   |
| 8   | H . H .                   | H : : : H | .4                     | >>>   | vv     |       |                   |
| 2   | .                         | H : : : H | .                      | >>>   | ^^^^   |       |                   |
| 1   | H                         | H : : : H | .                      | >>>   | ^^^    | haz-  |                   |
| 4   | H .                       | H : : : H | .2                     | >>    | -      | bar<  |                   |
| 2   | .                         | H : : : H | .                      | >>    | -      |       |                   |
| 1   |                           | H : : : H |                        | >>    | vv     |       |                   |
| 1   | H                         | H : : : H | .                      | >>    | vvv    |       |                   |
| 1   |                           | H : : : H |                        | >>    | vvvv   |       |                   |
| 1   | .                         | H : : : H | .                      | >>    | vvv    |       |                   |
| 1   |                           | H : : : H |                        | >>    | vv     |       |                   |
| 1   | H                         | H : : : H | .                      | >>    | ^^     |       |                   |
| 1   |                           | H : : : H |                        | >>    | ^^^    |       |                   |
| 1   | .                         | H : : : H | .                      | >>    | ^^^^   |       |                   |
| 1   |                           | H : : : H |                        | >>    | ^^^    |       |                   |
| 1   | H                         | H : : : H | .                      | >>    | ^^     |       |                   |
| 8   | H . H .                   | H : : : H | .4                     | >>    | -      |       |                   |
| 54  | (. H)9 .9                 | H : : : H | (. H)8 .11             | :     | -      |       |                   |
| 25  | (. H)6                    | H : : : H | (. H)6                 | >>    | -      |       |                   |
| 21  | .10 H                     | H : : : H | (H .)5 H               | <<    | -      |       |                   |
| 3   | .                         | H : : : H | .                      | :     | -      |       |                   |
| 3   | .2                        | H : : : H | . H                    | :     | v      |       |                   |
| 1   |                           | H : : : H |                        | :     | vv     |       |                   |
| 1   | .                         | H : : : H | H                      | :     | vvv    |       |                   |
| 4   | .2                        | H : : : H | H .                    | :     | vvvv   |       |                   |
| 6   | . H .                     | H : : : H | . H .                  | :     | ^^^^   |       |                   |
| 1   |                           | H : : : H |                        | :     | ^^^    |       |                   |
| 1   | .                         | H : : : H | H                      | :     | vvv    |       |                   |
| 4   | H .                       | H : : : H | H .                    | :     | vvvv   |       |                   |
| 8   | H .3                      | H : : : H | .4                     | :     | ^^^^   |       |                   |
| 2   | .                         | H : : : H | .                      | :     | ^^^    |       |                   |
| 1   |                           | H : : : H |                        | :     | ^^     |       |                   |
| 2   | H                         | H : : : H | .                      | :     | -      |       |                   |
| 2   | .                         | H : : : H | .                      | :     | vv     |       |                   |
| 1   | H                         | H : : : H | .                      | >>    | vvv    |       |                   |
| 2   | .                         | H : : : H | .                      | >>    | vvvv   |       |                   |
| 4   | . H                       | H : : : H | .2                     | >>    | vvv    |       |                   |
| 2   | H                         | H : : : H | .                      | >>    | vv     |       |                   |
| 14  | (. H)3 .                  | H : : : H | .7                     | >>    | -      | haz-  |                   |
| 4   | . H                       | H : : : H | .2                     | >>    | -      | bar<  |                   |
| 14  | (H .)3 H                  | H : : : H | H .6                   | >>    | -      |       |                   |
| 19  | (. H)4 .                  | H : : : H | (. H)4 .               | :     | -      |       |                   |
| 41  | (C . C .3)2 C .3 C .3 H   | H : : : H | (H .)10 H              | <<    | -      |       |                   |
| 6   | . C .                     | H : : : H | . H .                  | :     | -      | haz-  |                   |
| 8   | .4                        | H : : : H | .4                     | :     | -      | bar<> |                   |
| 26  | (D .)6 D                  | H : : : H | .6 (C .)3 C            | :     | -      |       | sc65c             |
|     |                           |           |                        |       |        |       | goto sc65c        |
| 4   | .2                        | H : : : H | .2                     | :     | -      |       |                   |
| 2   | .                         | H : :  // | .                      | :     | -      |       |                   |
| 18  | .9                        | H : : H   | .9                     | :     | -      |       |                   |
| 8   | T4                        | # : : #   | .4                     | :     | -      |       |                   |
| 5   | T2                        | # : : #   | .2                     | >     | -      |       |                   |
| 2   | T                         | # : : #   | .                      | >     | v      |       |                   |
| 11  | T6                        | # : : #   | .6                     | >     | vv     |       |                   |
| 8   | T4                        | # : : #   | .4                     | >     | vvv    |       |                   |
| 2   | T                         | # : : #   | .                      | >>    | vvv    |       |                   |
| 11  | T5                        | # : : #   | .5                     | >>    | vvvv   |       |                   |
| 4   | T2                        | # : : #   | .2                     | >>    | vvv    |       |                   |
| 4   | T2                        | # : : #   | .2                     | >>    | vv     |       |                   |
| 2   | T                         | # : : #   | .                      | >>    | v      |       |                   |
| 1   | T                         | # : : #   | .                      | >>    | -      |       |                   |
| 2   | T                         | # : : #   | .                      | >>    | ^^     |       |                   |
| 2   | T                         | # : : #   | .                      | >>    | ^^^    |       |                   |
| 8   | T4                        | # : : #   | .4                     | >>    | ^^^^   |       |                   |
| 6   | T3                        | # : : #   | .3                     | >>    | ^^^    |       |                   |
| 20  | T10                       | # : : #   | .10                    | >>    | ^^     |       |                   |
| 2   | T                         | # : : #   | .                      | >>    | -      |       |                   |
| 6   | . T2                      | # : : #   | .3                     | >     | -      |       |                   |
| 10  | E . E .2                  | H : : H   | .5                     | >>    | -      |       |                   |
| 1   |                           | H : : H   |                        | >     | -      |       |                   |
| 1   | .                         | H : : H   | .                      | <<    | -      |       |                   |
| 2   | E                         | H : :  \\ | .                      | <<    | -      |       |                   |
| 6   | . E .                     | H : : : H | .3                     | <<    | -      |       |                   |
| 1   |                           | H : : : H |                        | <<    | ^^^    |       |                   |
| 2   | E                         | H : : : H | .                      | <<    | ^^^^   |       |                   |
| 13  | (. E)3 .                  | H : : : H | .7                     | :     | ^^^^   |       |                   |
| 4   | . E                       | H : : : H | .2                     | :     | -      |       |                   |
| 3   | E                         | H : : : H | .                      | :     | vv     |       |                   |
| 15  | .2 (E .)3                 | H : : : H | .8                     | :     | vvv    |       | sc5e3             |
|     |                           |           |                        |       |        |       | goto sc5e3        |
| 6   | D . D                     | H : : : H | .3                     | :     | -      |       |                   |
| 2   | .                         | H : :  // | .                      | :     | -      |       |                   |
| 2   | .                         | H : : H   | .                      | :     | -      |       |                   |
| 10  | T5                        | # : : #   | T5                     | :     | -      |       |                   |
| 1   |                           | # : : #   |                        | :     | vv     |       |                   |
| 3   | T2                        | # : : #   | T2                     | :     | vvv    |       |                   |
| 1   |                           | # : : #   |                        | :     | vv     |       |                   |
| 1   | T                         | # : : #   | T                      | :     | ^^     |       |                   |
| 3   | T                         | # : : #   | T                      | :     | ^^^    |       |                   |
| 1   | T                         | # : : #   | T                      | :     | ^^     |       |                   |
| 2   | .                         | # : : #   | .                      | :     | -      |       |                   |
| 18  | O . O .6                  | H : : H   | O . O .6               | :     | -      |       |                   |
| 68  | .6 (O .)14                | H : : H   | .6 (O .)14             | >>    | -      |       |                   |
| 25  | .12                       | H : : H   | .12                    | :     | -      |       |                   |
| 13  | . O . O .3                | H : : H   | . O . O .3             | <<    | -      |       |                   |
| 2   | O                         | H : :  \\ | O                      | <<    | -      | haz-  |                   |
| 4   | O .                       | H : : : H | O .                    | <<    | -      | bar>  |                   |
| 16  | (O .)4                    | H : : : H | (O .)4                 | <<    | -      | cars+ |                   |
| 8   | O . O .                   | H : : : H | O . O .                | <<    | -      |       |                   |
| 12  | .2 O . O .                | H : : : H | .2 O . O .             | :     | -      |       | sc513             |
|     |                           |           |                        |       |        |       | goto sc5e3        |
| 17  | . C .3 C .2               | H : : : H | . C .3 C .2            | :     | -      |       |                   |
| 60  | .9 (C .)3 C .5 C . C .5 C | H : : : H | .3 (E .)12 E .2        | <<    | -      |       |                   |
| 7   | . E . E                   | H : : : H | .4                     | >>    | -      |       |                   |
| 2   | E                         | H : :  // | .                      | >>    | -      |       |                   |
| 31  | (. E)7 .                  | H : : H   | .5 C .3 C . C .3       | >>    | -      |       |                   |
| 41  | (C .)4 (C .3)3 E          | H : : H   | .10 (C .)4 C .2        | <<    | -      |       |                   |
| 2   | .                         | H : : H   | .                      | :     | -      |       |                   |
| 2   | C                         | H : :  \\ | .                      | :     | -      |       |                   |
| 6   | . C .                     | H : : : H | .3                     | :     | -      |       |                   |
| 2   | C                         | H : :  // | .                      | :     | -      |       |                   |
| 4   | .2                        | H : : H   | .2                     | :     | -      |       |                   |
| 4   | T2                        | # : : #   | T2                     | :     | -      | cars+ |                   |
| 18  | . T8                      | # : : #   | . T8                   | :     | -      |       |                   |
| 2   | .                         | H : :  \\ | .                      | :     | -      |       | sc455             |
|     |                           |           |                        |       |        |       | split sc513 sc455 |
| 4   | E .                       | H : : : H | .2                     | :     | -      | arr>  |                   |
| 12  | E .3 E .                  | H : : : H | .2 C . C .             | :     | -      | cars- |                   |
| 23  | (. E)5 .                  | H : : : H | C E . E (. C)3 .       | :     | -      |       |                   |
| 7   | . E . E                   | H : : : H | . E C E                | <     | -      |       |                   |
| 33  | .3 C . C .3 C .3 C .2     | H : : : H | (. C)7 .2              | <<    | -      |       |                   |
| 20  | (. C)3 .3 C               | H : : : H | (. E)4 . C             | <<<   | -      |       |                   |
| 31  | (. C)8                    | H : : : H | (. E .3 E)2 . E . E    | <<    | -      |       |                   |
| 38  | O . O .5 O . O .8         | H : : : H | (O . O .5)2 E . E      | :     | -      | haz-  |                   |
| 8   | .4                        | H : : : H | .4                     | :     | -      | bar<> |                   |
| 33  | D .3 O . O .5 O . O .     | H : : : H | .4 O . O .5 O . O .    | :     | -      |       |                   |
| 10  | . D . D .                 | H : : : H | .5                     | >     | -      |       |                   |
| 25  | (D .)6 D                  | H : : : H | E .3 E .3 E . E .2     | >>    | -      |       |                   |
| 15  | (. D)3 .                  | H : : : H | .3 E .3                | >>>   | -      |       |                   |
| 3   | . D                       | H : : : H | . E                    | >>    | -      | haz-  |                   |
| 4   | . D                       | H : : : H | .2                     | >>    | -      | bar<  |                   |
| 14  | (D .)3 D                  | H : : : H | .2 E .3 E              | >>    | -      |       |                   |
| 8   | .2 D .                    | H : : : H | E . E .                | :     | -      |       |                   |
| 1   |                           | H : : : H |                        | :     | vv     |       |                   |
| 1   | .                         | H : : : H | .                      | :     | vvv    |       |                   |
| 3   | C                         | H : : : H | .                      | :     | vvvv   |       |                   |
| 3   | C .                       | H : : : H | C .                    | :     | ^^^^   |       |                   |
| 1   |                           | H : : : H |                        | :     | ^^^    |       |                   |
| 2   | .                         | H : : : H | .                      | :     | ^^     |       |                   |
| 9   | E . C . C                 | H : : : H | C . C .2               | :     | -      |       |                   |
| 2   | .                         | \\  : : H | .                      | :     | -      |       |                   |
| 5   | . E                       |   H : : H | . C                    | :     | -      |       |                   |
| 3   | . E                       |   H : : H | .2                     | <     | -      |       |                   |
| 1   |                           |   H : : H |                        | <     | vv     |       |                   |
| 1   | E                         |   H : : H | C                      | <     | vvv    |       |                   |
| 1   |                           |   H : : H |                        | <     | vvvv   |       |                   |
| 4   | E .                       |   H : : H | .2                     | <     | vv     |       |                   |
| 3   | E .                       |   H : : H | C .                    | <     | vvv    |       |                   |
| 1   |                           |   H : : H |                        | <     | vv     |       |                   |
| 20  | C .3 (E .)3               |   H : : H | .6 C . C .             | <<    | -      |       |                   |
| 1   | E                         |   H : : H | .                      | <<    | ^^     |       |                   |
| 4   | E C                       |   H : : H | .2                     | :     | ^^     |       |                   |
| 1   |                           |   H : : H |                        | :     | ^^^    |       |                   |
| 1   | C                         |   H : : H | .                      | :     | ^^^^   | haz-  |                   |
| 2   | E                         |   H : : H | .                      | :     | ^^^    |       |                   |
| 2   | C                         |   H : : H | .                      | :     | ^^     | bar>  |                   |
| 2   | .                         |   H : : H | .                      | :     | -      |       |                   |
| 2   | .                         |   \\  : H | C                      | :     | -      |       |                   |
| 36  | (C .)9                    |     H : H | . D .3 D . D .4 (C .)3 | :     | -      |       | sc2a1             |
