; A randomly authored test level for stage 6. Not from the original game.
; One row is one slice of road, read bottom to top: the last row is
; the start of the stage. See C/docs/map-text-format.md.
; stage: 6
; prefix: stage6_map
; base: 0xC65C
; obj T = TUNNEL_LIGHT

| Dst | Left objs | Road      | Right objs | Curve | Height | Haz   | Loop       |
| --- | --------- | --------- | ---------- | ----- | ------ | ----- | ---------- |
|     |           |           |            |       |        |       | goto start |
| 18  | .9        | H : : : H | .9         | :     | :      |       |            |
| 2   | .         | H : : :// | .          | :     | :      |       |            |
| 6   | .3        | H : : H   | .3         | :     | :      | haz-  |            |
| 8   | .4        | H : : H   | .4         | >     | :      | haz3  |            |
| 14  | .7        | H : : H   | .7         | :     | v      | cars+ |            |
| 8   | T4        | # : : #   | T4         | >     | :      |       |            |
| 10  | T5        | # : : #   | T5         | :     | ^^     |       |            |
| 8   | T4        | # : : #   | T4         | <     | :      |       |            |
| 12  | .6        | H : : H   | .6         | <<    | :      | cars- |            |
| 2   | .         | H : :  \\ | .          | :     | vv     |       |            |
| 10  | .5        | H : : : H | .5         | :     | vvv    | arrX  |            |
| 20  | .10       | H : : : H | .10        | >>    | :      | arr>  |            |
| 2   | .         | \\: : : H | .          | >     | ^      | haz-  |            |
| 12  | .6        |   H : : H | .6         | :     | ^^     | haz1  |            |
| 2   | .         |   \\: : H | .          | :     | :      |       |            |
| 16  | .8        |     H : H | .8         | <     | v      | haz-  |            |
| 2   | .         |   //  : H | .          | <<    | vv     |       |            |
| 8   | .4        |   H : : H | .4         | <<    | vv     | bar>  |            |
| 14  | .7        |   H : : H | .7         | <     | :      |       |            |
| 2   | .         | //  : : H | .          | :     | ^      |       |            |
| 12  | .6        | H : : : H | .6         | >     | ^^^    |       |            |
| 16  | .8        | H : : : H | .8         | >>    | ^^     |       |            |
| 10  | .5        | H : : : H | .5         | >     | :      |       |            |
| 20  | .10       | H : : : H | .10        | :     | :      | cars+ | start      |
