; Decompiled from Stage2Data.c by map_compile.py.
; One row is one slice of road, read bottom to top: the last row is
; the start of the stage. See C/docs/map-text-format.md.
; stage: 2
; prefix: stage2_map
; obj T = TUNNEL_LIGHT
; obj H = HUGE_ROCK
; obj P = PALM_TREE
; obj L = LEAVES
; obj D = DOUBLE_LAMP
; addr se439 curvature = 0x6039
; addr se439 height = 0x604F
; addr se439 lanes = 0x6074
; addr se439 hazards = 0x6088
; addr se439 leftobjs = 0x60A8
; addr se439 rightobjs = 0x60F9
; addr se53c curvature = 0x613C
; addr se53c height = 0x614F
; addr se53c lanes = 0x6161
; addr se53c hazards = 0x617B
; addr se53c leftobjs = 0x6192
; addr se53c rightobjs = 0x61D0
; addr se60b curvature = 0x620B
; addr se60b height = 0x621E
; addr se60b lanes = 0x622F
; addr se60b hazards = 0x6243
; addr se60b leftobjs = 0x6248
; addr se60b rightobjs = 0x6268
; addr se674 curvature = 0x6274
; addr se674 height = 0x629C
; addr se674 lanes = 0x62E0
; addr se674 hazards = 0x62F0
; addr se674 leftobjs = 0x6313
; addr se674 rightobjs = 0x639B

| Dst | Left objs                            | Road      | Right objs                     | Curve | Height | Haz   | Loop              |
| --- | ------------------------------------ | --------- | ------------------------------ | ----- | ------ | ----- | ----------------- |
|     |                                      |           |                                |       |        |       | goto se674        |
| 9   | . H .2                               | H : : : H | . D . D                        | :     | -      |       |                   |
| 41  | .2 H . H . H . H . H . H . H .3 H .2 | H : : : H | H .3 H .9 D . D . D . D        | <     | -      |       |                   |
| 18  | .3 H .3 H .                          | H : : : H | . H .3 H .3                    | :     | -      |       |                   |
| 1   |                                      | H : : : H |                                | :     | v      |       |                   |
| 2   | H                                    | H : : : H | H                              | :     | vv     |       |                   |
| 2   | .                                    | H : : : H | .                              | :     | vvv    |       |                   |
| 2   | H                                    | H : : : H | H                              | :     | vvvv   |       |                   |
| 1   | .                                    | H : : : H | .                              | :     | vvv    |       |                   |
| 1   |                                      | H : : : H |                                | :     | vv     |       |                   |
| 1   | H                                    | H : : : H | H                              | :     | v      |       |                   |
| 1   |                                      | H : : : H |                                | :     | ^      |       |                   |
| 1   | .                                    | H : : : H | .                              | :     | ^^     |       |                   |
| 1   |                                      | H : : : H |                                | :     | ^^^    |       |                   |
| 3   | . H                                  | H : : : H | . H                            | :     | ^^^^   |       |                   |
| 1   |                                      | H : : : H |                                | :     | ^^^    |       |                   |
| 1   | H                                    | H : : : H | H                              | :     | ^^     |       |                   |
| 23  | . H . H . H . H . H .                | H : : : H | . H .7 H .                     | :     | -      |       |                   |
| 27  | .7 H . H . H . H                     | H : : : H | . P . P .3 H . H . H . H       | >     | -      |       |                   |
| 32  | .16                                  | H : : : H | . H . H . H . H . H . H .3 P   | >>    | -      |       |                   |
| 2   | .                                    | H : : : H | H                              | >>    | vv     |       |                   |
| 10  | .5                                   | H : : : H | . H . H .                      | :     | vv     |       |                   |
| 2   | .                                    | H : : : H | H                              | :     | v      |       |                   |
| 13  | .6                                   | H : : : H | H . H . H .                    | :     | -      |       |                   |
| 1   | .                                    | H : : : H | .                              | :     | ^^     |       |                   |
| 1   |                                      | H : : : H |                                | :     | ^^^    |       |                   |
| 3   | .2                                   | H : : : H | . H                            | :     | ^^^^   | haz-  |                   |
| 2   | .                                    | H : : : H | H                              | :     | ^^     | bar<  |                   |
| 4   | .2                                   |   H : : H | H .                            | :     | ^^     | haz-  |                   |
| 1   |                                      |   H : : H |                                | :     | ^^     |       |                   |
| 1   | .                                    |   H : : H | .                              | :     | vv     | bar<  |                   |
| 15  | P . P .4                             | H : : : H | H . H . H . H                  | :     | vv     |       |                   |
| 6   | . P .                                | H : : : H | . H .                          | :     | ^^     |       |                   |
| 3   | . P                                  | H : : : H | . H                            | <     | ^^     |       |                   |
| 12  | . P . P . P                          | H : : : H | . H . H . H                    | <     | -      | haz-  |                   |
| 4   | . P                                  | H : : : H | . H                            | <     | -      | haz2  |                   |
| 18  | .9                                   | H : : : H | H . H .5 H                     | <     | -      |       |                   |
| 1   |                                      | H : : : H |                                | <     | v      |       |                   |
| 1   | .                                    | H : : : H | .                              | <     | vv     |       |                   |
| 10  | .5                                   | H : : : H | H . H . H                      | <     | vvv    |       |                   |
| 1   |                                      | H : : : H |                                | :     | vvv    |       |                   |
| 4   | .2                                   | H : : : H | H .                            | :     | vv     |       |                   |
| 2   | .                                    | H : : : H | .                              | :     | ^^^    |       |                   |
| 10  | L .4                                 | H : : : H | H . H . H                      | :     | ^^^^   |       |                   |
| 1   | .                                    | H : : : H | .                              | :     | ^^^    |       |                   |
| 1   |                                      | H : : : H |                                | :     | ^^     |       |                   |
| 1   | L                                    | H : : : H | H                              | :     | vv     |       |                   |
| 4   | L .                                  | H : : : H | H .                            | :     | vvv    |       |                   |
| 1   |                                      | H : : : H |                                | :     | vv     |       |                   |
| 1   | .                                    | H : : : H | .                              | :     | v      |       |                   |
| 5   | . L                                  | H : : : H | . H                            | :     | -      |       |                   |
| 1   | .                                    | H : : : H | H                              | <     | -      |       |                   |
| 2   | .                                    | H : :  // | .                              | <     | -      |       |                   |
| 28  | . L . L .3 L .6                      | H : : H   | . H . H . H . H . H . H . H    | <     | -      |       |                   |
| 14  | P . P . P .2                         | H : : H   | H . H . H . H                  | <<    | -      |       |                   |
| 2   | .                                    | H : : H   | .                              | <     | -      | haz-  |                   |
| 2   | P                                    | H : : H   | H                              | <     | -      |       |                   |
| 2   | .                                    | H : : : H | .                              | <     | -      | bar>  |                   |
| 2   | P                                    | H : : : H | .                              | <     | -      |       |                   |
| 9   | H .3                                 | H : : : H | .4                             | :     | -      |       |                   |
| 2   | .                                    | H : : : H | .                              | :     | vv     |       |                   |
| 5   | H . H                                | H : : : H | P .2                           | :     | vvv    |       |                   |
| 4   | H .                                  | H : : : H | P .                            | :     | ^^^^   |       |                   |
| 3   | .                                    | H : : : H | .                              | :     | ^^^    |       |                   |
| 20  | . H . H . H . H . H                  | H : : : H | .5 P .3 P                      | >     | ^^     |       |                   |
| 1   | H                                    | H : : : H | .                              | >     | vvv    | haz-  |                   |
| 6   | . H .                                | H : : : H | . L .                          | >     | vvv    | haz1  |                   |
| 10  | H . H . H                            | H : : : H | .2 L .2                        | >     | vvv    |       |                   |
| 3   | .                                    | H : : : H | .                              | :     | vvv    |       |                   |
| 14  | .4 H . H                             | H : : : H | L .3 L . L                     | :     | ^^     |       |                   |
| 11  | D . D . D .                          | H : : : H | .2 L .3                        | :     | -      |       | se674             |
|     |                                      |           |                                |       |        |       | goto se674        |
| 34  | D . D . D . D . D . D . D . D . D    | H : : : H | .17                            | :     | -      |       |                   |
| 2   | .                                    | H : :  // | .                              | :     | -      |       |                   |
| 10  | .2 D . D                             | H : : H   | .5                             | :     | -      |       |                   |
| 6   | T3                                   | # : : #   | .3                             | :     | -      |       |                   |
| 42  | T21                                  | # : : #   | .21                            | >     | -      |       |                   |
| 12  | .4 T2                                | # : : #   | T3 .3                          | :     | -      |       |                   |
| 26  | .13                                  | # : : #   | T13                            | <<    | -      |       |                   |
| 8   | .4                                   | # : : #   | . T3                           | :     | -      |       |                   |
| 22  | T11                                  | # : : #   | .11                            | >>    | -      |       |                   |
| 8   | . T3                                 | # : : #   | .4                             | :     | -      |       |                   |
| 10  | .5                                   | H : : H   | .5                             | :     | -      |       |                   |
| 2   | .                                    | H : :  \\ | .                              | :     | -      |       |                   |
| 8   | .4                                   | H : : : H | .4                             | :     | -      |       | se60b             |
|     |                                      |           |                                |       |        |       | goto se60b        |
| 14  | L . L . L .2                         | H : : : H | D . D . D . D                  | :     | -      | haz-  |                   |
| 8   | L .3                                 | H : : : H | D . D .                        | :     | -      | haz3  |                   |
| 7   | . L .                                | H : : : H | . D .                          | :     | -      |       |                   |
| 35  | . L . L . L .3 L .3 L . L . L        | H : : : H | . P .3 P .3 D . D . D . D . D  | <     | -      |       |                   |
| 2   | L                                    | H : :  // | P                              | <     | -      | haz-  |                   |
| 2   | .                                    | H :  //   | .                              | <     | -      | bar<  |                   |
| 38  | .2 D . D . D . D . D . D . D .4      | H : H     | .2 P . P .3 P . P . P . P .3 P | <     | -      |       |                   |
| 2   | .                                    | H :  \\   | .                              | <     | -      |       |                   |
| 18  | D . D . D .3 D                       | H : : H   | .2 P . P . P . P               | <     | -      |       |                   |
| 22  | .5 D . D . D .                       | H : : H   | .11                            | :     | -      |       |                   |
| 38  | T19                                  | # : : #   | T19                            | :     | -      | cars+ |                   |
| 8   | . T3                                 | # : : #   | . T3                           | :     | -      |       |                   |
| 6   | .3                                   | H : : H   | .3                             | :     | -      | heli1 |                   |
| 2   | .                                    | H : : H   | .                              | :     | -      |       |                   |
| 2   | .                                    | H : :  \\ | .                              | :     | -      |       |                   |
| 6   | .3                                   | H : : : H | .3                             | :     | -      |       | se53c             |
|     |                                      |           |                                |       |        |       | goto se60b        |
| 1   |                                      | H : : : H |                                | :     | v      |       |                   |
| 1   | P                                    | H : : : H | D                              | :     | vv     |       |                   |
| 7   | .3                                   | H : : : H | .3                             | :     | vvv    |       |                   |
| 13  | L . P .3 L                           | H : : : H | .2 D . D . D                   | >     | vvv    |       |                   |
| 6   | . P .                                | H : : : H | . D .                          | >     | vvvv   | haz-  |                   |
| 2   | P                                    | H : : : H | .                              | >     | vvvv   | heli1 |                   |
| 3   | .                                    | H : : : H | .                              | :     | vvvv   |       |                   |
| 12  | . L . L . L                          | H : : : H | . D . D . D                    | :     | vvv    |       |                   |
| 4   | .2                                   | H : : : H | .2                             | <     | vvv    |       |                   |
| 1   | L                                    | H : : : H | D                              | <     | vv     |       |                   |
| 1   |                                      | H : : : H |                                | <     | v      |       |                   |
| 1   | .                                    | H : : : H | .                              | <     | -      |       |                   |
| 1   |                                      | H : : : H |                                | <     | ^      |       |                   |
| 6   | L . L                                | H : : : H | D . D                          | <     | ^^     |       |                   |
| 11  | .2 L .3                              | H : : : H | L .3 L .                       | :     | ^^     |       |                   |
| 2   | .                                    | \\  : : H | .                              | :     | ^^     |       |                   |
| 4   | . L                                  | //  : : H | . L                            | :     | ^^     |       |                   |
| 4   | . L                                  | H : : : H | . L                            | :     | ^^     |       |                   |
| 8   | .3 L                                 | H : : : H | . L . D                        | >     | ^^     |       |                   |
| 8   | .3 P                                 | H : : : H | . D .2                         | >>    | ^^^    |       |                   |
| 13  | . P .3 P                             | H : : : H | . D . D .2                     | >     | ^^^    |       |                   |
| 9   | .2 P .2                              | H : : : H | .2 D . D                       | :     | ^^^    |       |                   |
| 2   | .                                    | H : :  // | .                              | :     | ^^^    |       |                   |
| 10  | P . P . P                            | H : : H   | D .3 D                         | :     | ^^^    | haz-  |                   |
| 2   | .                                    | H : :  \\ | .                              | :     | ^^^    |       |                   |
| 2   | P                                    | H : : : H | .                              | :     | ^^^    | haz2  |                   |
| 2   | .                                    | H : : : H | .                              | :     | ^^^    |       |                   |
| 2   | .                                    | H : : : H | D                              | :     | ^^     |       |                   |
| 2   | .                                    | H : : : H | .                              | >     | ^      |       |                   |
| 2   | P                                    | H : : : H | .                              | >     | v      |       |                   |
| 2   | .                                    | H : : : H | .                              | >     | vv     |       |                   |
| 8   | . P . P                              | H : : : H | . D . D                        | >     | vvv    | haz-  |                   |
| 2   | P                                    | H : : : H | D                              | >     | vvv    | bar<> |                   |
| 12  | P . P .3                             | H : : : H | .2 D .3                        | >     | vvv    | haz-  |                   |
| 2   | .                                    | H : : : H | .                              | >     | vvv    | bar<> |                   |
| 3   | .                                    | H : : : H | D                              | >     | vvv    |       |                   |
| 8   | P .3                                 | H : : : H | D .3                           | :     | vvv    |       |                   |
| 2   | .                                    | H : : : H | .                              | :     | vv     |       |                   |
| 2   | P                                    | H : : : H | .                              | :     | v      |       |                   |
| 1   | .                                    | H : : : H | .                              | :     | ^      |       |                   |
| 3   | P                                    | H : : : H | .                              | :     | ^^     |       |                   |
| 2   | .                                    | H : : : H | .                              | :     | ^^^    |       |                   |
| 1   | P                                    | H : : : H | .                              | :     | ^^^^   | cars+ |                   |
| 6   | . P .                                | H : : : H | .3                             | :     | ^^^^   |       |                   |
| 6   | P . P                                | H : : : H | .3                             | :     | ^^^    |       |                   |
| 8   | P . P .                              | H : : : H | .4                             | :     | ^^     |       | se439             |
|     |                                      |           |                                |       |        |       | split se439 se53c |
| 2   | .                                    | H : : : H | .                              | :     | -      | arr<  |                   |
| 18  | .2 D . D .3 D                        | H : : : H | .9                             | :     | -      | cars- |                   |
| 17  | .2 D . D . D .                       | H : : : H | .8                             | :     | -      |       |                   |
| 9   | . D .3                               | H : : : H | . D .3                         | >     | -      | haz-  |                   |
| 3   | D                                    | H : : : H | D                              | >     | -      |       |                   |
| 1   | .                                    | H : : : H | .                              | >     | v      | haz1  |                   |
| 2   | D                                    | H : : : H | .                              | >     | v      |       |                   |
| 1   |                                      | H : : : H |                                | >     | vv     |       |                   |
| 13  | . D . D . D .                        | H : : : H | . D . D .3                     | :     | vv     |       |                   |
| 4   | . D                                  | H : : : H | . D                            | :     | vvv    |       |                   |
| 4   | . D                                  | H : : : H | . D                            | :     | ^^^    |       |                   |
| 14  | D . D . D . D                        | H : : : H | D . D . D . D                  | :     | ^^^^   |       |                   |
| 4   | D .                                  | H : : : H | D .                            | :     | ^^^    |       |                   |
| 5   | D .                                  | H : : : H | D .                            | :     | ^^     |       |                   |
| 3   | D .                                  | H : : : H | D .                            | :     | -      |       |                   |
| 3   | .                                    | H : : : H | .                              | :     | vv     |       |                   |
| 5   | D . D                                | H : : : H | D . D                          | :     | vvv    | haz-  |                   |
| 4   | D .                                  | H : : : H | D .                            | :     | vvv    | haz1  |                   |
| 7   | . D .                                | H : : : H | . D .                          | <     | vvv    |       |                   |
| 6   | .3                                   | H : : : H | .2 P                           | <     | vv     |       |                   |
| 1   | .                                    | H : : : H | .                              | <     | v      |       |                   |
| 2   | .                                    | H : : : H | P                              | <<    | v      |       |                   |
| 22  | . L . P . L . L . P .                | H : : : H | .3 P . P . P .3                | <<    | -      | heli3 |                   |
| 16  | . L . L .3 P                         | H : : : H | .8                             | <<    | -      | haz-  |                   |
| 4   | . L                                  | H : : : H | .2                             | <<    | -      | haz2  |                   |
| 15  | .2 P . P . L                         | H : : : H | P .3 P . P                     | <<    | -      |       |                   |
| 11  | P .3 P .                             | H : : : H | .2 P . P .                     | <     | -      |       |                   |
| 1   |                                      | H : : : H |                                | <     | v      |       |                   |
| 2   | .                                    | H : : : H | .                              | :     | v      |       |                   |
| 2   | P                                    | H : : : H | .                              | :     | vv     |       |                   |
| 1   | .                                    | H : : : H | .                              | :     | vvv    | haz-  |                   |
| 4   | .2                                   | H : : : H | .2                             | :     | vvv    | haz2  |                   |
| 2   | P                                    | H : : : H | .                              | :     | vvv    |       |                   |
| 8   | .2 P .                               | H : : : H | .4                             | :     | vv     |       |                   |
| 2   | .                                    | H : : : H | .                              | :     | v      |       |                   |
| 4   | . P                                  | H : : : H | .2                             | :     | -      |       |                   |
| 2   | P                                    | H : :  // | .                              | :     | -      |       |                   |
| 32  | P . P . P .7 P . P .                 | H : : H   | .2 D .3 D . D . D .5           | :     | -      |       |                   |
| 6   | .3                                   | H : : H   | . D .                          | >     | -      |       |                   |
| 3   | P                                    | H : : H   | .                              | >     | ^      |       |                   |
| 4   | P .                                  | H : : H   | D .                            | >     | ^^     |       |                   |
| 7   | .2 P .                               | H : : H   | D . D .                        | >     | ^^^    |       |                   |
| 5   | P .                                  | H : : H   | .2                             | >>    | ^^^    |       |                   |
| 4   | P .                                  | H : : H   | L .                            | >>    | ^^     |       |                   |
| 4   | P .                                  | H : : H   | L .                            | >>    | ^      |       |                   |
| 7   | P . P .                              | H : : H   | L .3                           | >>    | -      | haz-  |                   |
| 4   | .2                                   | H : : H   | .2                             | >>    | -      | haz1  |                   |
| 3   | .                                    | H : : H   | .                              | >>    | -      |       |                   |
| 17  | P . P .6                             | H : : H   | .2 L . L . L . L               | >     | -      | haz-  |                   |
| 4   | P .                                  | H : : H   | P .                            | >     | -      | haz1  |                   |
| 3   | .                                    | H : : H   | .                              | >     | -      |       |                   |
| 17  | .8 P                                 | H : : H   | P .3 P .3 P                    | :     | -      |       |                   |
| 6   | .3                                   | H : : H   | . P .                          | :     | v      |       |                   |
| 4   | .2                                   | H : : H   | .2                             | :     | vv     |       |                   |
| 2   | L                                    | H : :  \\ | P                              | :     | vv     |       |                   |
| 10  | . L . L .                            | H : : : H | . P . P .                      | :     | vv     |       |                   |
| 2   | .                                    | \\  : : H | .                              | :     | vv     |       |                   |
| 2   | .                                    | //  : : H | .                              | :     | vv     |       |                   |
| 3   | L                                    | //  : : H | .                              | :     | v      |       |                   |
| 3   | .2                                   | //  : : H | .2                             | :     | -      |       |                   |
| 3   | .                                    | //  : : H | .                              | :     | ^      |       |                   |
| 12  | . L .3 L                             | //  : : H | . D . D . D                    | :     | ^^     |       |                   |
| 7   | . L . L                              | //  : : H | . D . D                        | :     | ^      |       |                   |
| 2   | L                                    | H : : : H | .                              | :     | -      |       | se28c             |
