; Decompiled from Stage1Data.c by map_compile.py.
; One row is one slice of road. See C/docs/map-text-format.md.
; stage: 1
; prefix: stage1_map
; obj T = TUNNEL_LIGHT
; obj S = SHORT_POLE
; obj R = TREE
; obj B = BUSH
; obj E = STREET_LAMP
; obj L = TELEGRAPH_POLE
; obj U = TURN_SIGN_L
; obj N = TURN_SIGN_R
; addr left curvature = 0x5FD2
; addr left height = 0x5FE6
; addr left lanes = 0x6003
; addr left hazards = 0x6009
; addr left leftobjs = 0x6011
; addr left rightobjs = 0x6052
; addr right curvature = 0x6088
; addr right height = 0x60A3
; addr right lanes = 0x60E5
; addr right hazards = 0x60EF
; addr right leftobjs = 0x6109
; addr right rightobjs = 0x6143
; addr tunnel curvature = 0x6173
; addr tunnel height = 0x6189
; addr tunnel lanes = 0x61A5
; addr tunnel hazards = 0x61B9
; addr tunnel leftobjs = 0x61BE
; addr tunnel rightobjs = 0x61C9
; addr loop curvature = 0x61D4
; addr loop height = 0x6209
; addr loop lanes = 0x625D
; addr loop hazards = 0x6277
; addr loop leftobjs = 0x6294
; addr loop rightobjs = 0x6314

| Cnt | Left objs                   | Road      | Right objs                   | Curve | Height | Haz   | Loop             |
| --- | --------------------------- | --------- | ---------------------------- | ----- | ------ | ----- | ---------------- |
| 30  | B . B .3 B .3 B .3 B        | : . . :   | R .3 R .3 R . R .4           | :     | :      |       | start            |
| 2   | .                           | 3L>4      | .                            | <     | :      |       |                  |
| 27  | .4 B . B .3 B .3            | : . . . : | .4 R . R . R .3 R .          | <     | :      |       |                  |
| 20  | .4 R .3 R .                 | : . . . : | .2 R .7                      | >     | :      |       |                  |
| 3   | .                           | : . . . : | R                            | :     | :      |       |                  |
| 1   | .                           | : . . . : | .                            | :     | ^      |       |                  |
| 13  | .2 R . R .                  | : . . . : | .2 R . R .                   | :     | ^^     |       |                  |
| 1   | R                           | : . . . : | R                            | :     | ^      |       |                  |
| 1   |                             | : . . . : |                              | :     | :      |       |                  |
| 1   | .                           | : . . . : | .                            | :     | v      |       |                  |
| 24  | .10 R .                     | : . . . : | .6 B .3 B .                  | :     | vv     |       |                  |
| 3   | .                           | : . . . : | R                            | :     | v      |       |                  |
| 2   | .                           | : . . . : | .                            | :     | :      |       |                  |
| 2   | .                           | : . . . : | .                            | :     | ^^     |       |                  |
| 8   | .3 B                        | : . . . : | . R . R                      | :     | ^^^    |       |                  |
| 8   | .3 B                        | : . . . : | . R . R                      | :     | vvv    |       |                  |
| 2   | .                           | : . . . : | .                            | :     | vv     |       |                  |
| 2   | .                           | : . . . : | B                            | :     | :      |       |                  |
| 3   | . R                         | : . . . : | . B                          | :     | ^      |       |                  |
| 1   |                             | : . . . : |                              | :     | ^^     |       |                  |
| 6   | .3                          | : . . . : | .3                           | <<    | ^^     |       |                  |
| 8   | R .3                        | : . . . : | R .3                         | <<    | ^^^    |       |                  |
| 2   | R                           | : . . . : | R                            | <     | ^^     |       |                  |
| 2   | .                           | : . . . : | .                            | <     | ^      |       |                  |
| 6   | .3                          | : . . . : | .2 R                         | <     | :      |       |                  |
| 2   | .                           | : . . . : | .                            | <     | v      |       |                  |
| 4   | R .                         | : . . . : | .2                           | <     | vv     |       |                  |
| 10  | .4 R                        | : . . . : | .4 R                         | >     | vv     |       |                  |
| 15  | .5 R .2                     | : . . . : | . R . R . R .2               | >     | v      |       |                  |
| 6   | . R .                       | : . . . : | .3                           | >     | :      |       |                  |
| 24  | .2 R .3 B . B .3            | : . . . : | R . R .5 R .3                | :     | :      |       |                  |
| 20  | .2 E .3 E .3                | : . . . : | .2 E .3 E .3                 | <     | :      |       |                  |
| 25  | E .3 E .3 E .3              | : . . . : | E .3 E .3 E .3               | >>    | :      |       |                  |
| 10  | E .3 E                      | : . . . : | E .3 E                       | >     | :      |       |                  |
| 1   | .                           | : . . . : | .                            | >     | :      | cars- |                  |
| 23  | .2 E .3 E .3 E              | : . . . : | .2 E .3 E .3 E               | :     | :      |       |                  |
| 2   | .                           | : . . . : | .                            | :     | :      | arr>  |                  |
|     |                             |           |                              |       |        |       | split left right |
| 13  | .4 R . R                    | : . . . : | .7                           | :     | :      |       | left             |
| 4   | . R                         | : . . . : | .2                           | :     | ^      |       |                  |
| 3   | .                           | : . . . : | .                            | :     | ^^     |       |                  |
| 1   | .                           | : . . . : | .                            | :     | ^^     | cars+ |                  |
| 6   | . R .                       | : . . . : | .3                           | :     | ^^^    |       |                  |
| 11  | R .3 R                      | : . . . : | .5                           | :     | ^^^^   |       |                  |
| 2   | .                           | : . . . : | .                            | :     | ^^^    |       |                  |
| 3   | R .                         | : . . . : | .2                           | :     | ^^     |       |                  |
| 2   | R                           | : . . . : | .                            | :     | ^      |       |                  |
| 6   | .3                          | : . . . : | .3                           | :     | :      |       |                  |
| 12  | L . L . L .                 | : . . . : | .5 L                         | >     | :      |       |                  |
| 17  | .2 L . L . L .              | : . . . : | . L . L .4                   | >>    | :      |       |                  |
| 30  | .2 L .3 L .3 L .3 L         | : . . . : | .6 L .3 L .3 L               | >>>   | :      |       |                  |
| 12  | . L . L . L                 | : . . . : | . L .3 L                     | >>    | :      |       |                  |
| 14  | . L .5                      | : . . . : | .3 L .3                      | >     | :      |       |                  |
| 6   | .2 L                        | : . . . : | L .2                         | :     | :      |       |                  |
| 3   | .2                          | : . . . : | .2                           | :     | v      |       |                  |
| 4   | . L                         | : . . . : | .2                           | :     | vv     |       |                  |
| 6   | .3                          | : . . . : | . E .                        | :     | vvv    |       |                  |
| 7   | .3                          | : . . . : | E . E                        | :     | vvvv   |       |                  |
| 7   | .4                          | : . . . : | . E . E                      | :     | vvv    |       |                  |
| 5   | .2                          | : . . . : | . E                          | :     | vv     |       |                  |
| 3   | .2                          | : . . . : | . E                          | :     | v      |       |                  |
| 33  | . E . E . E .3 E . E . E .2 | : . . . : | . E . E . E .3 E . E . E . E | :     | :      |       |                  |
|     |                             |           |                              |       |        |       | goto tunnel      |
| 20  | .10                         | : . . . : | E .3 E .3 E .                | :     | :      |       | right            |
| 2   | S                           | ~ . . . ~ | S                            | :     | ^^     | bar<> |                  |
| 1   | .                           | ~ . . . ~ | .                            | :     | ^^     | haz3  |                  |
| 2   | .                           | ~ . . . ~ | .                            | <     | ^^     |       |                  |
| 1   |                             | ~ . . . ~ |                              | <     | :      |       |                  |
| 5   | .3                          | ~ . . . ~ | .3                           | <     | vv     |       |                  |
| 1   |                             | ~ . . . ~ |                              | <     | :      |       |                  |
| 5   | .2 L                        | ~ . . . ~ | .3                           | <     | ^^     |       |                  |
| 1   |                             | ~ . . . ~ |                              | <     | :      |       |                  |
| 2   | .                           | ~ . . . ~ | .                            | <     | vv     |       |                  |
| 3   | L .                         | ~ . . . ~ | .2                           | <<    | vv     |       |                  |
| 1   |                             | ~ . . . ~ |                              | <<    | :      |       |                  |
| 5   | L . L                       | ~ . . . ~ | L . L                        | <<    | ^^     |       |                  |
| 1   |                             | ~ . . . ~ |                              | <<    | :      |       |                  |
| 5   | . L .                       | ~ . . . ~ | . L .                        | <<    | vv     |       |                  |
| 1   |                             | ~ . . . ~ |                              | <<    | :      |       |                  |
| 5   | L .2                        | ~ . . . ~ | L .2                         | <<    | ^^     |       |                  |
| 1   |                             | ~ . . . ~ |                              | <<    | :      |       |                  |
| 5   | .3                          | ~ . . . ~ | .3                           | <<    | vv     |       |                  |
| 1   |                             | ~ . . . ~ |                              | <<    | :      |       |                  |
| 5   | L . L                       | ~ . . . ~ | .3                           | <<    | ^^     |       |                  |
| 1   |                             | ~ . . . ~ |                              | <<    | :      |       |                  |
| 5   | .3                          | ~ . . . ~ | . L .                        | <<    | vv     |       |                  |
| 1   |                             | ~ . . . ~ |                              | <<    | :      |       |                  |
| 1   | .                           | ~ . . . ~ | L                            | <<    | ^^     |       |                  |
| 4   | . L                         | ~ . . . ~ | .2                           | <     | ^^     |       |                  |
| 1   |                             | ~ . . . ~ |                              | <     | :      |       |                  |
| 1   | .                           | ~ . . . ~ | .                            | <     | vv     |       |                  |
| 4   | .2                          | ~ . . . ~ | .2                           | :     | vv     |       |                  |
| 1   |                             | ~ . . . ~ |                              | :     | :      |       |                  |
| 5   | L . L                       | ~ . . . ~ | .2 L                         | :     | ^^     |       |                  |
| 1   |                             | ~ . . . ~ |                              | :     | :      |       |                  |
| 5   | . L .                       | ~ . . . ~ | .3                           | :     | vv     |       |                  |
| 1   |                             | ~ . . . ~ |                              | :     | :      |       |                  |
| 3   | L .                         | ~ . . . ~ | .2                           | :     | ^^     | bar<> |                  |
| 2   | .                           | ~ . . . ~ | .                            | >     | ^^     |       |                  |
| 1   |                             | ~ . . . ~ |                              | >     | :      |       |                  |
| 2   | .                           | ~ . . . ~ | .                            | >     | vv     |       |                  |
| 2   | L                           | ~ . . . ~ | .                            | >     | vv     | haz3  |                  |
| 1   | .                           | ~ . . . ~ | .                            | >>    | vv     |       |                  |
| 1   |                             | ~ . . . ~ |                              | >>    | :      |       |                  |
| 5   | L .2                        | ~ . . . ~ | .3                           | >>    | ^^     |       |                  |
| 1   |                             | ~ . . . ~ |                              | >>    | :      |       |                  |
| 3   | . L                         | ~ . . . ~ | .2                           | >>    | vv     |       |                  |
| 2   | .                           | ~ . . . ~ | .                            | >     | vv     |       |                  |
| 1   |                             | ~ . . . ~ |                              | >     | :      |       |                  |
| 1   | L                           | ~ . . . ~ | L                            | >     | ^^     |       |                  |
| 4   | .2                          | ~ . . . ~ | . L                          | <     | ^^     |       |                  |
| 1   |                             | ~ . . . ~ |                              | <<    | :      |       |                  |
| 5   | .3                          | ~ . . . ~ | . L .                        | <<    | vv     |       |                  |
| 1   |                             | ~ . . . ~ |                              | <<    | :      |       |                  |
| 5   | .2 L                        | ~ . . . ~ | L . L                        | <<    | ^^     |       |                  |
| 1   |                             | ~ . . . ~ |                              | <<    | :      |       |                  |
| 5   | . L .                       | ~ . . . ~ | . L .                        | <<    | vv     |       |                  |
| 1   |                             | ~ . . . ~ |                              | <<    | :      |       |                  |
| 5   | L . L                       | ~ . . . ~ | L . L                        | <<<   | ^^     |       |                  |
| 1   |                             | ~ . . . ~ |                              | <<<   | :      |       |                  |
| 5   | .3                          | ~ . . . ~ | . L .                        | <<<   | vv     |       |                  |
| 1   |                             | ~ . . . ~ |                              | <<<   | :      |       |                  |
| 3   | .2                          | ~ . . . ~ | L .                          | <<<   | ^^     |       |                  |
| 2   | .                           | ~ . . . ~ | .                            | <<    | ^^     |       |                  |
| 1   |                             | ~ . . . ~ |                              | <<    | :      |       |                  |
| 5   | .3                          | ~ . . . ~ | .3                           | <<    | vv     |       |                  |
| 1   |                             | ~ . . . ~ |                              | >>    | :      |       |                  |
| 5   | .3                          | ~ . . . ~ | .3                           | >>    | ^^     |       |                  |
| 1   |                             | ~ . . . ~ |                              | >>    | :      |       |                  |
| 2   | .                           | ~ . . . ~ | .                            | >>    | vv     |       |                  |
| 3   | L .                         | ~ . . . ~ | .2                           | >>>   | vv     |       |                  |
| 1   |                             | ~ . . . ~ |                              | >>>   | :      |       |                  |
| 3   | L .                         | ~ . . . ~ | .2                           | >>>   | ^^     |       |                  |
| 2   | L                           | ~ . . . ~ | L                            | >     | ^^     |       |                  |
| 1   |                             | ~ . . . ~ |                              | :     | :      |       |                  |
| 2   | .                           | ~ . . . ~ | .                            | :     | vv     |       |                  |
| 2   | .                           | ~ . . . ~ | .                            | :     | vv     | bar<> |                  |
| 1   | .                           | : . . . : | .                            | :     | vv     |       |                  |
| 1   |                             | : . . . : |                              | :     | :      |       |                  |
| 2   | .                           | : . . . : | .                            | :     | :      | haz-  |                  |
| 8   | . E . E                     | : . . . : | .4                           | :     | :      | cars+ |                  |
|     |                             |           |                              |       |        |       | goto tunnel      |
| 15  | .8                          | : . . . : | .8                           | :     | vvv    |       | tunnel           |
| 3   | .                           | : . . . : | .                            | :     | vv     |       |                  |
| 4   | .2                          | : . . . : | .2                           | :     | :      |       |                  |
| 13  | .7                          | : . . . : | .7                           | :     | ^^^^   |       |                  |
| 2   | .                           | : . . . : | .                            | <<    | ^^^^   |       |                  |
| 1   |                             | : . . . : |                              | <<    | ^^^    |       |                  |
| 6   | .3                          | : . . . : | .3                           | <<    | :      |       |                  |
| 2   | .                           | 4>3L      | .                            | <<    | :      |       |                  |
| 1   | .                           | : . . :   | .                            | <<    | :      |       |                  |
| 1   |                             | : . . :   |                              | >     | :      |       |                  |
| 10  | .5                          | : . . :   | .5                           | >>    | :      |       |                  |
| 6   | . T2                        | # . . #   | . T2                         | >     | :      |       |                  |
| 2   | T                           | # . . #   | T                            | :     | :      |       |                  |
| 6   | T3                          | # . . #   | T3                           | :     | ^^     |       |                  |
| 14  | T7                          | # . . #   | T7                           | <     | ^^     |       |                  |
| 2   | T                           | # . . #   | T                            | <     | ^^^    |       |                  |
| 4   | T2                          | # . . #   | T2                           | >     | ^^^    |       |                  |
| 8   | T4                          | # . . #   | T4                           | >     | ^^^^   |       |                  |
| 2   | T                           | # . . #   | T                            | >     | ^^^    |       |                  |
| 2   | T                           | # . . #   | T                            | >     | ^^     |       |                  |
| 1   | T                           | # . . #   | T                            | >     | :      |       |                  |
| 2   | T                           | # . . #   | T                            | >     | v      |       |                  |
| 4   | T2                          | # . . #   | T2                           | >     | vv     |       |                  |
| 2   | T                           | # . . #   | T                            | >     | vvv    |       |                  |
| 2   | T                           | # . . #   | T                            | >>    | vvv    |       |                  |
| 11  | T5                          | # . . #   | T5                           | >>    | vvvv   |       |                  |
| 2   | T                           | # . . #   | T                            | >>    | vvv    |       |                  |
| 8   | T4                          | # . . #   | T4                           | >     | vvv    |       |                  |
| 11  | T6                          | # . . #   | T6                           | >     | vv     |       |                  |
| 2   | T                           | # . . #   | T                            | >     | v      |       |                  |
| 5   | T2                          | # . . #   | T2                           | >     | :      |       |                  |
| 8   | T4                          | # . . #   | T4                           | :     | :      |       |                  |
| 18  | .9                          | : . . :   | .9                           | :     | :      |       |                  |
| 2   | .                           | 3L>4      | .                            | :     | :      |       |                  |
| 8   | .4                          | : . . . : | .4                           | :     | :      |       |                  |
|     |                             |           |                              |       |        |       | goto loop        |
| 3   | .2                          | : . . . : | .2                           | :     | :      |       | loop             |
| 23  | . E . E . E .5              | : . . . : | U . U . U . U .3 L           | <     | :      |       |                  |
| 20  | . N . N . N .4              | : . . . : | . L . L .6                   | >     | :      |       |                  |
| 9   | . L . L .                   | : . . . : | . L . L .                    | :     | :      |       |                  |
| 4   | L .                         | : . . . : | L .                          | <     | ^^     |       |                  |
| 7   | L .2                        | : . . . : | L . L                        | <     | ^^^    |       |                  |
| 3   | . L                         | : . . . : | .2                           | >     | ^^^    |       |                  |
| 12  | . L .3 N                    | : . . . : | .3 N . N                     | >     | vvv    |       |                  |
| 3   | .                           | : . . . : | .                            | >     | vv     |       |                  |
| 1   | N                           | : . . . : | N                            | >     | vv     | bar<  |                  |
| 1   |                             | : . . . : |                              | >     | :      |       |                  |
| 2   | .                           | : . . . : | .                            | >>    | :      |       |                  |
| 8   | N . N .                     | : . . . : | N . N .                      | >>    | :      | haz-  |                  |
| 1   | .                           | : . . . : | N                            | >>    | :      | bar<  |                  |
| 1   |                             | : . . . : |                              | :     | :      |       |                  |
| 2   | .                           | : . . . : | .                            | >>    | :      |       |                  |
| 21  | .6 N . N . N                | : . . . : | .11                          | >>    | :      | haz-  |                  |
| 9   | .3 L                        | : . . . : | .3 L                         | >     | :      |       |                  |
| 6   | . U .                       | : . . . : | .3                           | <     | :      |       |                  |
| 3   | U .                         | : . . . : | L .                          | <     | ^      |       |                  |
| 1   |                             | : . . . : |                              | <<    | ^      |       |                  |
| 5   | .2 L                        | : . . . : | .2 U                         | <<    | ^^     |       |                  |
| 9   | . L .2                      | : . . . : | . U . U                      | <<    | ^^^    |       |                  |
| 4   | .2                          | : . . . : | . U                          | <<    | ^^^    | bar>  |                  |
| 3   | .2                          | : . . . : | .2                           | <<    | ^^^    | haz-  |                  |
| 1   |                             | : . . . : |                              | :     | ^^^    |       |                  |
| 1   | .                           | : . . . : | .                            | <<    | ^^^    |       |                  |
| 15  | U . U .4                    | : . . . : | .4 E . E                     | <<    | ^^^^   |       |                  |
| 1   | .                           | : . . . : | .                            | <<    | vv     |       |                  |
| 1   |                             | : . . . : |                              | <<    | vvvv   |       |                  |
| 5   | .3                          | : . . . : | E . E                        | <     | vvvv   |       |                  |
| 7   | .3                          | : . . . : | .3                           | <     | vvv    |       |                  |
| 15  | .4 E . E .                  | : . . . : | E .3 E .3                    | :     | vvv    |       |                  |
| 2   | E                           | : . . . : | .                            | :     | vv     |       |                  |
| 5   | .2                          | : . . . : | .2                           | <<    | vv     |       |                  |
| 2   | .                           | : . . . : | .                            | <<<   | vv     |       |                  |
| 2   | N                           | : . . . : | .                            | <<    | vv     |       |                  |
| 2   | .                           | : . . . : | .                            | <     | vv     |       |                  |
| 2   | N                           | : . . . : | N                            | >     | vv     |       |                  |
| 2   | .                           | : . . . : | .                            | >>    | vv     |       |                  |
| 10  | N .3 E                      | : . . . : | N . N . N                    | >>>   | vv     |       |                  |
| 5   | . E .                       | : . . . : | .3                           | >>    | vv     |       |                  |
| 10  | E .4                        | : . . . : | .5                           | >     | vv     |       |                  |
| 3   | .                           | : . . . : | .                            | :     | vv     |       |                  |
| 4   | .2                          | : . . . : | .2                           | :     | v      |       |                  |
| 3   | .2                          | : . . . : | .2                           | :     | :      |       |                  |
| 5   | .2                          | : . . . : | .2                           | :     | ^      |       |                  |
| 4   | R .                         | : . . . : | .2                           | :     | ^^     |       |                  |
| 1   | .                           | : . . . : | .                            | :     | ^^^    |       |                  |
| 1   |                             | : . . . : |                              | :     | ^^^^   |       |                  |
| 12  | . R .3 R                    | : . . . : | .3 B . B                     | :     | ^^^    |       |                  |
| 2   | .                           | : . . . : | .                            | :     | ^^^^   |       |                  |
| 6   | B . B                       | : . . . : | B .2                         | :     | vvvv   |       |                  |
| 3   | .2                          | 4>3R      | .2                           | :     | vvv    |       |                  |
| 2   | .                           | 4>3R      | .                            | :     | vv     |       |                  |
| 1   |                             | 4>3R      |                              | :     | v      |       |                  |
| 2   | .                           | 4>3R      | B                            | :     | :      |       |                  |
| 1   | .                           | 4>3R      | .                            | :     | ^      |       |                  |
| 2   | R                           | 4>3R      | .                            | :     | ^^     |       |                  |
| 3   | .                           | 4>3R      | .                            | :     | ^^^    |       |                  |
| 5   | R .2                        | 4>3R      | B .2                         | :     | ^^^^   |       |                  |
| 2   | .                           | 4>3R      | .                            | :     | ^^^    |       |                  |
| 1   |                             | 4>3R      |                              | :     | ^^     |       |                  |
| 1   | .                           | 4>3R      | R                            | :     | ^      |       |                  |
| 1   |                             | 4>3R      |                              | :     | :      |       |                  |
| 1   | .                           | 4>3R      | .                            | :     | v      |       |                  |
| 2   | R                           | 4>3R      | .                            | :     | vv     |       |                  |
| 3   | .                           | 4>3R      | .                            | :     | vvv    |       |                  |
| 4   | R .                         | 4>3R      | R .                          | :     | vv     |       |                  |
| 1   | .                           | 3R>4      | .                            | :     | vv     |       |                  |
| 1   |                             | 3R>4      |                              | :     | v      |       |                  |
| 1   | .                           | : . . . : | .                            | :     | v      |       |                  |
| 14  | .2 B . B . B                | : . . . : | .2 R .3 R                    | :     | :      |       |                  |
| 1   |                             | : . . . : |                              | :     | ^      |       |                  |
| 1   | .                           | : . . . : | .                            | :     | ^^     |       |                  |
| 2   | .                           | : . . . : | .                            | :     | ^^^    |       |                  |
| 2   | .                           | : . . . : | .                            | :     | ^^     |       |                  |
| 1   |                             | : . . . : |                              | :     | ^      |       |                  |
| 1   | R                           | : . . . : | R                            | :     | v      |       |                  |
| 2   | .                           | : . . . : | .                            | :     | vv     |       |                  |
| 2   | .                           | : . . . : | .                            | :     | vvv    |       |                  |
| 1   |                             | : . . . : |                              | :     | vv     |       |                  |
| 1   | .                           | : . . . : | .                            | :     | v      |       |                  |
| 1   |                             | : . . . : |                              | :     | :      |       |                  |
| 2   | R                           | : . . :   | .                            | :     | :      | bar>  |                  |
| 7   | .3 R                        | : . . :   | .4                           | :     | :      | haz-  |                  |
| 1   |                             | : . . :   |                              | :     | v      |       |                  |
| 1   | .                           | 3L>4      | .                            | :     | vv     |       |                  |
| 1   |                             | 3L>4      |                              | :     | vvv    |       |                  |
| 1   | R                           | : . . . : | .                            | :     | vvv    |       |                  |
| 1   |                             | : . . . : |                              | :     | vv     |       |                  |
| 1   | .                           | : . . . : | .                            | :     | v      |       |                  |
| 1   |                             | : . . . : |                              | :     | :      |       |                  |
| 1   | .                           | : . . . : | R                            | :     | ^      |       |                  |
| 1   |                             | : . . . : |                              | :     | ^^     |       |                  |
| 2   | .                           | : . . . : | .                            | :     | ^^^    |       |                  |
| 1   | E                           | : . . . : | R                            | :     | ^^     |       |                  |
| 1   |                             | : . . . : |                              | :     | ^      |       |                  |
| 12  | . E . E .2                  | : . . . : | . R .4                       | :     | :      |       |                  |
| 6   | . E .                       | 4>3R      | .3                           | :     | :      |       |                  |
| 2   | .                           | 3R>4      | .                            | :     | :      |       |                  |
| 4   | .2                          | : . . . : | . N                          | :     | :      |       |                  |
| 19  | .5 N . N . N                | : . . . : | . N . N . N . N .2           | >     | :      |       |                  |
| 12  | . N . N .2                  | : . . . : | . N . N .2                   | >>    | :      |       |                  |
| 6   | .3                          | : . . . : | .3                           | >     | :      |       |                  |
| 5   | .2                          | : . . . : | E .                          | <     | :      |       |                  |
| 1   | E                           | : . . . : | E                            | :     | :      |       |                  |
| 2   | .                           | : . . . : | .                            | :     | vv     |       |                  |
| 3   | E                           | : . . . : | .                            | :     | :      |       |                  |
|     |                             |           |                              |       |        |       | goto loop        |
