; Decompiled from Stage4Data.c by map_compile.py.
; One row is one slice of road, read bottom to top: the last row is
; the start of the stage. See C/docs/map-text-format.md.
; stage: 4
; prefix: stage4_map
; obj T = TUNNEL_LIGHT
; obj N = NEAR_COLUMN
; obj F = FAR_COLUMN
; obj P = PILE_OF_ROCKS
; obj S = STREET_LAMP
; obj U = TURN_SIGN_POINTING_LEFT
; obj R = TURN_SIGN_POINTING_RIGHT
; addr se442 curvature = 0x6042
; addr se442 height = 0x605A
; addr se442 lanes = 0x606C
; addr se442 hazards = 0x6080
; addr se442 leftobjs = 0x608B
; addr se442 rightobjs = 0x60B4
; addr se4c4 curvature = 0x60C4
; addr se4c4 height = 0x60DA
; addr se4c4 lanes = 0x60EC
; addr se4c4 hazards = 0x6100
; addr se4c4 leftobjs = 0x610B
; addr se4c4 rightobjs = 0x614D
; addr se577 curvature = 0x6177
; addr se577 height = 0x619A
; addr se577 lanes = 0x61D3
; addr se577 hazards = 0x61FB
; addr se577 leftobjs = 0x6224
; addr se577 rightobjs = 0x62B7

| Dst | Left objs                               | Road      | Right objs                              | Curve | Height | Haz   | Loop              |
| --- | --------------------------------------- | --------- | --------------------------------------- | ----- | ------ | ----- | ----------------- |
|     |                                         |           |                                         |       |        |       | goto se577        |
| 14  | .2 N . N . N                            | H : : : H | .2 N . N . N                            | :     | -      |       |                   |
| 2   | .                                       | \\  : : H | .                                       | :     | -      |       |                   |
| 2   | .                                       |   \\  : H | .                                       | :     | -      |       |                   |
| 6   | . N .                                   |   //  : H | .3                                      | :     | -      | haz-  |                   |
| 4   | .2                                      |   //  : H | .2                                      | :     | -      | bar>  |                   |
| 4   | R2                                      |   //  : H | . P                                     | :     | -      |       |                   |
| 2   | R                                       | //  : : H | P                                       | :     | -      |       |                   |
| 16  | P .6 R                                  | H : : : H | .4 P . P .                              | :     | -      |       |                   |
| 2   | .                                       | H : :  // | .                                       | :     | -      |       |                   |
| 6   | P . P                                   | H : : H   | U .2                                    | :     | -      |       |                   |
| 2   | .                                       | H : :  \\ | U                                       | :     | -      |       |                   |
| 8   | .3 P                                    | H : : : H | .4                                      | :     | -      |       |                   |
| 2   | F                                       | \\  : : H | .                                       | :     | -      |       |                   |
| 8   | .2 N .                                  | //  : : H | .4                                      | :     | -      |       |                   |
| 2   | .                                       | H : : : H | .                                       | :     | -      | haz-  |                   |
| 4   | . F                                     | H : : : H | .2                                      | :     | -      | bar<> |                   |
| 2   | F                                       | H : : : H | .                                       | :     | -      |       |                   |
| 2   | .                                       | H : :  // | .                                       | :     | -      |       |                   |
| 6   | .2 F                                    | H : : H   | N F N                                   | :     | -      |       |                   |
| 2   | .                                       | H : :  \\ | .                                       | :     | -      |       |                   |
| 5   | .2                                      | H : : : H | .2                                      | :     | -      |       |                   |
| 29  | N . N . N . N . N . N . N . N           | H : : : H | N . N . N . N . N . N . N . N           | >>    | -      | haz-  |                   |
| 1   |                                         | H : : : H |                                         | >>    | -      |       |                   |
| 3   | N .                                     | H : : : H | N .                                     | >>>   | -      | haz1  |                   |
| 7   | . N .                                   | H : : : H | . N .                                   | >>>   | -      |       |                   |
| 11  | . N . N . N                             | H : : : H | . N . N . N                             | >>    | -      | haz-  |                   |
| 4   | . N                                     | H : : : H | . N                                     | >>    | -      | haz1  |                   |
| 16  | . N . N . N . N                         | H : : : H | F N . N . N . N                         | >>    | -      |       |                   |
| 29  | F N . N .3 N . N . N . N                | H : : : H | . P . P .10                             | :     | -      |       |                   |
| 2   | N                                       | H : : : H | .                                       | :     | v      |       |                   |
| 2   | F                                       | H : : : H | .                                       | :     | vv     |       |                   |
| 1   | .                                       | H : : : H | P                                       | :     | vvv    |       |                   |
| 1   |                                         | H : : : H |                                         | :     | vvvv   |       |                   |
| 7   | .4                                      | H : : : H | P . P .                                 | :     | ^^^^   |       |                   |
| 1   |                                         | H : : : H |                                         | :     | ^^^    |       |                   |
| 1   | .                                       | H : : : H | .                                       | :     | ^^     |       |                   |
| 1   |                                         | H : : : H |                                         | :     | vv     |       |                   |
| 1   | .                                       | H : : : H | .                                       | :     | vvv    |       |                   |
| 3   | .                                       | H : : : H | .                                       | :     | vvvv   |       |                   |
| 2   | N                                       | H : : : H | .                                       | :     | vvv    |       |                   |
| 1   | .                                       | H : : : H | .                                       | :     | vv     |       |                   |
| 17  | . N . N . N . N                         | H : : : H | . N . N . N .2                          | :     | -      |       |                   |
| 30  | .6 N . N . N . N . N                    | H : : : H | N . N . N . N . N . N . N . N           | <     | -      |       |                   |
| 7   | .4                                      | H : : : H | N . N .                                 | <<    | -      | haz-  |                   |
| 4   | .2                                      | H : : : H | N .                                     | <<    | -      | haz2  |                   |
| 9   | R .3                                    | H : : : H | N . N .                                 | <<    | -      |       |                   |
| 10  | . R . R .                               | H : : : H | . N . N .                               | >>>   | -      |       |                   |
| 20  | .3 N F N F .3                           | H : : : H | . U . U .3 N . N                        | <<    | -      |       |                   |
| 13  | N . N . N . N                           | H : : : H | N .3 U . U                              | <     | -      | haz-  |                   |
| 1   |                                         | H : : : H |                                         | <     | -      |       |                   |
| 3   | N .                                     | H : : : H | N .                                     | :     | -      | haz1  |                   |
| 5   | N .                                     | H : : : H | N .                                     | :     | -      |       |                   |
| 4   | N .                                     | H : : : H | N F                                     | :     | v      |       |                   |
| 1   | .                                       | H : : : H | F                                       | :     | vv     |       |                   |
| 1   |                                         | H : : : H |                                         | :     | vvv    |       |                   |
| 2   | .                                       | H : : : H | .                                       | :     | vvvv   |       |                   |
| 1   | .                                       | H : : : H | .                                       | :     | ^^^    |       |                   |
| 7   | F .2                                    | H : : : H | F .2                                    | :     | ^^^^   |       |                   |
| 2   | .                                       | H : : : H | .                                       | :     | ^^^    |       |                   |
| 1   | F                                       | H : : : H | F                                       | :     | ^^     |       |                   |
| 1   |                                         | H : : : H |                                         | :     | vv     |       |                   |
| 2   | .                                       | H : : : H | .                                       | :     | vvv    |       |                   |
| 10  | .4 F                                    | H : : : H | .4 F                                    | :     | vvvv   |       |                   |
| 2   | .                                       | H : : : H | .                                       | :     | vvv    |       |                   |
| 1   | S                                       | H : : : H | .                                       | :     | vv     |       |                   |
| 1   |                                         | H : : : H |                                         | :     | ^^     |       |                   |
| 1   | .                                       | H : : : H | .                                       | :     | ^^^    |       |                   |
| 4   | . S                                     | H : : : H | .2                                      | :     | ^^^^   |       |                   |
| 2   | S                                       | H : : : H | .                                       | :     | ^^^    |       |                   |
| 2   | .                                       | H : : : H | .                                       | :     | ^^     |       |                   |
| 14  | S . S . S . S                           | H : : : H | .7                                      | :     | -      |       | se577             |
|     |                                         |           |                                         |       |        |       | goto se577        |
| 26  | S . S . S . S . S . S . S               | H : : : H | S . S . S . S . S . S . S               | :     | -      |       |                   |
| 2   | .                                       | H : :  // | .                                       | :     | -      |       |                   |
| 10  | .2 S . S                                | H : : H   | .2 S . S                                | :     | -      |       |                   |
| 10  | T5                                      | # : : #   | .5                                      | :     | -      |       |                   |
| 33  | T16                                     | # : : #   | .16                                     | >     | -      |       |                   |
| 11  | . T5                                    | # : : #   | .6                                      | >>    | -      |       |                   |
| 1   |                                         | H : : H   |                                         | >>    | -      |       |                   |
| 13  | R . R . S .2                            | H : : H   | .7                                      | >>>   | -      |       |                   |
| 4   | R .                                     | H : : H   | .2                                      | >>    | -      | heli1 |                   |
| 2   | .                                       | H : : H   | .                                       | >>    | -      |       |                   |
| 2   | R                                       | H : :  \\ | U                                       | >>    | -      |       |                   |
| 4   | R .                                     | H : : : H | .2                                      | >>    | -      |       |                   |
| 30  | . P .3 P . P .7                         | H : : : H | .9 S .3 S .                             | :     | -      |       |                   |
| 18  | P . P .3 P .2                           | H : : : H | U . U . U .4                            | <     | -      |       |                   |
| 16  | P . P . P . P .                         | H : : : H | .2 U . U . U .                          | <<    | -      | cars+ |                   |
| 8   | P . P .                                 | H : : : H | .4                                      | <     | -      |       |                   |
| 12  | P . P . P .                             | H : : : H | .6                                      | :     | -      |       | se4c4             |
|     |                                         |           |                                         |       |        |       | goto se577        |
| 11  | . P . P .                               | H : : : H | .5                                      | :     | -      |       |                   |
| 7   | . P .2                                  | H : : : H | .4                                      | >>    | -      |       |                   |
| 8   | . P . P                                 | H : : : H | .4                                      | >>>   | -      |       |                   |
| 10  | P . P . P                               | H : : : H | .5                                      | >>    | -      |       |                   |
| 14  | . P . P . P .                           | H : : : H | .7                                      | :     | -      |       |                   |
| 18  | .6 P . P                                | H : : : H | .9                                      | >     | -      |       |                   |
| 2   | .                                       | H : :  // | .                                       | >     | -      |       |                   |
| 6   | .3                                      | H : : H   | .3                                      | >     | -      |       |                   |
| 12  | .6                                      | H : : H   | .6                                      | >>    | -      |       |                   |
| 3   | T                                       | # : : #   | T                                       | >>    | -      |       |                   |
| 25  | T13                                     | # : : #   | T13                                     | >     | -      |       |                   |
| 16  | T8                                      | # : : #   | T8                                      | <     | -      |       |                   |
| 8   | T4                                      | # : : #   | T4                                      | :     | -      |       |                   |
| 6   | T3                                      | # : : #   | T3                                      | >     | -      |       |                   |
| 10  | T5                                      | # : : #   | T5                                      | >>    | -      |       |                   |
| 1   |                                         | # : : #   |                                         | >     | -      |       |                   |
| 12  | T6                                      | # : : #   | T6                                      | <<    | -      |       |                   |
| 11  | T6                                      | # : : #   | T6                                      | :     | -      | cars+ |                   |
| 4   | T2                                      | # : : #   | T2                                      | :     | -      | heli1 |                   |
| 8   | . T3                                    | # : : #   | . T3                                    | :     | -      |       |                   |
| 8   | S . S .                                 | H : : H   | S . S .                                 | :     | -      |       |                   |
| 2   | .                                       | H : :  \\ | .                                       | :     | -      |       |                   |
| 2   | .                                       | H : : : H | .                                       | :     | -      |       | se442             |
|     |                                         |           |                                         |       |        |       | split se442 se4c4 |
| 2   | .                                       | H : : : H | .                                       | :     | -      | arr>  |                   |
| 12  | .6                                      | H : : : H | . P . P .2                              | :     | -      | cars- |                   |
| 5   | . P                                     | H : : : H | . P                                     | :     | -      |       |                   |
| 46  | .2 S . S .3 S . S .3 P . P . P . P . P  | H : : : H | P . P . P .17 P                         | >     | -      |       |                   |
| 34  | . S . S . S . S . S .3 S . S .          | H : : : H | .3 P . P . P .3 P . P . P .             | :     | -      |       |                   |
| 21  | .11                                     | H : : : H | U . U . U . U . U . U                   | <<    | -      | haz-  |                   |
| 1   |                                         | H : : : H |                                         | <<    | -      |       |                   |
| 3   | U .                                     | H : : : H | .2                                      | <<<   | -      | haz2  |                   |
| 4   | U .                                     | H : : : H | P .                                     | <<<   | -      |       |                   |
| 12  | U . U . U .                             | H : : : H | .2 P . P .                              | <<    | -      |       |                   |
| 13  | P .5                                    | H : : : H | .6                                      | :     | -      |       |                   |
| 5   | . P .                                   | H : : : H | .3                                      | :     | v      |       |                   |
| 2   | P                                       | H : : : H | .                                       | :     | vv     |       |                   |
| 1   |                                         | H : : : H |                                         | :     | vvv    |       |                   |
| 3   | P .                                     | H : : : H | .2                                      | :     | vvvv   | heli4 |                   |
| 5   | P .                                     | H : : : H | .2                                      | :     | vvvv   |       |                   |
| 1   | .                                       | H : : : H | .                                       | :     | vvv    |       |                   |
| 2   | P                                       | H : : : H | .                                       | :     | vv     |       |                   |
| 1   |                                         | H : : : H |                                         | :     | v      |       |                   |
| 1   | .                                       | H : : : H | .                                       | :     | -      |       |                   |
| 1   |                                         | H : : : H |                                         | :     | ^      |       |                   |
| 1   | P                                       | H : : : H | .                                       | :     | ^^     |       |                   |
| 2   | .                                       | H : : : H | .                                       | :     | ^^^    |       |                   |
| 1   |                                         | H : : : H |                                         | :     | ^^^^   |       |                   |
| 7   | .4                                      | H : : : H | .4                                      | >     | ^^^^   |       |                   |
| 1   |                                         | H : : : H |                                         | >     | ^^^    |       |                   |
| 1   | R                                       | H : : : H | .                                       | >     | ^^     |       |                   |
| 1   |                                         | H : : : H |                                         | >     | ^      |       |                   |
| 17  | . R . R . R . R .                       | H : : : H | .9                                      | >     | -      | haz-  |                   |
| 4   | . R                                     | H : : : H | .2                                      | >     | -      | haz1  |                   |
| 19  | S . S .3 R . R                          | H : : : H | .9                                      | >     | -      |       |                   |
| 39  | U .3 S . S . S . S . S . S . S . S .    | H : : : H | U . U . U . U . U . U . U . U . U .3    | <     | -      | haz-  |                   |
| 4   | U .                                     | H : : : H | .2                                      | <     | -      | haz2  |                   |
| 7   | . U .                                   | H : : : H | .3                                      | <     | -      |       |                   |
| 5   | U . U                                   | H : : : H | .3                                      | :     | -      |       |                   |
| 1   |                                         | H : : : H |                                         | :     | ^      |       |                   |
| 2   | .                                       | H : : : H | .                                       | :     | ^^     |       |                   |
| 2   | .                                       | H : : : H | .                                       | :     | ^^^    |       |                   |
| 2   | .                                       | H : : : H | .                                       | :     | ^^^^   |       |                   |
| 1   | .                                       | H : : : H | S                                       | :     | ^^^    |       |                   |
| 1   |                                         | H : : : H |                                         | :     | ^^     |       |                   |
| 1   | .                                       | H : : : H | .                                       | :     | ^      |       |                   |
| 5   | .2                                      | H : : : H | .2                                      | :     | -      |       |                   |
| 1   | .                                       | H : : : H | S                                       | :     | v      |       |                   |
| 1   |                                         | H : : : H |                                         | :     | vv     |       |                   |
| 1   | .                                       | H : : : H | .                                       | :     | vvv    |       |                   |
| 3   | .                                       | H : : : H | .                                       | :     | vvvv   |       |                   |
| 1   | .                                       | H : : : H | .                                       | :     | vvv    |       |                   |
| 1   |                                         | H : : : H |                                         | :     | vv     |       |                   |
| 12  | . S .3 S                                | H : : : H | .5 S                                    | :     | -      |       |                   |
| 10  | S . S .2                                | H : : : H | S .3 S                                  | >>    | -      |       |                   |
| 1   | .                                       | H : : : H | .                                       | >>>   | -      | haz-  |                   |
| 4   | . S                                     | H : : : H | .2                                      | >>>   | -      |       |                   |
| 1   |                                         | H : : : H |                                         | >>>   | v      |       |                   |
| 3   | F .                                     | H : : : H | . S                                     | >>    | v      | haz3  |                   |
| 1   |                                         | H : : : H |                                         | >>    | v      |       |                   |
| 7   | . S .2                                  | H : : : H | . S . S                                 | >>    | vv     |       |                   |
| 4   | . S                                     | H : : : H | . S                                     | :     | vv     |       |                   |
| 2   | S                                       | H : : : H | S                                       | :     | vvv    |       |                   |
| 1   |                                         | H : : : H |                                         | :     | ^^^^   |       |                   |
| 5   | F S F                                   | H : : : H | . S .                                   | :     | ^^^    |       |                   |
| 2   | S                                       | H : : : H | S                                       | :     | ^^     |       |                   |
| 40  | S . S . S . S . S . S . S . S . S . S . | H : : : H | S . S . S . S F S . S . S . S F S F S . | :     | -      |       | se29c             |
