warning: section 'sc65c' violates the 2:1 rate rule (curvature == height == lanes == 2 x hazards == 2 x leftobjs == 2 x rightobjs).
  lengths: curvature=444, height=358, lanes=444, hazards=222, leftobjs=222, rightobjs=222
  expected: curvature=444, height=444, lanes=444, hazards=222, leftobjs=222, rightobjs=222
  --allow-desync: padding short streams.
; Decompiled from Stage5Data.c by map_compile.py.
; One row is one slice of road. See C/docs/map-text-format.md.
; stage: 5
; prefix: stage5_map
; obj T = TUNNEL_LIGHT
; obj O = OVERHEAD_BRIDGE
; obj C = CACTUS
; obj D = DOUBLE_STREET_LAMP
; obj H = HUGE_ROCK
; obj E = TELEGRAPH_POLE
; addr sc455 curvature = 0x6055
; addr sc455 height = 0x6068
; addr sc455 lanes = 0x607A
; addr sc455 hazards = 0x6092
; addr sc455 leftobjs = 0x609A
; addr sc455 rightobjs = 0x60DD
; addr sc513 curvature = 0x6113
; addr sc513 height = 0x6126
; addr sc513 lanes = 0x613E
; addr sc513 hazards = 0x6152
; addr sc513 leftobjs = 0x6160
; addr sc513 rightobjs = 0x61A3
; addr sc5e3 curvature = 0x61E3
; addr sc5e3 height = 0x61F8
; addr sc5e3 lanes = 0x6214
; addr sc5e3 hazards = 0x6228
; addr sc5e3 leftobjs = 0x622D
; addr sc5e3 rightobjs = 0x6251
; addr sc65c curvature = 0x625C
; addr sc65c height = 0x6284
; addr sc65c lanes = 0x62BB
; addr sc65c hazards = 0x62D1
; addr sc65c leftobjs = 0x62EE
; addr sc65c rightobjs = 0x63A5

; DESYNC: section 'sc65c' was padded
| Cnt | Left objs                                                  | Road      | Right objs                                                 | Curve | Height | Haz   | Loop              |
| --- | ---------------------------------------------------------- | --------- | ---------------------------------------------------------- | ----- | ------ | ----- | ----------------- |
| 36  | C . C . C . C . C . C . C . C . C .                        |     : . : | . D .3 D . D .4 C . C . C .                                | :     | :      |       | sc2a1             |
| 2   | .                                                          | 2R>3R     | C                                                          | :     | :      |       |                   |
| 2   | .                                                          |   : . . : | .                                                          | :     | :      |       |                   |
| 2   | C                                                          |   : . . : | .                                                          | :     | ^^     | bar>  |                   |
| 2   | E                                                          |   : . . : | .                                                          | :     | ^^^    |       |                   |
| 1   | C                                                          |   : . . : | .                                                          | :     | ^^^^   | haz-  |                   |
| 1   |                                                            |   : . . : |                                                            | :     | ^^^    |       |                   |
| 4   | E C                                                        |   : . . : | .2                                                         | :     | ^^     |       |                   |
| 1   | E                                                          |   : . . : | .                                                          | <<    | ^^     |       |                   |
| 20  | C .3 E . E . E .                                           |   : . . : | .6 C . C .                                                 | <<    | :      |       |                   |
| 1   |                                                            |   : . . : |                                                            | <     | vv     |       |                   |
| 3   | E .                                                        |   : . . : | C .                                                        | <     | vvv    |       |                   |
| 4   | E .                                                        |   : . . : | .2                                                         | <     | vv     |       |                   |
| 1   |                                                            |   : . . : |                                                            | <     | vvvv   |       |                   |
| 1   | E                                                          |   : . . : | C                                                          | <     | vvv    |       |                   |
| 1   |                                                            |   : . . : |                                                            | <     | vv     |       |                   |
| 3   | . E                                                        |   : . . : | .2                                                         | <     | :      |       |                   |
| 5   | . E                                                        |   : . . : | . C                                                        | :     | :      |       |                   |
| 2   | .                                                          | 3R>4      | .                                                          | :     | :      |       |                   |
| 9   | E . C . C                                                  | : . . . : | C . C .2                                                   | :     | :      |       |                   |
| 2   | .                                                          | : . . . : | .                                                          | :     | ^^     |       |                   |
| 1   |                                                            | : . . . : |                                                            | :     | ^^^    |       |                   |
| 3   | C .                                                        | : . . . : | C .                                                        | :     | ^^^^   |       |                   |
| 3   | C                                                          | : . . . : | .                                                          | :     | vvvv   |       |                   |
| 1   | .                                                          | : . . . : | .                                                          | :     | vvv    |       |                   |
| 1   |                                                            | : . . . : |                                                            | :     | vv     |       |                   |
| 8   | .2 D .                                                     | : . . . : | E . E .                                                    | :     | :      |       |                   |
| 14  | D . D . D . D                                              | : . . . : | .2 E .3 E                                                  | >>    | :      |       |                   |
| 4   | . D                                                        | : . . . : | .2                                                         | >>    | :      | bar<  |                   |
| 3   | . D                                                        | : . . . : | . E                                                        | >>    | :      | haz-  |                   |
| 15  | . D . D . D .                                              | : . . . : | .3 E .3                                                    | >>>   | :      |       |                   |
| 25  | D . D . D . D . D . D . D                                  | : . . . : | E .3 E .3 E . E .2                                         | >>    | :      |       |                   |
| 10  | . D . D .                                                  | : . . . : | .5                                                         | >     | :      |       |                   |
| 33  | D .3 O . O .5 O . O .                                      | : . . . : | .4 O . O .5 O . O .                                        | :     | :      |       |                   |
| 8   | .4                                                         | : . . . : | .4                                                         | :     | :      | bar<> |                   |
| 38  | O . O .5 O . O .8                                          | : . . . : | O . O .5 O . O .5 E . E                                    | :     | :      | haz-  |                   |
| 31  | . C . C . C . C . C . C . C . C                            | : . . . : | . E .3 E . E .3 E . E . E                                  | <<    | :      |       |                   |
| 20  | . C . C . C .3 C                                           | : . . . : | . E . E . E . E . C                                        | <<<   | :      |       |                   |
| 33  | .3 C . C .3 C .3 C .2                                      | : . . . : | . C . C . C . C . C . C . C .2                             | <<    | :      |       |                   |
| 7   | . E . E                                                    | : . . . : | . E C E                                                    | <     | :      |       |                   |
| 23  | . E . E . E . E . E .                                      | : . . . : | C E . E . C . C . C .                                      | :     | :      |       |                   |
| 12  | E .3 E .                                                   | : . . . : | .2 C . C .                                                 | :     | :      | cars- |                   |
| 4   | E .                                                        | : . . . : | .2                                                         | :     | :      | arr>  |                   |
|     |                                                            |           |                                                            |       |        |       | split sc513 sc455 |
| 2   | .                                                          | 4>3L      | .                                                          | :     | :      |       | sc455             |
| 18  | . T8                                                       | # . . #   | . T8                                                       | :     | :      |       |                   |
| 4   | T2                                                         | # . . #   | T2                                                         | :     | :      | cars+ |                   |
| 4   | .2                                                         | : . . :   | .2                                                         | :     | :      |       |                   |
| 2   | C                                                          | 3L>4      | .                                                          | :     | :      |       |                   |
| 6   | . C .                                                      | : . . . : | .3                                                         | :     | :      |       |                   |
| 2   | C                                                          | 4>3L      | .                                                          | :     | :      |       |                   |
| 2   | .                                                          | : . . :   | .                                                          | :     | :      |       |                   |
| 41  | C . C . C . C . C .3 C .3 C .3 E                           | : . . :   | .10 C . C . C . C . C .2                                   | <<    | :      |       |                   |
| 31  | . E . E . E . E . E . E . E .                              | : . . :   | .5 C .3 C . C .3                                           | >>    | :      |       |                   |
| 2   | E                                                          | 3L>4      | .                                                          | >>    | :      |       |                   |
| 7   | . E . E                                                    | : . . . : | .4                                                         | >>    | :      |       |                   |
| 60  | .9 C . C . C . C .5 C . C .5 C                             | : . . . : | .3 E . E . E . E . E . E . E . E . E . E . E . E . E .2    | <<    | :      |       |                   |
| 17  | . C .3 C .2                                                | : . . . : | . C .3 C .2                                                | :     | :      |       |                   |
|     |                                                            |           |                                                            |       |        |       | goto sc5e3        |
| 12  | .2 O . O .                                                 | : . . . : | .2 O . O .                                                 | :     | :      |       | sc513             |
| 8   | O . O .                                                    | : . . . : | O . O .                                                    | <<    | :      |       |                   |
| 16  | O . O . O . O .                                            | : . . . : | O . O . O . O .                                            | <<    | :      | cars+ |                   |
| 4   | O .                                                        | : . . . : | O .                                                        | <<    | :      | bar>  |                   |
| 2   | O                                                          | 4>3L      | O                                                          | <<    | :      | haz-  |                   |
| 13  | . O . O .3                                                 | : . . :   | . O . O .3                                                 | <<    | :      |       |                   |
| 25  | .12                                                        | : . . :   | .12                                                        | :     | :      |       |                   |
| 68  | .6 O . O . O . O . O . O . O . O . O . O . O . O . O . O . | : . . :   | .6 O . O . O . O . O . O . O . O . O . O . O . O . O . O . | >>    | :      |       |                   |
| 18  | O . O .6                                                   | : . . :   | O . O .6                                                   | :     | :      |       |                   |
| 2   | .                                                          | # . . #   | .                                                          | :     | :      |       |                   |
| 1   | T                                                          | # . . #   | T                                                          | :     | ^^     |       |                   |
| 3   | T                                                          | # . . #   | T                                                          | :     | ^^^    |       |                   |
| 1   | T                                                          | # . . #   | T                                                          | :     | ^^     |       |                   |
| 1   |                                                            | # . . #   |                                                            | :     | vv     |       |                   |
| 3   | T2                                                         | # . . #   | T2                                                         | :     | vvv    |       |                   |
| 1   |                                                            | # . . #   |                                                            | :     | vv     |       |                   |
| 10  | T5                                                         | # . . #   | T5                                                         | :     | :      |       |                   |
| 2   | .                                                          | : . . :   | .                                                          | :     | :      |       |                   |
| 2   | .                                                          | 3L>4      | .                                                          | :     | :      |       |                   |
| 6   | D . D                                                      | : . . . : | .3                                                         | :     | :      |       |                   |
|     |                                                            |           |                                                            |       |        |       | goto sc5e3        |
| 15  | .2 E . E . E .                                             | : . . . : | .8                                                         | :     | vvv    |       | sc5e3             |
| 3   | E                                                          | : . . . : | .                                                          | :     | vv     |       |                   |
| 4   | . E                                                        | : . . . : | .2                                                         | :     | :      |       |                   |
| 13  | . E . E . E .                                              | : . . . : | .7                                                         | :     | ^^^^   |       |                   |
| 2   | E                                                          | : . . . : | .                                                          | <<    | ^^^^   |       |                   |
| 1   |                                                            | : . . . : |                                                            | <<    | ^^^    |       |                   |
| 6   | . E .                                                      | : . . . : | .3                                                         | <<    | :      |       |                   |
| 2   | E                                                          | 4>3L      | .                                                          | <<    | :      |       |                   |
| 1   | .                                                          | : . . :   | .                                                          | <<    | :      |       |                   |
| 1   |                                                            | : . . :   |                                                            | >     | :      |       |                   |
| 10  | E . E .2                                                   | : . . :   | .5                                                         | >>    | :      |       |                   |
| 6   | . T2                                                       | # . . #   | .3                                                         | >     | :      |       |                   |
| 2   | T                                                          | # . . #   | .                                                          | >>    | :      |       |                   |
| 20  | T10                                                        | # . . #   | .10                                                        | >>    | ^^     |       |                   |
| 6   | T3                                                         | # . . #   | .3                                                         | >>    | ^^^    |       |                   |
| 8   | T4                                                         | # . . #   | .4                                                         | >>    | ^^^^   |       |                   |
| 2   | T                                                          | # . . #   | .                                                          | >>    | ^^^    |       |                   |
| 2   | T                                                          | # . . #   | .                                                          | >>    | ^^     |       |                   |
| 1   | T                                                          | # . . #   | .                                                          | >>    | :      |       |                   |
| 2   | T                                                          | # . . #   | .                                                          | >>    | v      |       |                   |
| 4   | T2                                                         | # . . #   | .2                                                         | >>    | vv     |       |                   |
| 4   | T2                                                         | # . . #   | .2                                                         | >>    | vvv    |       |                   |
| 11  | T5                                                         | # . . #   | .5                                                         | >>    | vvvv   |       |                   |
| 2   | T                                                          | # . . #   | .                                                          | >>    | vvv    |       |                   |
| 8   | T4                                                         | # . . #   | .4                                                         | >     | vvv    |       |                   |
| 11  | T6                                                         | # . . #   | .6                                                         | >     | vv     |       |                   |
| 2   | T                                                          | # . . #   | .                                                          | >     | v      |       |                   |
| 5   | T2                                                         | # . . #   | .2                                                         | >     | :      |       |                   |
| 8   | T4                                                         | # . . #   | .4                                                         | :     | :      |       |                   |
| 18  | .9                                                         | : . . :   | .9                                                         | :     | :      |       |                   |
| 2   | .                                                          | 3L>4      | .                                                          | :     | :      |       |                   |
| 4   | .2                                                         | : . . . : | .2                                                         | :     | :      |       |                   |
|     |                                                            |           |                                                            |       |        |       | goto sc65c        |
| 26  | D . D . D . D . D . D . D                                  | : . . . : | .6 C . C . C . C                                           | :     | :      |       | sc65c             |
| 8   | .4                                                         | : . . . : | .4                                                         | :     | :      | bar<> |                   |
| 6   | . C .                                                      | : . . . : | . H .                                                      | :     | :      | haz-  |                   |
| 41  | C . C .3 C . C .3 C .3 C .3 H                              | : . . . : | H . H . H . H . H . H . H . H . H . H . H                  | <<    | :      |       |                   |
| 19  | . H . H . H . H .                                          | : . . . : | . H . H . H . H .                                          | :     | :      |       |                   |
| 14  | H . H . H . H                                              | : . . . : | H .6                                                       | >>    | :      |       |                   |
| 4   | . H                                                        | : . . . : | .2                                                         | >>    | :      | bar<  |                   |
| 14  | . H . H . H .                                              | : . . . : | .7                                                         | >>    | :      | haz-  |                   |
| 2   | H                                                          | : . . . : | .                                                          | >>    | vv     |       |                   |
| 4   | . H                                                        | : . . . : | .2                                                         | >>    | vvv    |       |                   |
| 2   | .                                                          | : . . . : | .                                                          | >>    | vvvv   |       |                   |
| 1   | H                                                          | : . . . : | .                                                          | >>    | vvv    |       |                   |
| 2   | .                                                          | : . . . : | .                                                          | :     | vv     |       |                   |
| 2   | H                                                          | : . . . : | .                                                          | :     | :      |       |                   |
| 1   |                                                            | : . . . : |                                                            | :     | ^^     |       |                   |
| 2   | .                                                          | : . . . : | .                                                          | :     | ^^^    |       |                   |
| 8   | H .3                                                       | : . . . : | .4                                                         | :     | ^^^^   |       |                   |
| 4   | H .                                                        | : . . . : | H .                                                        | :     | vvvv   |       |                   |
| 1   | .                                                          | : . . . : | H                                                          | :     | vvv    |       |                   |
| 1   |                                                            | : . . . : |                                                            | :     | ^^^    |       |                   |
| 6   | . H .                                                      | : . . . : | . H .                                                      | :     | ^^^^   |       |                   |
| 4   | .2                                                         | : . . . : | H .                                                        | :     | vvvv   |       |                   |
| 1   | .                                                          | : . . . : | H                                                          | :     | vvv    |       |                   |
| 1   |                                                            | : . . . : |                                                            | :     | vv     |       |                   |
| 3   | .2                                                         | : . . . : | . H                                                        | :     | v      |       |                   |
| 3   | .                                                          | : . . . : | .                                                          | :     | :      |       |                   |
| 21  | .10 H                                                      | : . . . : | H . H . H . H . H . H                                      | <<    | :      |       |                   |
| 25  | . H . H . H . H . H . H                                    | : . . . : | . H . H . H . H . H . H                                    | >>    | :      |       |                   |
| 54  | . H . H . H . H . H . H . H . H . H .9                     | : . . . : | . H . H . H . H . H . H . H . H .11                        | :     | :      |       |                   |
| 8   | H . H .                                                    | : . . . : | .4                                                         | >>    | :      |       |                   |
| 1   | H                                                          | : . . . : | .                                                          | >>    | ^^     |       |                   |
| 1   |                                                            | : . . . : |                                                            | >>    | ^^^    |       |                   |
| 1   | .                                                          | : . . . : | .                                                          | >>    | ^^^^   |       |                   |
| 1   |                                                            | : . . . : |                                                            | >>    | ^^^    |       |                   |
| 1   | H                                                          | : . . . : | .                                                          | >>    | ^^     |       |                   |
| 1   |                                                            | : . . . : |                                                            | >>    | vv     |       |                   |
| 1   | .                                                          | : . . . : | .                                                          | >>    | vvv    |       |                   |
| 1   |                                                            | : . . . : |                                                            | >>    | vvvv   |       |                   |
| 1   | H                                                          | : . . . : | .                                                          | >>    | vvv    |       |                   |
| 1   |                                                            | : . . . : |                                                            | >>    | vv     |       |                   |
| 2   | .                                                          | : . . . : | .                                                          | >>    | :      |       |                   |
| 4   | H .                                                        | : . . . : | .2                                                         | >>    | :      | bar<  |                   |
| 1   | H                                                          | : . . . : | .                                                          | >>>   | ^^^    | haz-  |                   |
| 2   | .                                                          | : . . . : | .                                                          | >>>   | ^^^^   |       |                   |
| 8   | H . H .                                                    | : . . . : | .4                                                         | >>>   | vv     |       |                   |
| 6   | H . H                                                      | : . . . : | .3                                                         | >>>   | :      |       |                   |
| 39  | . H . H . H . H . H . H . H . H . H .                      | : . . . : | .15 C . C .                                                | >>    | :      |       |                   |
| 4   | H .                                                        | : . . . : | .2                                                         | >>    | :      | bar<  |                   |
| 4   | H .                                                        | : . . . : | C .                                                        | >>    | :      | haz-  |                   |
| 15  | H . H . H . H .                                            | 4>3R      | .4 H . H .                                                 | >>    | :      |       |                   |
| 21  | H . H . H . H . H .                                        | 4>3R      | H . H . H . H . H .                                        | :     | :      |       |                   |
| 2   | .                                                          | 3R>4      | H                                                          | :     | :      |       |                   |
| 4   | .2                                                         | : . . . : | . H                                                        | :     | :      |       |                   |
| 2   | .                                                          | 4>3L      | .                                                          | :     | :      |       |                   |
| 8   | C . C .                                                    | : . . :   | H . H .                                                    | :     | :      |       |                   |
| 2   | C                                                          | 3L>4      | .                                                          | :     | :      |       |                   |
| 22  | . C . D . D . D . D .                                      | : . . . : | .3 C . C .3 C .                                            | :     | :      |       |                   |
|     |                                                            |           |                                                            |       |        |       | goto sc65c        |
