; Decompiled from Stage1Data.c by map_compile.py.
; One row is one slice of road, read bottom to top: the last row is
; the start of the stage. See C/docs/map-text-format.md.
; stage: 1
; prefix: stage1_map
; obj T = TUNNEL_LIGHT
; obj S = SHORT_POLE
; obj R = TREE
; obj B = BUSH
; obj E = STREET_LAMP
; obj L = TELEGRAPH_POLE
; obj U = TURN_SIGN_L
; obj N = TURN_SIGN_R
; addr left curvature = 0x5FD2
; addr left height = 0x5FE6
; addr left lanes = 0x6003
; addr left hazards = 0x6009
; addr left leftobjs = 0x6011
; addr left rightobjs = 0x6052
; addr right curvature = 0x6088
; addr right height = 0x60A3
; addr right lanes = 0x60E5
; addr right hazards = 0x60EF
; addr right leftobjs = 0x6109
; addr right rightobjs = 0x6143
; addr tunnel curvature = 0x6173
; addr tunnel height = 0x6189
; addr tunnel lanes = 0x61A5
; addr tunnel hazards = 0x61B9
; addr tunnel leftobjs = 0x61BE
; addr tunnel rightobjs = 0x61C9
; addr loop curvature = 0x61D4
; addr loop height = 0x6209
; addr loop lanes = 0x625D
; addr loop hazards = 0x6277
; addr loop leftobjs = 0x6294
; addr loop rightobjs = 0x6314

| Dst | Left objs                   | Road      | Right objs                   | Curve | Height | Haz   | Loop             |
| --- | --------------------------- | --------- | ---------------------------- | ----- | ------ | ----- | ---------------- |
|     |                             |           |                              |       |        |       | goto loop        |
| 3   | E                           | H : : : H | .                            | :     | -      |       |                  |
| 2   | .                           | H : : : H | .                            | :     | vv     |       |                  |
| 1   | E                           | H : : : H | E                            | :     | -      |       |                  |
| 5   | .2                          | H : : : H | E .                          | <     | -      |       |                  |
| 6   | .3                          | H : : : H | .3                           | >     | -      |       |                  |
| 12  | . N . N .2                  | H : : : H | . N . N .2                   | >>    | -      |       |                  |
| 19  | .5 N . N . N                | H : : : H | . N . N . N . N .2           | >     | -      |       |                  |
| 4   | .2                          | H : : : H | . N                          | :     | -      |       |                  |
| 2   | .                           | \\  : : H | .                            | :     | -      |       |                  |
| 6   | . E .                       | //  : : H | .3                           | :     | -      |       |                  |
| 12  | . E . E .2                  | H : : : H | . R .4                       | :     | -      |       |                  |
| 1   |                             | H : : : H |                              | :     | ^      |       |                  |
| 1   | E                           | H : : : H | R                            | :     | ^^     |       |                  |
| 2   | .                           | H : : : H | .                            | :     | ^^^    |       |                  |
| 1   |                             | H : : : H |                              | :     | ^^     |       |                  |
| 1   | .                           | H : : : H | R                            | :     | ^      |       |                  |
| 1   |                             | H : : : H |                              | :     | -      |       |                  |
| 1   | .                           | H : : : H | .                            | :     | v      |       |                  |
| 1   |                             | H : : : H |                              | :     | vv     |       |                  |
| 1   | R                           | H : : : H | .                            | :     | vvv    |       |                  |
| 1   |                             | H : :  // |                              | :     | vvv    |       |                  |
| 1   | .                           | H : :  // | .                            | :     | vv     |       |                  |
| 1   |                             | H : : H   |                              | :     | v      |       |                  |
| 7   | .3 R                        | H : : H   | .4                           | :     | -      | haz-  |                  |
| 2   | R                           | H : : H   | .                            | :     | -      | bar>  |                  |
| 1   |                             | H : : : H |                              | :     | -      |       |                  |
| 1   | .                           | H : : : H | .                            | :     | v      |       |                  |
| 1   |                             | H : : : H |                              | :     | vv     |       |                  |
| 2   | .                           | H : : : H | .                            | :     | vvv    |       |                  |
| 2   | .                           | H : : : H | .                            | :     | vv     |       |                  |
| 1   | R                           | H : : : H | R                            | :     | v      |       |                  |
| 1   |                             | H : : : H |                              | :     | ^      |       |                  |
| 2   | .                           | H : : : H | .                            | :     | ^^     |       |                  |
| 2   | .                           | H : : : H | .                            | :     | ^^^    |       |                  |
| 1   | .                           | H : : : H | .                            | :     | ^^     |       |                  |
| 1   |                             | H : : : H |                              | :     | ^      |       |                  |
| 14  | .2 B . B . B                | H : : : H | .2 R .3 R                    | :     | -      |       |                  |
| 1   | .                           | H : : : H | .                            | :     | v      |       |                  |
| 1   |                             | \\  : : H |                              | :     | v      |       |                  |
| 1   | .                           | \\  : : H | .                            | :     | vv     |       |                  |
| 4   | R .                         | //  : : H | R .                          | :     | vv     |       |                  |
| 3   | .                           | //  : : H | .                            | :     | vvv    |       |                  |
| 2   | R                           | //  : : H | .                            | :     | vv     |       |                  |
| 1   | .                           | //  : : H | .                            | :     | v      |       |                  |
| 1   |                             | //  : : H |                              | :     | -      |       |                  |
| 1   | .                           | //  : : H | R                            | :     | ^      |       |                  |
| 1   |                             | //  : : H |                              | :     | ^^     |       |                  |
| 2   | .                           | //  : : H | .                            | :     | ^^^    |       |                  |
| 5   | R .2                        | //  : : H | B .2                         | :     | ^^^^   |       |                  |
| 3   | .                           | //  : : H | .                            | :     | ^^^    |       |                  |
| 2   | R                           | //  : : H | .                            | :     | ^^     |       |                  |
| 1   | .                           | //  : : H | .                            | :     | ^      |       |                  |
| 2   | .                           | //  : : H | B                            | :     | -      |       |                  |
| 1   |                             | //  : : H |                              | :     | v      |       |                  |
| 2   | .                           | //  : : H | .                            | :     | vv     |       |                  |
| 3   | .2                          | //  : : H | .2                           | :     | vvv    |       |                  |
| 6   | B . B                       | H : : : H | B .2                         | :     | vvvv   |       |                  |
| 2   | .                           | H : : : H | .                            | :     | ^^^^   |       |                  |
| 12  | . R .3 R                    | H : : : H | .3 B . B                     | :     | ^^^    |       |                  |
| 1   |                             | H : : : H |                              | :     | ^^^^   |       |                  |
| 1   | .                           | H : : : H | .                            | :     | ^^^    |       |                  |
| 4   | R .                         | H : : : H | .2                           | :     | ^^     |       |                  |
| 5   | .2                          | H : : : H | .2                           | :     | ^      |       |                  |
| 3   | .2                          | H : : : H | .2                           | :     | -      |       |                  |
| 4   | .2                          | H : : : H | .2                           | :     | v      |       |                  |
| 3   | .                           | H : : : H | .                            | :     | vv     |       |                  |
| 10  | E .4                        | H : : : H | .5                           | >     | vv     |       |                  |
| 5   | . E .                       | H : : : H | .3                           | >>    | vv     |       |                  |
| 10  | N .3 E                      | H : : : H | N . N . N                    | >>>   | vv     |       |                  |
| 2   | .                           | H : : : H | .                            | >>    | vv     |       |                  |
| 2   | N                           | H : : : H | N                            | >     | vv     |       |                  |
| 2   | .                           | H : : : H | .                            | <     | vv     |       |                  |
| 2   | N                           | H : : : H | .                            | <<    | vv     |       |                  |
| 2   | .                           | H : : : H | .                            | <<<   | vv     |       |                  |
| 5   | .2                          | H : : : H | .2                           | <<    | vv     |       |                  |
| 2   | E                           | H : : : H | .                            | :     | vv     |       |                  |
| 15  | .4 E . E .                  | H : : : H | E .3 E .3                    | :     | vvv    |       |                  |
| 7   | .3                          | H : : : H | .3                           | <     | vvv    |       |                  |
| 5   | .3                          | H : : : H | E . E                        | <     | vvvv   |       |                  |
| 1   |                             | H : : : H |                              | <<    | vvvv   |       |                  |
| 1   | .                           | H : : : H | .                            | <<    | vv     |       |                  |
| 15  | U . U .4                    | H : : : H | .4 E . E                     | <<    | ^^^^   |       |                  |
| 1   | .                           | H : : : H | .                            | <<    | ^^^    |       |                  |
| 1   |                             | H : : : H |                              | :     | ^^^    |       |                  |
| 3   | .2                          | H : : : H | .2                           | <<    | ^^^    | haz-  |                  |
| 4   | .2                          | H : : : H | . U                          | <<    | ^^^    | bar>  |                  |
| 9   | . L .2                      | H : : : H | . U . U                      | <<    | ^^^    |       |                  |
| 5   | .2 L                        | H : : : H | .2 U                         | <<    | ^^     |       |                  |
| 1   |                             | H : : : H |                              | <<    | ^      |       |                  |
| 3   | U .                         | H : : : H | L .                          | <     | ^      |       |                  |
| 6   | . U .                       | H : : : H | .3                           | <     | -      |       |                  |
| 9   | .3 L                        | H : : : H | .3 L                         | >     | -      |       |                  |
| 21  | .6 N . N . N                | H : : : H | .11                          | >>    | -      | haz-  |                  |
| 2   | .                           | H : : : H | .                            | >>    | -      |       |                  |
| 1   |                             | H : : : H |                              | :     | -      |       |                  |
| 1   | .                           | H : : : H | N                            | >>    | -      | bar<  |                  |
| 8   | N . N .                     | H : : : H | N . N .                      | >>    | -      | haz-  |                  |
| 2   | .                           | H : : : H | .                            | >>    | -      |       |                  |
| 1   |                             | H : : : H |                              | >     | -      |       |                  |
| 1   | N                           | H : : : H | N                            | >     | vv     | bar<  |                  |
| 3   | .                           | H : : : H | .                            | >     | vv     |       |                  |
| 12  | . L .3 N                    | H : : : H | .3 N . N                     | >     | vvv    |       |                  |
| 3   | . L                         | H : : : H | .2                           | >     | ^^^    |       |                  |
| 7   | L .2                        | H : : : H | L . L                        | <     | ^^^    |       |                  |
| 4   | L .                         | H : : : H | L .                          | <     | ^^     |       |                  |
| 9   | . L . L .                   | H : : : H | . L . L .                    | :     | -      |       |                  |
| 20  | . N . N . N .4              | H : : : H | . L . L .6                   | >     | -      |       |                  |
| 23  | . E . E . E .5              | H : : : H | U . U . U . U .3 L           | <     | -      |       |                  |
| 3   | .2                          | H : : : H | .2                           | :     | -      |       | loop             |
|     |                             |           |                              |       |        |       | goto loop        |
| 8   | .4                          | H : : : H | .4                           | :     | -      |       |                  |
| 2   | .                           | H : :  // | .                            | :     | -      |       |                  |
| 18  | .9                          | H : : H   | .9                           | :     | -      |       |                  |
| 8   | T4                          | # : : #   | T4                           | :     | -      |       |                  |
| 5   | T2                          | # : : #   | T2                           | >     | -      |       |                  |
| 2   | T                           | # : : #   | T                            | >     | v      |       |                  |
| 11  | T6                          | # : : #   | T6                           | >     | vv     |       |                  |
| 8   | T4                          | # : : #   | T4                           | >     | vvv    |       |                  |
| 2   | T                           | # : : #   | T                            | >>    | vvv    |       |                  |
| 11  | T5                          | # : : #   | T5                           | >>    | vvvv   |       |                  |
| 2   | T                           | # : : #   | T                            | >>    | vvv    |       |                  |
| 2   | T                           | # : : #   | T                            | >     | vvv    |       |                  |
| 4   | T2                          | # : : #   | T2                           | >     | vv     |       |                  |
| 2   | T                           | # : : #   | T                            | >     | v      |       |                  |
| 1   | T                           | # : : #   | T                            | >     | -      |       |                  |
| 2   | T                           | # : : #   | T                            | >     | ^^     |       |                  |
| 2   | T                           | # : : #   | T                            | >     | ^^^    |       |                  |
| 8   | T4                          | # : : #   | T4                           | >     | ^^^^   |       |                  |
| 4   | T2                          | # : : #   | T2                           | >     | ^^^    |       |                  |
| 2   | T                           | # : : #   | T                            | <     | ^^^    |       |                  |
| 14  | T7                          | # : : #   | T7                           | <     | ^^     |       |                  |
| 6   | T3                          | # : : #   | T3                           | :     | ^^     |       |                  |
| 2   | T                           | # : : #   | T                            | :     | -      |       |                  |
| 6   | . T2                        | # : : #   | . T2                         | >     | -      |       |                  |
| 10  | .5                          | H : : H   | .5                           | >>    | -      |       |                  |
| 1   |                             | H : : H   |                              | >     | -      |       |                  |
| 1   | .                           | H : : H   | .                            | <<    | -      |       |                  |
| 2   | .                           | H : :  \\ | .                            | <<    | -      |       |                  |
| 6   | .3                          | H : : : H | .3                           | <<    | -      |       |                  |
| 1   |                             | H : : : H |                              | <<    | ^^^    |       |                  |
| 2   | .                           | H : : : H | .                            | <<    | ^^^^   |       |                  |
| 13  | .7                          | H : : : H | .7                           | :     | ^^^^   |       |                  |
| 4   | .2                          | H : : : H | .2                           | :     | -      |       |                  |
| 3   | .                           | H : : : H | .                            | :     | vv     |       |                  |
| 15  | .8                          | H : : : H | .8                           | :     | vvv    |       | tunnel           |
|     |                             |           |                              |       |        |       | goto tunnel      |
| 8   | . E . E                     | H : : : H | .4                           | :     | -      | cars+ |                  |
| 2   | .                           | H : : : H | .                            | :     | -      | haz-  |                  |
| 1   |                             | H : : : H |                              | :     | -      |       |                  |
| 1   | .                           | H : : : H | .                            | :     | vv     |       |                  |
| 2   | .                           | ~ : : : ~ | .                            | :     | vv     | bar<> |                  |
| 2   | .                           | ~ : : : ~ | .                            | :     | vv     |       |                  |
| 1   |                             | ~ : : : ~ |                              | :     | -      |       |                  |
| 2   | L                           | ~ : : : ~ | L                            | >     | ^^     |       |                  |
| 3   | L .                         | ~ : : : ~ | .2                           | >>>   | ^^     |       |                  |
| 1   |                             | ~ : : : ~ |                              | >>>   | -      |       |                  |
| 3   | L .                         | ~ : : : ~ | .2                           | >>>   | vv     |       |                  |
| 2   | .                           | ~ : : : ~ | .                            | >>    | vv     |       |                  |
| 1   |                             | ~ : : : ~ |                              | >>    | -      |       |                  |
| 5   | .3                          | ~ : : : ~ | .3                           | >>    | ^^     |       |                  |
| 1   |                             | ~ : : : ~ |                              | >>    | -      |       |                  |
| 5   | .3                          | ~ : : : ~ | .3                           | <<    | vv     |       |                  |
| 1   |                             | ~ : : : ~ |                              | <<    | -      |       |                  |
| 2   | .                           | ~ : : : ~ | .                            | <<    | ^^     |       |                  |
| 3   | .2                          | ~ : : : ~ | L .                          | <<<   | ^^     |       |                  |
| 1   |                             | ~ : : : ~ |                              | <<<   | -      |       |                  |
| 5   | .3                          | ~ : : : ~ | . L .                        | <<<   | vv     |       |                  |
| 1   |                             | ~ : : : ~ |                              | <<<   | -      |       |                  |
| 5   | L . L                       | ~ : : : ~ | L . L                        | <<<   | ^^     |       |                  |
| 1   |                             | ~ : : : ~ |                              | <<    | -      |       |                  |
| 5   | . L .                       | ~ : : : ~ | . L .                        | <<    | vv     |       |                  |
| 1   |                             | ~ : : : ~ |                              | <<    | -      |       |                  |
| 5   | .2 L                        | ~ : : : ~ | L . L                        | <<    | ^^     |       |                  |
| 1   |                             | ~ : : : ~ |                              | <<    | -      |       |                  |
| 5   | .3                          | ~ : : : ~ | . L .                        | <<    | vv     |       |                  |
| 1   |                             | ~ : : : ~ |                              | <<    | -      |       |                  |
| 4   | .2                          | ~ : : : ~ | . L                          | <     | ^^     |       |                  |
| 1   | L                           | ~ : : : ~ | L                            | >     | ^^     |       |                  |
| 1   |                             | ~ : : : ~ |                              | >     | -      |       |                  |
| 2   | .                           | ~ : : : ~ | .                            | >     | vv     |       |                  |
| 3   | . L                         | ~ : : : ~ | .2                           | >>    | vv     |       |                  |
| 1   |                             | ~ : : : ~ |                              | >>    | -      |       |                  |
| 5   | L .2                        | ~ : : : ~ | .3                           | >>    | ^^     |       |                  |
| 1   |                             | ~ : : : ~ |                              | >>    | -      |       |                  |
| 1   | .                           | ~ : : : ~ | .                            | >>    | vv     |       |                  |
| 2   | L                           | ~ : : : ~ | .                            | >     | vv     | haz3  |                  |
| 2   | .                           | ~ : : : ~ | .                            | >     | vv     |       |                  |
| 1   |                             | ~ : : : ~ |                              | >     | -      |       |                  |
| 2   | .                           | ~ : : : ~ | .                            | >     | ^^     |       |                  |
| 3   | L .                         | ~ : : : ~ | .2                           | :     | ^^     | bar<> |                  |
| 1   |                             | ~ : : : ~ |                              | :     | -      |       |                  |
| 5   | . L .                       | ~ : : : ~ | .3                           | :     | vv     |       |                  |
| 1   |                             | ~ : : : ~ |                              | :     | -      |       |                  |
| 5   | L . L                       | ~ : : : ~ | .2 L                         | :     | ^^     |       |                  |
| 1   |                             | ~ : : : ~ |                              | :     | -      |       |                  |
| 4   | .2                          | ~ : : : ~ | .2                           | :     | vv     |       |                  |
| 1   | .                           | ~ : : : ~ | .                            | <     | vv     |       |                  |
| 1   |                             | ~ : : : ~ |                              | <     | -      |       |                  |
| 4   | . L                         | ~ : : : ~ | .2                           | <     | ^^     |       |                  |
| 1   | .                           | ~ : : : ~ | L                            | <<    | ^^     |       |                  |
| 1   |                             | ~ : : : ~ |                              | <<    | -      |       |                  |
| 5   | .3                          | ~ : : : ~ | . L .                        | <<    | vv     |       |                  |
| 1   |                             | ~ : : : ~ |                              | <<    | -      |       |                  |
| 5   | L . L                       | ~ : : : ~ | .3                           | <<    | ^^     |       |                  |
| 1   |                             | ~ : : : ~ |                              | <<    | -      |       |                  |
| 5   | .3                          | ~ : : : ~ | .3                           | <<    | vv     |       |                  |
| 1   |                             | ~ : : : ~ |                              | <<    | -      |       |                  |
| 5   | L .2                        | ~ : : : ~ | L .2                         | <<    | ^^     |       |                  |
| 1   |                             | ~ : : : ~ |                              | <<    | -      |       |                  |
| 5   | . L .                       | ~ : : : ~ | . L .                        | <<    | vv     |       |                  |
| 1   |                             | ~ : : : ~ |                              | <<    | -      |       |                  |
| 5   | L . L                       | ~ : : : ~ | L . L                        | <<    | ^^     |       |                  |
| 1   |                             | ~ : : : ~ |                              | <<    | -      |       |                  |
| 3   | L .                         | ~ : : : ~ | .2                           | <<    | vv     |       |                  |
| 2   | .                           | ~ : : : ~ | .                            | <     | vv     |       |                  |
| 1   |                             | ~ : : : ~ |                              | <     | -      |       |                  |
| 5   | .2 L                        | ~ : : : ~ | .3                           | <     | ^^     |       |                  |
| 1   |                             | ~ : : : ~ |                              | <     | -      |       |                  |
| 5   | .3                          | ~ : : : ~ | .3                           | <     | vv     |       |                  |
| 1   |                             | ~ : : : ~ |                              | <     | -      |       |                  |
| 2   | .                           | ~ : : : ~ | .                            | <     | ^^     |       |                  |
| 1   | .                           | ~ : : : ~ | .                            | :     | ^^     | haz3  |                  |
| 2   | S                           | ~ : : : ~ | S                            | :     | ^^     | bar<> |                  |
| 20  | .10                         | H : : : H | E .3 E .3 E .                | :     | -      |       | right            |
|     |                             |           |                              |       |        |       | goto tunnel      |
| 33  | . E . E . E .3 E . E . E .2 | H : : : H | . E . E . E .3 E . E . E . E | :     | -      |       |                  |
| 3   | .2                          | H : : : H | . E                          | :     | v      |       |                  |
| 5   | .2                          | H : : : H | . E                          | :     | vv     |       |                  |
| 7   | .4                          | H : : : H | . E . E                      | :     | vvv    |       |                  |
| 7   | .3                          | H : : : H | E . E                        | :     | vvvv   |       |                  |
| 6   | .3                          | H : : : H | . E .                        | :     | vvv    |       |                  |
| 4   | . L                         | H : : : H | .2                           | :     | vv     |       |                  |
| 3   | .2                          | H : : : H | .2                           | :     | v      |       |                  |
| 6   | .2 L                        | H : : : H | L .2                         | :     | -      |       |                  |
| 14  | . L .5                      | H : : : H | .3 L .3                      | >     | -      |       |                  |
| 12  | . L . L . L                 | H : : : H | . L .3 L                     | >>    | -      |       |                  |
| 30  | .2 L .3 L .3 L .3 L         | H : : : H | .6 L .3 L .3 L               | >>>   | -      |       |                  |
| 17  | .2 L . L . L .              | H : : : H | . L . L .4                   | >>    | -      |       |                  |
| 12  | L . L . L .                 | H : : : H | .5 L                         | >     | -      |       |                  |
| 6   | .3                          | H : : : H | .3                           | :     | -      |       |                  |
| 2   | R                           | H : : : H | .                            | :     | ^      |       |                  |
| 3   | R .                         | H : : : H | .2                           | :     | ^^     |       |                  |
| 2   | .                           | H : : : H | .                            | :     | ^^^    |       |                  |
| 11  | R .3 R                      | H : : : H | .5                           | :     | ^^^^   |       |                  |
| 6   | . R .                       | H : : : H | .3                           | :     | ^^^    |       |                  |
| 1   | .                           | H : : : H | .                            | :     | ^^     | cars+ |                  |
| 3   | .                           | H : : : H | .                            | :     | ^^     |       |                  |
| 4   | . R                         | H : : : H | .2                           | :     | ^      |       |                  |
| 13  | .4 R . R                    | H : : : H | .7                           | :     | -      |       | left             |
|     |                             |           |                              |       |        |       | split left right |
| 2   | .                           | H : : : H | .                            | :     | -      | arr>  |                  |
| 23  | .2 E .3 E .3 E              | H : : : H | .2 E .3 E .3 E               | :     | -      |       |                  |
| 1   | .                           | H : : : H | .                            | >     | -      | cars- |                  |
| 10  | E .3 E                      | H : : : H | E .3 E                       | >     | -      |       |                  |
| 25  | E .3 E .3 E .3              | H : : : H | E .3 E .3 E .3               | >>    | -      |       |                  |
| 20  | .2 E .3 E .3                | H : : : H | .2 E .3 E .3                 | <     | -      |       |                  |
| 24  | .2 R .3 B . B .3            | H : : : H | R . R .5 R .3                | :     | -      |       |                  |
| 6   | . R .                       | H : : : H | .3                           | >     | -      |       |                  |
| 15  | .5 R .2                     | H : : : H | . R . R . R .2               | >     | v      |       |                  |
| 10  | .4 R                        | H : : : H | .4 R                         | >     | vv     |       |                  |
| 4   | R .                         | H : : : H | .2                           | <     | vv     |       |                  |
| 2   | .                           | H : : : H | .                            | <     | v      |       |                  |
| 6   | .3                          | H : : : H | .2 R                         | <     | -      |       |                  |
| 2   | .                           | H : : : H | .                            | <     | ^      |       |                  |
| 2   | R                           | H : : : H | R                            | <     | ^^     |       |                  |
| 8   | R .3                        | H : : : H | R .3                         | <<    | ^^^    |       |                  |
| 6   | .3                          | H : : : H | .3                           | <<    | ^^     |       |                  |
| 1   |                             | H : : : H |                              | :     | ^^     |       |                  |
| 3   | . R                         | H : : : H | . B                          | :     | ^      |       |                  |
| 2   | .                           | H : : : H | B                            | :     | -      |       |                  |
| 2   | .                           | H : : : H | .                            | :     | vv     |       |                  |
| 8   | .3 B                        | H : : : H | . R . R                      | :     | vvv    |       |                  |
| 8   | .3 B                        | H : : : H | . R . R                      | :     | ^^^    |       |                  |
| 2   | .                           | H : : : H | .                            | :     | ^^     |       |                  |
| 2   | .                           | H : : : H | .                            | :     | -      |       |                  |
| 3   | .                           | H : : : H | R                            | :     | v      |       |                  |
| 24  | .10 R .                     | H : : : H | .6 B .3 B .                  | :     | vv     |       |                  |
| 1   | .                           | H : : : H | .                            | :     | v      |       |                  |
| 1   |                             | H : : : H |                              | :     | -      |       |                  |
| 1   | R                           | H : : : H | R                            | :     | ^      |       |                  |
| 13  | .2 R . R .                  | H : : : H | .2 R . R .                   | :     | ^^     |       |                  |
| 1   | .                           | H : : : H | .                            | :     | ^      |       |                  |
| 3   | .                           | H : : : H | R                            | :     | -      |       |                  |
| 20  | .4 R .3 R .                 | H : : : H | .2 R .7                      | >     | -      |       |                  |
| 27  | .4 B . B .3 B .3            | H : : : H | .4 R . R . R .3 R .          | <     | -      |       |                  |
| 2   | .                           | H : :  // | .                            | <     | -      |       |                  |
| 30  | B . B .3 B .3 B .3 B        | H : : H   | R .3 R .3 R . R .4           | :     | -      |       | start            |
