;
; SkoolKit ref file for Chase H.Q. by Ocean.
;

[Page:Facts]
SectionPrefix=Fact

[Fact:Authors:Authors]
Code by John O'Brien aka JOBBEEE
<a href="https://www.mobygames.com/person/28679/john-obrien/">https://www.mobygames.com/person/28679/john-obrien/</a>

Graphics by Bill Harbison aka BILL aka Harbonaut
<a href="https://www.mobygames.com/person/31804/bill-harbison/">https://www.mobygames.com/person/31804/bill-harbison/</a>

Music by Jonathan Dunn aka JON DUNN
<a href="https://www.mobygames.com/person/31702/jonathan-dunn/">https://www.mobygames.com/person/31702/jonathan-dunn/</a>

[Fact:AlternativeVersions:Alternative versions]
There's a demo version of Chase H.Q. on Sinclair User issue 94: Megatape 23.
<a href="https://worldofspectrum.org/archive/software/cover-tapes-and-electronic-magazines/sinclair-user-issue-94-megatape-23-sinclair-user">https://worldofspectrum.org/archive/software/cover-tapes-and-electronic-magazines/sinclair-user-issue-94-megatape-23-sinclair-user</a>.
It features a single stage, with the graphics from stage 1 of the real game
and what seems to be a custom map. There's no retry on fail and it's a tough
level.

[Fact:RelatedPorts:Related ports]
The Amstrad CPC version is by the same authors and was produced after this
Spectrum version.

[Fact:RelatedGames:Related games]
<b>WEC Le Mans</b> (Imagine, 1989) [Lamb/Mullins/Dunn/Harbison/Morrall]
<br>Shares a composer and an artist with ZX Chase H.Q.
<br><a href="https://www.mobygames.com/game/15167/wec-le-mans-24/">https://www.mobygames.com/game/15167/wec-le-mans-24/</a>
<br>Chase H.Q. is reportedly a modification of WEC Le Mans' game engine.

<p><b>Batman: The Movie</b> (Ocean Software, 1989) [Lamb/O'Brien/Shortt/Drake/Harbison/Palmer/Hemphill/Dunn/Cannon]
<br>ZX Chase H.Q.'s authors worked on the driving sequences for the Atari ST
and Amiga versions of this game.
<br><a href="https://www.mobygames.com/game/3848/batman/">https://www.mobygames.com/game/3848/batman/</a>

<p><b>Burnin' Rubber</b> (Ocean Software, 1990) [O'Brien/Hemphill/Dunn]
<br>A later Amstrad game by John O'Brien very much like WEC Le Mans.
<br><a href="https://www.mobygames.com/game/70894/burnin-rubber/">https://www.mobygames.com/game/70894/burnin-rubber/</a>

[Fact:Research:Research]
<a href="https://en.wikipedia.org/wiki/Chase_H.Q.">https://en.wikipedia.org/wiki/Chase_H.Q.</a>
<br><a href="https://spectrumcomputing.co.uk/entry/903/ZX-Spectrum/Chase_HQ">https://spectrumcomputing.co.uk/entry/903/ZX-Spectrum/Chase_HQ</a>
<br><a href="https://www.mobygames.com/game/9832/chase-hq/">https://www.mobygames.com/game/9832/chase-hq/</a>
<br><a href="http://reassembler.blogspot.com/2012/06/interview-with-spectrum-legend-bill.html">http://reassembler.blogspot.com/2012/06/interview-with-spectrum-legend-bill.html</a>
<br><a href="https://news.ycombinator.com/item?id=8850193">https://news.ycombinator.com/item?id=8850193</a> (discussion about the game loader)
<br><a href="http://www.extentofthejam.com/pseudo/">http://www.extentofthejam.com/pseudo/</a> (Lou's Pseudo 3D page)

[Fact:VersionDifferences:48K/128K version differences]
<ul>
<li>48K version is a multiloader</li>
<li>128K version has AY music with sampled speech and effects</li>
<li>128K has a logo animation, then music plays, then attract mode cycle (48K version only has attract mode)</li>
<li>128K has a Best Officers (high score) on attract screen and a high score entry screen</li>
<li>128K retains the input device/define keys code (48K has to overwrite it for space reasons)</li>
<li>48K has a beatbox music routine on the input selection screen</li>
</ul>

[Fact:Secrets:Secrets]
Redefine keys to "SHOCKED&lt;ENTER&gt;" to activate test/cheat mode.

[Fact:HiddenInstruction:A disguised instruction hiding inside "unused" data]
The eight bytes at #R$8008 are labelled unused, but three of them
($C3,$D6,$A0) decode as <code>JP $A0D6</code> (the keyscan routine) starting
at $800E, six bytes into the block. <code>CALL $800E</code> is therefore equivalent to
<code>CALL $A0D6</code> — the disassembly has to spot this by decoding the
data as code, since nothing points at $800E directly. Two call sites use
it this way, at $C647 (in #R$C59E@bank3) and $C1D7 (in #R$C16A@bank3).

[Fact:DeadCode:A block of code that can never be reached]
The three instructions at #R$85DD (labelled <code>rps_dead_code</code>) can't
be reached: every jump into the block above it either loops back to
#R$85A8 or falls straight through to <code>RET</code> a few bytes earlier.
Kept in the disassembly as found, not trimmed.

[Fact:AlwaysClearsCarry:A carry check that can never fire]
In the drum-noise burst routine (#R$FA3A@bank3, at $FA67), <code>AND A</code>
unconditionally clears the carry flag immediately before <code>RET C</code>,
so that <code>RET</code> can never actually trigger early. The frame-flag
byte it loads is never used for anything. Preserved as an apparent dead
check in the original code, not a translation artefact.

[Fact:FrozenTitleObject:A title-screen object that can freeze mid-script]
Object scripts on the title screen use opcode $D1 for an initial
constant-velocity burst, but $D1 is never tested by either of the two
dispatch chains that drive object movement ($C70E onwards, in #R$C59E@bank3).
Every one of the five title scenes hits this: once $D1 is latched as the
active opcode, the object can never reach the countdown that would let it
fetch a new instruction, and it freezes in place for the rest of the scene.
A genuine quirk of the original interpreter, not a disassembly error — see
$CCF2 (in #R$CCB7@bank3) for object 0's case.

[Fact:StretchyObjects:How trees and buildings fake perspective]
There is no hardware scaling on the Spectrum, so roadside objects like trees,
lamp posts and buildings can't just be one bitmap stretched to size. Instead
#R$9174 (draw_stretchy_object_common, reached via #R$916C or #R$9171) builds
each object from a stack of small bitmap "bands": some bands are drawn at a
fixed height regardless of distance, anchoring the object's basic shape;
others are scaled to a percentage (25% to 200%) of a base height looked up in
the shared <code>persp_y_scale</code> table, and it's these bands that
actually shrink and grow as the object approaches or recedes. Each band picks
its own bitmap variant for the current depth from a small per-band table, so
a fixed foot or a stretched trunk can look subtly different up close without
needing a whole extra full-size sprite. Five ~32-byte bands per object is far
cheaper than one full bitmap per depth level.

[Fact:UnusedTurnSign:A road sign graphic that's drawn but never shown]
#R$6D32 defines a 16x10 "turn right" sign, complete with a pre-shifted
copy at #R$6D5A, but nothing in the disassembly references either bitmap.
Whatever used it (perhaps an earlier version of the fork-in-the-road
warning) was cut before release.

[Fact:CorneringDoubleTest:A repeated bit test in the cornering check]
The cornering-direction check at $B2C7, in #R$B063, tests bit 7 of H twice
on the same branch of the decision tree ($B2CD and $B2D5) — the second
test can never come out differently from the first, since nothing changes
H in between. Marked "bug?" in the disassembly; behaviourally harmless, but
almost certainly an accidental duplication rather than an intentional
recheck.

[Page:Bugs]
SectionPrefix=Bug

[Bug:TimeBonus:Time bonus uses wrong random value]
Bugfix provided by Russell Marks:

<p>When you finish a stage, a hidden bonus is sometimes given randomly. At
address $8b3d, instructions EX AF,AF' and LD B,A are in the wrong order.
Therefore calculation of time bonus is using random value from A' instead of
low digit from remaining time. Fixed with POKE 35645,71: POKE 35646,8.
