;
; SkoolKit ref file for Chase H.Q. by Ocean.
;

[Page:Changelog]
SectionType=BulletPoints

[Changelog:20260814]
Fourth release

- Nearly all hedged/TBD comments resolved; the road drawing code is now documented too

- All five 128K banks fully labelled and cross-referenced

- Stage, title and end-screen graphics given their own index pages

- $E300-$EDFF memory map rewritten to match the C port's state layout

- Added a scaffold disassembly for the Megatape 23 demo build

- Added a road map text format and compiler for editing stage data by hand

[Changelog:20231102]
Third release

- Virtually everything is now labelled

- Most locations are mapped out

- Most of the graphics are decoded

- The map data format is mostly understood

- Many of the routines are reasonably documented

- Some still are not, notably the road drawing code

[Changelog:20230518]
Second release

- Lots of graphics decoded

- Map data is understood better

- Many functions have semi decent explanations

[Changelog:20230426]
First release

