;
; SkoolKit ref file for Chase H.Q. by Ocean.
;

[Config]
HtmlWriterClass=:ChaseHQ.ChaseHQHtmlWriter
GameDir=ChaseHQ

[Paths]
CodeFiles={address:04X}.html

; Each 128K RAM bank is paged into the same $C000-$FFFF window, so it gets
; its own OtherCode disassembly rather than sharing the main one. This lets
; #R address@bankN link between banks despite the overlapping addresses.
[OtherCode:main]
Source=ChaseHQ-128K.skool
[OtherCode:bank1]
Source=ChaseHQ-128K-bank-1.skool
[OtherCode:bank3]
Source=ChaseHQ-128K-bank-3.skool
[OtherCode:bank4]
Source=ChaseHQ-128K-bank-4.skool
[OtherCode:bank6]
Source=ChaseHQ-128K-bank-6.skool
[OtherCode:bank7]
Source=ChaseHQ-128K-bank-7.skool

[Game]
Game=Chase H.Q.
Release=The incomplete Chase H.Q. disassembly 20260720
Copyright=&copy; 1988 Taito Corporation &copy; 1989 Ocean Software Ltd. (Chase H.Q.) © 2023-2026 David Thomas (this disassembly)

[PageHeaders]
GameIndex=The incomplete<>disassembly

[Links]
CommonGraphics=[Common] (graphics common to all stages)
Map=[Road map] (the road map)
Stage1Graphics=[Stage 1] (graphics specific to stage 1)
Stage1Map=[Stage 1] (map data for stage 1)
Stage2Graphics=[Stage 2] (graphics specific to stage 2)
Stage3Graphics=[Stage 3] (graphics specific to stage 3)
Stage4Graphics=[Stage 4] (graphics specific to stage 4)
Stage5Graphics=[Stage 5] (graphics specific to stage 5)
TitleGraphics=[Title screen] (the animated title screen, bank 3)
EndScreenGraphics=[End screen] (the end-of-game results screen, bank 7)

[Titles]
CommonGraphics=Common Graphics
MapFormat=Map Data Format
Stage1Graphics=Stage 1 Graphics
Stage1Map=Stage 1 Map
Stage2Graphics=Stage 2 Graphics
Stage3Graphics=Stage 3 Graphics
Stage4Graphics=Stage 4 Graphics
Stage5Graphics=Stage 5 Graphics
TitleGraphics=Title Screen Graphics
EndScreenGraphics=End Screen Graphics

[Index]
Game
MemoryMaps
Graphics
DataTables
Reference
OtherCode

[Index:Game:Game]
MapFormat
Stage1Map

[Index:Graphics:Graphics]
Stage1Graphics
Stage2Graphics
Stage3Graphics
Stage4Graphics
Stage5Graphics
CommonGraphics
TitleGraphics
EndScreenGraphics

[Page:MapFormat]
PageContent=#INCLUDE(PageContent:MapFormatX)

[PageContent:MapFormatX]
<p>Each stage's map is composed of six separate variable-length streams of data. They are:

<ul>
<li>Curvature</li>
<li>Height</li>
<li>Lanes</li>
<li>Right side objects</li>
<li>Left side objects</li>
<li>Hazards</li>
</ul>

<p><b>Curvature</b> controls the left-right turn of the road. It is stored as a sequence of bytes of the form $CT where $C is a count (1..15) and $T is a type. The valid types are:

<ul>
<li>0: Straight</li>
<li>1: Right</li>
<li>2: Right Hard</li>
<li>3: Right Very Hard</li>
<li>8: Straight (alternate)</li>
<li>9: Left</li>
<li>10: Left Hard</li>
<li>11: Left Very Hard</li>
<li>Other values are unused by the game.</li>
</ul>

<p>A zero byte in the stream is an escape which can be followed by one of:

<ul>
<li>0: Jump. The next two bytes are the address of the next byte in the stream.</li>
<li>1: Fork End. Used during road forks.</li>
<li>2: Split. Used to follow road forks. The next two bytes are the address of the left fork's data, and the next two bytes are the address of the right fork's data.</li>
<li>Other values are invalid.
</ul>

<p>This escape format is the same for all the other streams.

<p><b>Height</b> controls the up-down inclination of the road. It uses the same encoding as curvature but the type field instead defines the road's inclination. Its valid values are:

<ul>
<li>1: Going Up 7 (steep incline)</li>
<li>3: Going Up 5</li>
<li>5: Going Up 3</li>
<li>7: Going Up 1 (gentle incline)</li>
<li>8: Level Road</li>
<li>9: Going Down 1 (gentle)</li>
<li>11: Going Down 3</li>
<li>13: Going Down 5</li>
<li>15: Going Down 7 (steep)</li>
<li>Other values are unused by the game.</li>
</ul>

<p><b>Lanes</b> use a different scheme: pairs of bytes. The first byte is a count and the following byte is the data. The currently understood valid data values are:

<ul>
<li><code>$00: [ |||| ] </code>4 Lanes</li>
<li><code>$01: [ ||__ ] </code>2 Lanes, Left Aligned</li>
<li><code>$02: [ _||_ ] </code>2 Lanes, Centre Aligned</li>
<li><code>$03: [ __|| ] </code>2 Lanes, Right Aligned</li>
<li><code>$06: [ /||_ ] </code>3 Lanes to 2 Narrowing, Left Aligned</li>
<li><code>$0F: [ _/|| ] </code>3 Lanes to 2 Narrowing, Right Aligned</li>
<li><code>$1F: [ _\|| ] </code>2 Lanes to 3 Widening, Left Aligned</li>
<li><code>$2D: [ \||_ ] </code>2 Lanes to 3 Widening, Right Aligned</li>
<li><code>$45: [ ____ ] </code>Tunnel start</li>
<li><code>$59: [ ____ ] </code>Tunnel cont/end?</li>
<li><code>$81: [ |||_ ] </code>3 Lanes, Left Aligned</li>
<li><code>$82: [ _||| ] </code>3 Lanes, Right Aligned</li>
<li><code>$8E: [ /||| ] </code>4 Lanes to 3 Narrowing, Right Aligned</li>
<li><code>$9E: [ \||| ] </code>3 Lanes to 4 Widening, Right Aligned</li>
<li><code>$AD: [ |||/ ] </code>3 Lanes to 4 Widening, Left Aligned</li>
<li><code>$BD: [ |||\ ] </code>4 Lanes to 3 Narrowing, Left Aligned</li>
<li><code>$C1: [ |||| ] </code>4 Lanes, Dirt track  </li>
<li><code>$C2: [ _||| ] </code>3 Lanes, Dirt track, Right Aligned</li>
<li><code>$C3: [ __|| ] </code>2 Lanes, Dirt track, Right Aligned</li>
</ul>

<p><b>Right and Left side objects</b> are encoded in nibbles as for curvature data.

The object types (for Stage 1) are:

<ul>
<li>0: Nothing
<li>1: Tunnel Light
<li>3: Short Pole
<li>4: Tree
<li>5: Bush
<li>6: Street Lamp
<li>7: Telegraph Pole
<li>8: Turn Sign, Pointing Left
<li>9: Turn Sign, Pointing Right
</ul>

<p><b>Hazards</b> are encoded only as byte counters and an extended form of the escapes with the following additional codes:

<ul>
<li>3: (TBD) Stop Spawning Barriers</li>
<li>6: (TBD) Stop Spawning Barriers</li>
<li>7: Start Spawning Barriers Left</li>
<li>8: Start Spawning Barriers Right</li>
<li>9: Start Spawning Two Barriers</li>
<li>10: Set Floating Arrow Off</li>
<li>11: Set Floating Arrow to Left</li>
<li>12: Set Floating Arrow to Right</li>
<li>13: Enable Car Spawning</li>
<li>14: Disable Car Spawning</li>
</ul>

[Page:Stage1Map]
PageContent=#INCLUDE(PageContent:Stage1Map) #INCLUDE(PageContent:EscapeMap)

[PageContent:Stage1Map]
<h3>Stage 1 Map</h3>

<ul>
<li>Curvature</li>
<li>Height</li>
<li>Lanes</li>
<li>Hazards</li>
<li>Left-side Objects</li>
<li>Right-side Objects</li>
</ul>

<h4>Stage 1, curvature</h4>
#CALL(map_curvature($5EC4))

<h4>Stage 1, height</h4>
#CALL(map_height($5EE4))

<h4>Stage 1, lanes</h4>
#CALL(map_lanes($5F0F))

<h4>Stage 1, hazards</h4>
#CALL(map_hazards($5F1D))

<h4>Stage 1, left objects</h4>
#CALL(map_left_objects($5F2A))

<h4>Stage 1, right objects</h4>
#CALL(map_right_objects($5F78))

[PageContent:EscapeMap]
<h3>Escape Scene Map</h3>

<h4>Escape Scene stretch, curvature</h4>
#CALL(map_curvature($E2AA))

<h4>Escape Scene stretch, height</h4>
#CALL(map_height($E2AF))

<h4>Escape Scene stretch, lanes</h4>
#CALL(map_lanes($E2B4))

<h4>Escape Scene stretch, hazards</h4>
#CALL(map_hazards($E2A4))

<h4>Escape Scene stretch, left objects</h4>
#CALL(map_left_objects($E2C0))

<h4>Escape Scene stretch, right objects</h4>
#CALL(map_right_objects($E2C0))

[Page:Stage1Graphics]
PageContent=#INCLUDE(PageContent:Stage1Graphics)

[Page:Stage2Graphics]
PageContent=#INCLUDE(PageContent:Stage2Graphics)

[Page:Stage3Graphics]
PageContent=#INCLUDE(PageContent:Stage3Graphics)

[Page:Stage4Graphics]
PageContent=#INCLUDE(PageContent:Stage4Graphics)

[Page:Stage5Graphics]
PageContent=#INCLUDE(PageContent:Stage5Graphics)

[Page:CommonGraphics]
PageContent=#INCLUDE(PageContent:CommonGraphics)

[Page:TitleGraphics]
PageContent=#INCLUDE(PageContent:TitleGraphics)

[Page:EndScreenGraphics]
PageContent=#INCLUDE(PageContent:EndScreenGraphics)

[PageContent:Stage1Graphics]
#CALL(graphic($5C00,80,24,0,1))
#CALL(graphic($C000,80,24,0,1,1))
#CALL(face($638A))
#CALL(graphic($64BC,48,30,0,1))
#CALL(graphic($6570,40,22,0,1))
#CALL(graphic($65DE,24,15,0,1))
#CALL(graphic($660B,48,39,0,1))
#CALL(graphic($66F5,40,29,0,1))
#CALL(graphic($6786,24,20,0,1))
#CALL(graphic($67C2,48,31,0,1))
#CALL(graphic($687C,40,22,0,1))
#CALL(graphic($68EA,24,16,0,1))
#CALL(graphic($691A,24,8,1,1))
#CALL(graphic($694A,24,8,1,1))
#CALL(graphic($697A,16,12,1,1))
#CALL(graphic($69AA,16,12,1,1))
#CALL(graphic($69DA,24,9,1,1))
#CALL(graphic($6A10,24,9,1,1))
#CALL(graphic($6A9A,16,5,1,1))
#CALL(graphic($6AAE,16,4,1,1))
#CALL(graphic($6ABE,16,4,1,1))
#CALL(graphic($6ACE,16,3,1,1))
#CALL(graphic($6ADA,16,3,1,1))
#CALL(graphic($6AE6,8,2,1,1))
#CALL(graphic($6AEA,8,2,1,1))
#CALL(graphic($6AEE,8,1,1,1))
#CALL(graphic($6AF0,8,1,1,1))
#CALL(graphic($6AF2,8,1,1,1))
#CALL(graphic($6AF4,8,1,1,1))
#CALL(graphic($6B68,32,40,0,1))
#CALL(graphic($6C08,24,30,0,1))
#CALL(graphic($6C62,16,20,0,1))
#CALL(graphic($6C8A,16,16,1,1))
#CALL(graphic($6CCA,16,13,1,1))
#CALL(graphic($6CFE,16,13,1,1))
#CALL(graphic($6D32,16,10,1,1))
#CALL(graphic($6D5A,16,10,1,1))
#CALL(graphic($6DAC,16,16,0,1))
#CALL(graphic($6DCC,16,11,0,1))
#CALL(graphic($6DE2,8,9,0,1))
#CALL(graphic($6DEB,8,7,0,1))
#CALL(graphic($6E1C,32,17,0,1))
#CALL(graphic($6E60,24,13,0,1))
#CALL(graphic($6E87,16,9,0,1))
#CALL(graphic($6E99,16,7,1,1))
#CALL(graphic($6EB5,16,7,1,1))
#CALL(graphic($6F5D,32,8,0,1))
#CALL(graphic($6F7D,24,5,0,1))
#CALL(graphic($6F8C,24,4,0,1))
#CALL(graphic($6F98,24,4,0,1))
#CALL(graphic($6FA4,16,4,1,1))
#CALL(graphic($6FB4,16,4,1,1))
#CALL(graphic($6FC4,16,3,1,1))
#CALL(graphic($6FD0,16,3,1,1))
#CALL(graphic($703F,24,13,0,1))
#CALL(graphic($7066,24,10,0,1))
#CALL(graphic($7084,24,7,0,1))
#CALL(graphic($7099,24,7,0,1))
#CALL(graphic($70AE,16,5,1,1))
#CALL(graphic($70C2,16,5,1,1))
#CALL(graphic($70D6,16,4,1,1))
#CALL(graphic($70E6,16,4,1,1))
#CALL(graphic($722D,64,16,0,1))
#CALL(graphic($72AD,64,5,0,1))
#CALL(graphic($72D5,16,8,0,1))
#CALL(graphic($72E5,64,5,0,1))
#CALL(graphic($730D,48,12,0,1))
#CALL(graphic($7355,48,4,0,1))
#CALL(graphic($736D,48,4,0,1))
#CALL(graphic($7385,32,8,0,1))
#CALL(graphic($73A5,32,3,0,1))
#CALL(graphic($73B1,16,2,0,1))
#CALL(graphic($73B9,24,7,0,1))
#CALL(graphic($73CE,24,2,0,1))
#CALL(graphic($73D4,8,4,0,1))
#CALL(graphic($73D8,24,2,0,1))
#CALL(graphic($73DE,64,13,1,1))
#CALL(graphic($74AE,48,10,1,1))
#CALL(graphic($7526,32,5,1,1))
#CALL(graphic($754E,24,4,1,1))
#CALL(graphic($7566,24,3,1,1))
#CALL(graphic($7578,24,3,1,1))
#CALL(graphic($758A,16,6,1,1))
#CALL(graphic($75A2,16,4,1,1))
#CALL(graphic($75B2,24,5,1,1))
#CALL(graphic($75D0,24,2,1,1))
#CALL(graphic($75DC,24,3,1,1))
#CALL(graphic($75EE,24,1,1,1))
#CALL(graphic($75F4,24,5,1,1))
#CALL(graphic($7612,24,2,1,1))
#CALL(graphic($761E,24,3,1,1))
#CALL(graphic($7630,24,1,1,1))

[PageContent:Stage2Graphics]
#CALL(graphic($E000,80,24,0,1,1))
#CALL(face($E84B,1))
#CALL(graphic($E97D,48,29,0,1,1))
#CALL(graphic($EA2B,32,19,0,1,1))
#CALL(graphic($EA77,24,13,0,1,1))
#CALL(graphic($EA9E,16,8,1,1,1))
#CALL(graphic($EABE,16,8,1,1,1))
#CALL(graphic($EADE,48,30,0,1,1))
#CALL(graphic($EB92,32,22,0,1,1))
#CALL(graphic($EBEA,24,15,0,1,1))
#CALL(graphic($EC17,16,8,1,1,1))
#CALL(graphic($EC37,16,8,1,1,1))
#CALL(graphic($EC57,48,30,0,1,1))
#CALL(graphic($ED0B,32,22,0,1,1))
#CALL(graphic($ED63,24,16,0,1,1))
#CALL(graphic($EE0C,56,16,0,1,1))
#CALL(graphic($EE7C,24,7,0,1,1))
#CALL(graphic($EE91,56,16,0,1,1))
#CALL(graphic($EF01,24,7,0,1,1))
#CALL(graphic($EF16,24,10,1,1,1))
#CALL(graphic($EF52,16,3,1,1,1))
#CALL(graphic($EF5E,8,7,1,1,1))
#CALL(graphic($EF6C,8,5,1,1,1))
#CALL(graphic($EF76,16,7,1,1,1))
#CALL(graphic($EF92,40,10,1,1,1))
#CALL(graphic($EFF6,40,10,1,1,1))
#CALL(face($F05A,1))
#CALL(graphic($F2F0,40,8,0,1,1))
#CALL(graphic($F318,56,8,0,1,1))
#CALL(graphic($F350,56,8,0,1,1))
#CALL(graphic($F388,64,8,0,1,1))
#CALL(graphic($F3C8,24,4,0,1,1))
#CALL(graphic($F46D,56,8,0,1,1))
#CALL(graphic($F768,40,4,0,1,1))
#CALL(graphic($F77C,32,11,0,1,1))
#CALL(graphic($F7A8,40,8,0,1,1))
#CALL(graphic($F7D0,32,6,0,1,1))
#CALL(graphic($F7E8,24,4,0,1,1))
#CALL(graphic($F97B,40,8,0,1,1))
#CALL(graphic($F9A3,32,6,0,1,1))
#CALL(graphic($F9BB,24,4,0,1,1))
#CALL(graphic($F9C7,24,4,0,1,1))
#CALL(graphic($F9D3,24,3,1,1,1))
#CALL(graphic($F9E5,24,3,1,1,1))
#CALL(graphic($F9F7,16,2,1,1,1))
#CALL(graphic($FA03,16,2,1,1,1))
#CALL(graphic($FA39,32,17,0,1,1))
#CALL(graphic($FA7D,24,13,0,1,1))
#CALL(graphic($FAA4,16,9,0,1,1))
#CALL(graphic($FAB6,16,7,1,1,1))
#CALL(graphic($FAD2,16,7,1,1,1))

[PageContent:Stage3Graphics]
#CALL(graphic($C000,80,24,0,1,6))
#CALL(face($C82C,6))
#CALL(graphic($C95E,48,30,0,1,6))
#CALL(graphic($CA12,32,20,0,1,6))
#CALL(graphic($CA62,24,13,0,1,6))
#CALL(graphic($CA89,16,8,1,1,6))
#CALL(graphic($CAA9,16,8,1,1,6))
#CALL(graphic($CAC9,48,29,0,1,6))
#CALL(graphic($CB77,32,19,0,1,6))
#CALL(graphic($CBC3,24,14,0,1,6))
#CALL(graphic($CBED,16,8,1,1,6))
#CALL(graphic($CC0D,16,8,1,1,6))
#CALL(graphic($CC2D,48,31,0,1,6))
#CALL(graphic($CCE7,40,22,0,1,6))
#CALL(graphic($CD55,24,16,0,1,6))
#CALL(graphic($CD85,24,9,1,1,6))
#CALL(graphic($CDBB,24,9,1,1,6))
#CALL(graphic($CE45,16,5,1,1,6))
#CALL(graphic($CE59,16,4,1,1,6))
#CALL(graphic($CE69,16,4,1,1,6))
#CALL(graphic($CE79,16,3,1,1,6))
#CALL(graphic($CE85,16,3,1,1,6))
#CALL(graphic($CE91,8,2,1,1,6))
#CALL(graphic($CE95,8,2,1,1,6))
#CALL(graphic($CE99,8,1,1,1,6))
#CALL(graphic($CE9B,8,1,1,1,6))
#CALL(graphic($CE9D,8,1,1,1,6))
#CALL(graphic($CE9F,8,1,1,1,6))
#CALL(graphic($CF6B,64,32,0,1,6))
#CALL(graphic($D0AB,48,25,0,1,6))
#CALL(graphic($D17D,40,20,0,1,6))
#CALL(graphic($D20E,32,14,0,1,6))
#CALL(graphic($D262,24,11,0,1,6))
#CALL(graphic($D3AF,32,16,0,1,6))
#CALL(graphic($D3EF,32,24,0,1,6))
#CALL(graphic($D467,32,16,0,1,6))
#CALL(graphic($D4A7,32,24,0,1,6))
#CALL(graphic($D576,24,12,0,1,6))
#CALL(graphic($D604,16,8,0,1,6))
#CALL(graphic($D63D,8,4,0,1,6))
#CALL(graphic($D679,16,16,0,1,6))
#CALL(graphic($D699,16,11,0,1,6))
#CALL(graphic($D6AF,8,9,0,1,6))
#CALL(graphic($D6B8,8,7,0,1,6))
#CALL(graphic($D6E9,32,17,0,1,6))
#CALL(graphic($D72D,24,13,0,1,6))
#CALL(graphic($D754,16,9,0,1,6))
#CALL(graphic($D766,16,7,1,1,6))
#CALL(graphic($D782,16,7,1,1,6))
#CALL(graphic($D801,24,27,0,1,6))
#CALL(graphic($D852,16,20,0,1,6))
#CALL(graphic($D87A,24,15,1,1,6))
#CALL(graphic($D8D4,24,15,1,1,6))
#CALL(graphic($D92E,16,12,1,1,6))
#CALL(graphic($D95E,16,12,1,1,6))
#CALL(graphic($D98E,16,9,1,1,6))
#CALL(graphic($D9B2,16,9,1,1,6))
#CALL(graphic($DA39,24,13,0,1,6))
#CALL(graphic($DA60,24,10,0,1,6))
#CALL(graphic($DA7E,24,7,0,1,6))
#CALL(graphic($DA93,24,7,0,1,6))
#CALL(graphic($DAA8,16,5,1,1,6))
#CALL(graphic($DABC,16,5,1,1,6))
#CALL(graphic($DAD0,16,4,1,1,6))
#CALL(graphic($DAE0,16,4,1,1,6))

[PageContent:Stage4Graphics]
#CALL(graphic($E000,80,24,0,1,6))
#CALL(face($E73E,6))
#CALL(graphic($E870,48,30,0,1,6))
#CALL(graphic($E924,32,22,0,1,6))
#CALL(graphic($E97C,16,12,0,1,6))
#CALL(graphic($E994,16,8,1,1,6))
#CALL(graphic($E9B4,16,8,1,1,6))
#CALL(graphic($E9D4,48,30,0,1,6))
#CALL(graphic($EA88,32,22,0,1,6))
#CALL(graphic($EAE0,24,15,0,1,6))
#CALL(graphic($EB0D,48,29,0,1,6))
#CALL(graphic($EBBB,32,19,0,1,6))
#CALL(graphic($EC07,24,13,0,1,6))
#CALL(graphic($EC2E,16,8,1,1,6))
#CALL(graphic($ECE7,56,16,0,1,6))
#CALL(graphic($ED57,24,7,0,1,6))
#CALL(graphic($ED6C,56,16,0,1,6))
#CALL(graphic($EDDC,24,7,0,1,6))
#CALL(graphic($EDF1,24,10,1,1,6))
#CALL(graphic($EE2D,16,3,1,1,6))
#CALL(graphic($EE39,8,7,1,1,6))
#CALL(graphic($EE47,8,5,1,1,6))
#CALL(graphic($EE51,16,7,1,1,6))
#CALL(graphic($EE6D,40,10,1,1,6))
#CALL(graphic($EED1,40,10,1,1,6))
#CALL(face($EF35,6))
#CALL(graphic($F0EA,56,10,0,1,6))
#CALL(graphic($F130,40,8,0,1,6))
#CALL(graphic($F158,56,4,0,1,6))
#CALL(graphic($F174,40,8,0,1,6))
#CALL(graphic($F19C,40,3,0,1,6))
#CALL(graphic($F39A,48,12,0,1,6))
#CALL(graphic($F3E2,40,5,0,1,6))
#CALL(graphic($F3FB,32,4,0,1,6))
#CALL(graphic($F40B,24,7,0,1,6))
#CALL(graphic($F420,32,12,0,1,6))
#CALL(graphic($F502,24,21,0,1,6))
#CALL(graphic($F541,16,16,0,1,6))
#CALL(graphic($F561,16,11,1,1,6))
#CALL(graphic($F58D,16,11,1,1,6))
#CALL(graphic($F5B9,16,9,1,1,6))
#CALL(graphic($F5DD,16,9,1,1,6))
#CALL(graphic($F601,8,5,1,1,6))
#CALL(graphic($F60B,8,5,1,1,6))
#CALL(graphic($F63F,32,17,0,1,6))
#CALL(graphic($F683,24,13,0,1,6))
#CALL(graphic($F6AA,16,9,0,1,6))
#CALL(graphic($F6BC,16,7,1,1,6))
#CALL(graphic($F6D8,16,7,1,1,6))
#CALL(graphic($F780,32,8,0,1,6))
#CALL(graphic($F7A0,24,5,0,1,6))
#CALL(graphic($F7AF,24,4,0,1,6))
#CALL(graphic($F7BB,24,4,0,1,6))
#CALL(graphic($F7C7,16,4,1,1,6))
#CALL(graphic($F7D7,16,4,1,1,6))
#CALL(graphic($F7E7,16,3,1,1,6))
#CALL(graphic($F7F3,16,3,1,1,6))
#CALL(graphic($F871,32,40,0,1,6))
#CALL(graphic($F911,24,30,0,1,6))
#CALL(graphic($F96B,16,20,0,1,6))
#CALL(graphic($F993,16,16,1,1,6))
#CALL(graphic($F9D3,16,13,1,1,6))
#CALL(graphic($FA07,16,13,1,1,6))

[PageContent:Stage5Graphics]
#CALL(graphic($C000,80,24,0,1,7))
#CALL(face($C82E,7))
#CALL(graphic($C960,48,30,0,1,7))
#CALL(graphic($CA14,40,22,0,1,7))
#CALL(graphic($CA82,24,15,0,1,7))
#CALL(graphic($CAAF,24,8,1,1,7))
#CALL(graphic($CADF,24,8,1,1,7))
#CALL(graphic($CB0F,48,39,0,1,7))
#CALL(graphic($CBF9,40,29,0,1,7))
#CALL(graphic($CC8A,24,20,0,1,7))
#CALL(graphic($CCC6,16,12,1,1,7))
#CALL(graphic($CCF6,16,12,1,1,7))
#CALL(graphic($CD26,48,30,0,1,7))
#CALL(graphic($CDDA,32,20,0,1,7))
#CALL(graphic($CE2A,24,13,0,1,7))
#CALL(graphic($CE51,16,8,1,1,7))
#CALL(graphic($CE71,16,8,1,1,7))
#CALL(graphic($D073,40,8,0,1,7))
#CALL(graphic($D09B,56,8,0,1,7))
#CALL(graphic($D0D3,56,8,0,1,7))
#CALL(graphic($D10B,64,8,0,1,7))
#CALL(graphic($D14B,24,4,0,1,7))
#CALL(graphic($D1F0,56,8,0,1,7))
#CALL(graphic($D380,32,16,0,1,7))
#CALL(graphic($D3C0,32,24,0,1,7))
#CALL(graphic($D438,32,16,0,1,7))
#CALL(graphic($D478,32,24,0,1,7))
#CALL(graphic($D547,24,12,0,1,7))
#CALL(graphic($D5D5,16,8,0,1,7))
#CALL(graphic($D60E,8,4,0,1,7))
#CALL(graphic($D64A,32,17,0,1,7))
#CALL(graphic($D68E,24,13,0,1,7))
#CALL(graphic($D6B5,16,9,0,1,7))
#CALL(graphic($D6C7,16,7,1,1,7))
#CALL(graphic($D6E3,16,7,1,1,7))
#CALL(graphic($D81C,24,4,0,1,7))
#CALL(graphic($D828,24,13,0,1,7))
#CALL(graphic($D84F,8,7,0,1,7))
#CALL(graphic($D856,16,3,0,1,7))
#CALL(graphic($D85C,8,2,0,1,7))
#CALL(graphic($D93B,40,8,0,1,7))
#CALL(graphic($D963,32,6,0,1,7))
#CALL(graphic($D97B,24,4,0,1,7))
#CALL(graphic($D987,24,4,0,1,7))
#CALL(graphic($D993,24,3,1,1,7))
#CALL(graphic($D9A5,24,3,1,1,7))
#CALL(graphic($D9B7,16,2,1,1,7))
#CALL(graphic($D9C3,16,2,1,1,7))
#CALL(graphic($DA32,24,13,0,1,7))
#CALL(graphic($DA59,24,10,0,1,7))
#CALL(graphic($DA77,24,7,0,1,7))
#CALL(graphic($DA8C,24,7,0,1,7))
#CALL(graphic($DAA1,16,5,1,1,7))
#CALL(graphic($DAB5,16,5,1,1,7))
#CALL(graphic($DAC9,16,4,1,1,7))
#CALL(graphic($DAD9,16,4,1,1,7))

[PageContent:TitleGraphics]
#CALL(graphic($D462,32,28,0,0,3))
#CALL(graphic($D4D2,32,28,0,0,3))
#CALL(graphic($D542,32,28,0,0,3))
#CALL(graphic($D5B2,40,28,0,0,3))
#CALL(graphic($D63E,32,28,0,0,3))
#CALL(graphic($D6AE,32,28,0,0,3))
#CALL(graphic($D71E,40,28,0,0,3))
#CALL(graphic($D7AA,40,28,0,0,3))
#CALL(graphic($D836,24,28,0,0,3))
#CALL(graphic($D88A,24,28,0,0,3))
#CALL(graphic($D8DE,32,28,0,0,3))
#CALL(graphic($D94E,32,28,0,0,3))
#CALL(graphic($D9BE,32,28,0,0,3))
#CALL(graphic($DA2E,32,28,0,0,3))
#CALL(graphic($DA9E,32,28,0,0,3))
#CALL(graphic($DB0E,40,28,0,0,3))
#CALL(graphic($DB9A,32,28,0,0,3))
#CALL(graphic($DC0A,32,28,0,0,3))
#CALL(graphic($DC7A,32,28,0,0,3))
#CALL(graphic($DCEA,32,28,0,0,3))
#CALL(graphic($DD5A,32,32,0,0,3))
#CALL(graphic($DDDA,32,32,0,0,3))
#CALL(graphic($DE5A,32,32,0,0,3))
#CALL(graphic($DEDA,40,32,0,0,3))
#CALL(graphic($DF7A,16,8,0,0,3))
#CALL(graphic($DF8A,16,8,0,0,3))
#CALL(graphic($DF9A,16,8,0,0,3))
#CALL(graphic($DFAA,16,8,0,0,3))
#CALL(graphic($DFBA,24,26,0,0,3))

[PageContent:EndScreenGraphics]
#CALL(endshot($E4E1,7))
#CALL(endshot($E889,7))
#CALL(endshot($EC31,7))
#CALL(endshot($EFE1,7))
#CALL(graphic($F381,64,37,0,0,7))
#CALL(graphic($F4A9,64,35,0,0,7))
#CALL(graphic($F5C1,64,34,0,0,7))
#CALL(graphic($F6D1,64,32,0,0,7))

[PageContent:CommonGraphics]
#CALL(anim($76F0,16,14,1,1,3))
#CALL(graphic($7A0F,16,13,1,1))
#CALL(graphic($7A43,16,11,1,1))
#CALL(graphic($7A6F,16,9,1,1))
#CALL(graphic($7A93,8,7,1,1))
#CALL(graphic($7AA1,8,5,1,1))
#CALL(graphic($7AAB,8,3,1,1))
#CALL(graphic($7AB1,32,16,0,1))
#CALL(graphic($7AF1,32,16,0,1))
#CALL(graphic($7B31,24,8,1,1))
#CALL(graphic($7B61,24,8,1,1))
#CALL(graphic($7B91,16,5,1,1))
#CALL(graphic($7BA5,16,5,1,1))
#CALL(graphic($7BB9,16,6,1,1))
#CALL(graphic($7BD1,16,6,1,1))
#CALL(face($7BE9))
#CALL(face($7C9D))
#CALL(face($7D51))
#CALL(graphic($A27A,8,41*7,0,0))
#CALL(graphic($D03F,24,21,1,1))
#CALL(graphic($D0BD,24,7,1,1))
#CALL(graphic($D0E7,8,7,1,1))
#CALL(graphic($D0F5,24,14,1,1))
#CALL(graphic($D149,24,20,1,1))
#CALL(graphic($D1D1,16,9,1,1))
#CALL(graphic($D1F5,8,12,1,1))
#CALL(anim($D20D,32,16,1,1,4))
#CALL(graphic($DFF8,8,31*6,0,0))
